93.158.66.41 - - [17/Nov/2020:07:58:28 +0100] "GET /.git/HEAD HTTP/1.0" 301 178 "-" "-"
93.158.66.41 - - [17/Nov/2020:07:58:28 +0100] "GET /.git/HEAD HTTP/1.0" 404 3386 "-" "-"
93.158.66.41 - - [17/Nov/2020:07:58:28 +0100] "GET /.git/HEAD HTTP/1.0" 404 3386 "-" "-"
93.158.66.43 - - [17/Nov/2020:07:58:30 +0100] "GET /.git/HEAD HTTP/1.0" 404 255 "-" "-"
93.158.66.42 - - [17/Nov/2020:07:58:30 +0100] "GET /.git/HEAD HTTP/1.0" 502 166 "-" "-"
93.158.66.42 - - [17/Nov/2020:07:58:30 +0100] "GET /.git/HEAD HTTP/1.0" 502 166 "-" "-"
82.197.208.58 - - [17/Nov/2020:07:58:30 +0100] "GET /contact+ HTTP/1.1" 200 12 "-" "Python-urllib/3.7"
93.158.66.43 - - [17/Nov/2020:07:58:33 +0100] "GET /.git/HEAD HTTP/1.0" 502 166 "-" "-"
93.158.66.43 - - [17/Nov/2020:07:58:36 +0100] "GET /.git/HEAD HTTP/1.0" 502 166 "-" "-"
201.18.41.10 - - [17/Nov/2020:07:58:44 +0100] "GET / HTTP/1.1" 444 0 "-" "Mozilla/5.0 (Windows NT 6.1; WOW64) AppleWebKit/537.36 (KHTML, like Gecko) Chrome/51.0.2704.103 Safari/537.36"
82.197.208.58 - - [17/Nov/2020:07:58:45 +0100] "GET /contact+ HTTP/1.1" 200 12 "-" "Python-urllib/3.7"
93.158.66.43 - - [17/Nov/2020:07:58:45 +0100] "GET /.git/HEAD HTTP/1.0" 502 166 "-" "-"
93.158.66.42 - - [17/Nov/2020:07:58:45 +0100] "GET /.git/HEAD HTTP/1.0" 502 166 "-" "-"
93.158.66.43 - - [17/Nov/2020:07:58:48 +0100] "GET /.git/HEAD HTTP/1.0" 502 166 "-" "-"
93.158.66.42 - - [17/Nov/2020:07:58:48 +0100] "GET /.git/HEAD HTTP/1.0" 502 166 "-" "-"
93.158.66.42 - - [17/Nov/2020:07:58:56 +0100] "GET /.git/HEAD HTTP/1.0" 301 178 "-" "-"
93.158.66.42 - - [17/Nov/2020:07:58:57 +0100] "GET /.git/HEAD HTTP/1.0" 404 3386 "-" "-"
93.158.66.42 - - [17/Nov/2020:07:58:57 +0100] "GET /.git/HEAD HTTP/1.0" 404 3386 "-" "-"
93.158.66.41 - - [17/Nov/2020:07:58:59 +0100] "GET /.git/HEAD HTTP/1.0" 502 166 "-" "-"
82.197.208.58 - - [17/Nov/2020:07:59:00 +0100] "GET /contact+ HTTP/1.1" 200 12 "-" "Python-urllib/3.7"
93.119.227.19 - - [17/Nov/2020:07:59:01 +0100] "GET / HTTP/1.1" 307 147 "-" "Mozilla/5.0 (Linux; Android 7.0; SM-G930V Build/NRD90M) AppleWebKit/537.36 (KHTML, like Gecko) Chrome/59.0.3071.125 Mobile Safari/537.36"
69.4.89.106 - - [17/Nov/2020:07:59:01 +0100] "GET / HTTP/1.1" 307 147 "-" "Mozilla/5.0 (Macintosh; Intel Mac OS X 10_12_6) AppleWebKit/604.5.6 (KHTML, like Gecko) Version/11.0.3 Safari/604.5.6"
93.119.227.19 - - [17/Nov/2020:07:59:02 +0100] "GET /login/ HTTP/1.1" 200 4746 "-" "Mozilla/5.0 (Linux; Android 7.0; SM-G930V Build/NRD90M) AppleWebKit/537.36 (KHTML, like Gecko) Chrome/59.0.3071.125 Mobile Safari/537.36"
69.4.89.106 - - [17/Nov/2020:07:59:02 +0100] "GET /login/ HTTP/1.1" 200 4746 "-" "Mozilla/5.0 (Macintosh; Intel Mac OS X 10_12_6) AppleWebKit/604.5.6 (KHTML, like Gecko) Version/11.0.3 Safari/604.5.6"
18.196.96.172 - - [17/Nov/2020:07:59:02 +0100] "GET /nee HTTP/1.1" 200 87 "-" "Mozilla/5.0 (compatible; Let's Encrypt validation server; +https://www.letsencrypt.org)"
34.209.232.166 - - [17/Nov/2020:07:59:03 +0100] "GET /nee HTTP/1.1" 200 87 "-" "Mozilla/5.0 (compatible; Let's Encrypt validation server; +https://www.letsencrypt.org)"
3.128.26.105 - - [17/Nov/2020:07:59:03 +0100] "GET /nee HTTP/1.1" 200 87 "-" "Mozilla/5.0 (compatible; Let's Encrypt validation server; +https://www.letsencrypt.org)"
66.133.109.36 - - [17/Nov/2020:07:59:03 +0100] "GET /nee HTTP/1.1" 200 87 "-" "Mozilla/5.0 (compatible; Let's Encrypt validation server; +https://www.letsencrypt.org)"
93.158.66.43 - - [17/Nov/2020:07:59:05 +0100] "GET /.git/HEAD HTTP/1.0" 200 1840 "-" "-"
93.158.66.42 - - [17/Nov/2020:07:59:05 +0100] "GET /.git/config HTTP/1.0" 200 1840 "-" "-"
93.158.66.43 - - [17/Nov/2020:07:59:05 +0100] "GET /.git/HEAD HTTP/1.0" 200 1840 "-" "-"
93.158.66.43 - - [17/Nov/2020:07:59:05 +0100] "GET /.git/config HTTP/1.0" 200 1840 "-" "-"
193.32.127.154 - - [17/Nov/2020:07:59:07 +0100] "GET / HTTP/1.1" 499 0 "-" "We are no strangers to love. You know the rules and so do I. A full commitment is what Im thinking of. You wouldnt get this from any other guy.."
93.158.66.41 - - [17/Nov/2020:07:59:09 +0100] "GET /.git/HEAD HTTP/1.0" 301 178 "-" "-"
93.158.66.41 - - [17/Nov/2020:07:59:10 +0100] "GET /.git/HEAD HTTP/1.0" 302 29 "-" "-"
93.158.66.41 - - [17/Nov/2020:07:59:10 +0100] "GET /login HTTP/1.0" 200 27057 "-" "-"
93.158.66.41 - - [17/Nov/2020:07:59:10 +0100] "GET /.git/HEAD HTTP/1.0" 302 29 "-" "-"
93.158.66.41 - - [17/Nov/2020:07:59:10 +0100] "GET /login HTTP/1.0" 200 27057 "-" "-"
93.158.66.42 - - [17/Nov/2020:07:59:15 +0100] "GET /.git/HEAD HTTP/1.0" 301 178 "-" "-"
82.197.208.58 - - [17/Nov/2020:07:59:15 +0100] "GET /contact+ HTTP/1.1" 200 12 "-" "Python-urllib/3.7"
93.158.66.42 - - [17/Nov/2020:07:59:15 +0100] "GET /.git/HEAD HTTP/1.0" 302 29 "-" "-"
93.158.66.42 - - [17/Nov/2020:07:59:16 +0100] "GET /login HTTP/1.0" 200 27057 "-" "-"
93.158.66.42 - - [17/Nov/2020:07:59:16 +0100] "GET /.git/HEAD HTTP/1.0" 302 29 "-" "-"
93.158.66.42 - - [17/Nov/2020:07:59:16 +0100] "GET /login HTTP/1.0" 200 27057 "-" "-"
93.158.66.43 - - [17/Nov/2020:07:59:22 +0100] "GET /.git/HEAD HTTP/1.0" 502 166 "-" "-"
93.158.66.43 - - [17/Nov/2020:07:59:22 +0100] "GET /.git/HEAD HTTP/1.0" 502 166 "-" "-"
93.158.66.43 - - [17/Nov/2020:07:59:25 +0100] "GET /.git/HEAD HTTP/1.0" 502 166 "-" "-"
193.32.127.154 - - [17/Nov/2020:07:59:26 +0100] "GET / HTTP/1.1" 499 0 "-" "We are no strangers to love. You know the rules and so do I. A full commitment is what Im thinking of. You wouldnt get this from any other guy.."
193.32.127.154 - - [17/Nov/2020:07:59:26 +0100] "GET / HTTP/1.1" 301 178 "-" "We are no strangers to love. You know the rules and so do I. A full commitment is what Im thinking of. You wouldnt get this from any other guy.."
93.158.66.42 - - [17/Nov/2020:07:59:28 +0100] "GET /.git/HEAD HTTP/1.0" 502 166 "-" "-"
82.197.208.58 - - [17/Nov/2020:07:59:30 +0100] "GET /contact+ HTTP/1.1" 200 12 "-" "Python-urllib/3.7"
193.32.127.154 - - [17/Nov/2020:07:59:31 +0100] "GET / HTTP/1.1" 502 166 "-" "We are no strangers to love. You know the rules and so do I. A full commitment is what Im thinking of. You wouldnt get this from any other guy.."
93.158.66.42 - - [17/Nov/2020:07:59:31 +0100] "GET /.git/HEAD HTTP/1.0" 502 166 "-" "-"
193.118.53.210 - - [17/Nov/2020:07:59:33 +0100] "GET / HTTP/1.1" 444 0 "-" "Mozilla/5.0 (Windows NT 10.0; Win64; x64) AppleWebKit/537.36 (KHTML, like Gecko) Chrome/60.0.3112.113 Safari/537.36"
93.158.66.41 - - [17/Nov/2020:07:59:36 +0100] "GET /.git/HEAD HTTP/1.0" 502 166 "-" "-"
93.158.66.43 - - [17/Nov/2020:07:59:36 +0100] "GET /.git/HEAD HTTP/1.0" 502 166 "-" "-"
93.158.66.42 - - [17/Nov/2020:07:59:36 +0100] "GET /.git/HEAD HTTP/1.0" 502 166 "-" "-"
93.158.66.41 - - [17/Nov/2020:07:59:37 +0100] "GET /.git/HEAD HTTP/1.0" 200 1840 "-" "-"
93.158.66.40 - - [17/Nov/2020:07:59:37 +0100] "GET /.git/config HTTP/1.0" 200 1840 "-" "-"
93.158.66.41 - - [17/Nov/2020:07:59:37 +0100] "GET /.git/HEAD HTTP/1.0" 200 1840 "-" "-"
93.158.66.40 - - [17/Nov/2020:07:59:38 +0100] "GET /.git/config HTTP/1.0" 200 1840 "-" "-"
93.158.66.41 - - [17/Nov/2020:07:59:40 +0100] "GET /.git/HEAD HTTP/1.0" 502 166 "-" "-"
93.158.66.43 - - [17/Nov/2020:07:59:40 +0100] "GET /.git/HEAD HTTP/1.0" 502 166 "-" "-"
93.158.66.41 - - [17/Nov/2020:07:59:43 +0100] "GET /.git/HEAD HTTP/1.0" 502 166 "-" "-"
93.158.66.43 - - [17/Nov/2020:07:59:43 +0100] "GET /.git/HEAD HTTP/1.0" 502 166 "-" "-"
93.158.66.43 - - [17/Nov/2020:07:59:44 +0100] "GET /.git/HEAD HTTP/1.0" 404 17843 "-" "-"
93.158.66.42 - - [17/Nov/2020:07:59:44 +0100] "GET /.git/HEAD HTTP/1.0" 502 166 "-" "-"
93.158.66.43 - - [17/Nov/2020:07:59:44 +0100] "GET /.git/HEAD HTTP/1.0" 404 17891 "-" "-"
82.197.208.58 - - [17/Nov/2020:07:59:46 +0100] "GET /contact+ HTTP/1.1" 200 12 "-" "Python-urllib/3.7"
93.158.66.43 - - [17/Nov/2020:07:59:46 +0100] "GET /.git/HEAD HTTP/1.0" 200 1840 "-" "-"
93.158.66.41 - - [17/Nov/2020:07:59:46 +0100] "GET /.git/config HTTP/1.0" 200 1840 "-" "-"
93.158.66.43 - - [17/Nov/2020:07:59:46 +0100] "GET /.git/HEAD HTTP/1.0" 200 1840 "-" "-"
93.158.66.41 - - [17/Nov/2020:07:59:47 +0100] "GET /.git/config HTTP/1.0" 200 1840 "-" "-"
93.158.66.42 - - [17/Nov/2020:07:59:48 +0100] "GET /.git/HEAD HTTP/1.0" 502 166 "-" "-"
93.158.66.42 - - [17/Nov/2020:07:59:51 +0100] "GET /.git/HEAD HTTP/1.0" 502 166 "-" "-"
193.32.127.154 - - [17/Nov/2020:07:59:52 +0100] "GET / HTTP/1.1" 499 0 "-" "We are no strangers to love. You know the rules and so do I. A full commitment is what Im thinking of. You wouldnt get this from any other guy.."
93.158.66.43 - - [17/Nov/2020:07:59:53 +0100] "GET /.git/HEAD HTTP/1.0" 502 166 "-" "-"
93.158.66.42 - - [17/Nov/2020:07:59:53 +0100] "GET /.git/HEAD HTTP/1.0" 502 166 "-" "-"
193.32.127.154 - - [17/Nov/2020:07:59:53 +0100] "GET / HTTP/1.1" 502 166 "-" "We are no strangers to love. You know the rules and so do I. A full commitment is what Im thinking of. You wouldnt get this from any other guy.."
93.158.66.42 - - [17/Nov/2020:07:59:56 +0100] "GET /.git/HEAD HTTP/1.0" 502 166 "-" "-"
93.158.66.41 - - [17/Nov/2020:07:59:56 +0100] "GET /.git/HEAD HTTP/1.0" 502 166 "-" "-"
93.158.66.43 - - [17/Nov/2020:07:59:56 +0100] "GET /.git/HEAD HTTP/1.0" 502 166 "-" "-"
93.158.66.43 - - [17/Nov/2020:07:59:56 +0100] "GET /.git/HEAD HTTP/1.0" 502 166 "-" "-"
93.158.66.42 - - [17/Nov/2020:07:59:59 +0100] "GET /.git/HEAD HTTP/1.0" 301 178 "-" "-"
93.158.66.42 - - [17/Nov/2020:07:59:59 +0100] "GET /.git/HEAD HTTP/1.0" 302 29 "-" "-"
93.158.66.42 - - [17/Nov/2020:07:59:59 +0100] "GET /.git/HEAD HTTP/1.0" 301 178 "-" "-"
93.158.66.42 - - [17/Nov/2020:07:59:59 +0100] "GET /login HTTP/1.0" 200 27057 "-" "-"
93.158.66.42 - - [17/Nov/2020:08:00:00 +0100] "GET /.git/HEAD HTTP/1.0" 302 29 "-" "-"
93.158.66.42 - - [17/Nov/2020:08:00:00 +0100] "GET /.git/HEAD HTTP/1.0" 502 166 "-" "-"
93.158.66.42 - - [17/Nov/2020:08:00:00 +0100] "GET /login HTTP/1.0" 200 27057 "-" "-"
93.158.66.43 - - [17/Nov/2020:08:00:00 +0100] "GET /.git/HEAD HTTP/1.0" 200 1840 "-" "-"
93.158.66.43 - - [17/Nov/2020:08:00:00 +0100] "GET /.git/config HTTP/1.0" 200 1840 "-" "-"
93.158.66.43 - - [17/Nov/2020:08:00:00 +0100] "GET /.git/HEAD HTTP/1.0" 200 1840 "-" "-"
93.158.66.42 - - [17/Nov/2020:08:00:00 +0100] "GET /.git/config HTTP/1.0" 200 1840 "-" "-"
93.158.66.42 - - [17/Nov/2020:08:00:00 +0100] "GET /.git/HEAD HTTP/1.0" 502 166 "-" "-"
82.197.208.58 - - [17/Nov/2020:08:00:01 +0100] "GET /contact+ HTTP/1.1" 200 12 "-" "Python-urllib/3.7"
193.32.127.154 - - [17/Nov/2020:08:00:03 +0100] "GET / HTTP/1.1" 502 166 "-" "We are no strangers to love. You know the rules and so do I. A full commitment is what Im thinking of. You wouldnt get this from any other guy.."
93.158.66.43 - - [17/Nov/2020:08:00:05 +0100] "GET /.git/HEAD HTTP/1.0" 301 178 "-" "-"
93.158.66.43 - - [17/Nov/2020:08:00:05 +0100] "GET /.git/HEAD HTTP/1.0" 301 178 "-" "-"
93.158.66.43 - - [17/Nov/2020:08:00:05 +0100] "GET /.git/HEAD HTTP/1.0" 502 166 "-" "-"
93.158.66.43 - - [17/Nov/2020:08:00:05 +0100] "GET /.git/HEAD HTTP/1.0" 302 29 "-" "-"
82.112.184.223 - - [17/Nov/2020:08:00:05 +0100] "GET / HTTP/1.1" 502 568 "-" "Mozilla/5.0 (Windows NT 10.0; Win64; x64) AppleWebKit/537.36 (KHTML, like Gecko) Chrome/70.0.3538.77 Safari/537.36"
93.158.66.43 - - [17/Nov/2020:08:00:05 +0100] "GET /.git/HEAD HTTP/1.0" 502 166 "-" "-"
93.158.66.41 - - [17/Nov/2020:08:00:05 +0100] "GET /.git/HEAD HTTP/1.0" 404 255 "-" "-"
93.158.66.43 - - [17/Nov/2020:08:00:05 +0100] "GET /login HTTP/1.0" 200 27057 "-" "-"
93.158.66.43 - - [17/Nov/2020:08:00:05 +0100] "GET /.git/HEAD HTTP/1.0" 302 29 "-" "-"
93.158.66.43 - - [17/Nov/2020:08:00:06 +0100] "GET /login HTTP/1.0" 200 27057 "-" "-"
193.32.127.154 - - [17/Nov/2020:08:00:06 +0100] "GET / HTTP/1.1" 499 0 "-" "We are no strangers to love. You know the rules and so do I. A full commitment is what Im thinking of. You wouldnt get this from any other guy.."
193.32.127.154 - - [17/Nov/2020:08:00:06 +0100] "GET / HTTP/1.1" 499 0 "-" "We are no strangers to love. You know the rules and so do I. A full commitment is what Im thinking of. You wouldnt get this from any other guy.."
93.158.66.41 - - [17/Nov/2020:08:00:07 +0100] "GET /.git/HEAD HTTP/1.0" 502 166 "-" "-"
193.32.127.154 - - [17/Nov/2020:08:00:07 +0100] "GET / HTTP/1.1" 200 1967 "-" "We are no strangers to love. You know the rules and so do I. A full commitment is what Im thinking of. You wouldnt get this from any other guy.."
193.32.127.154 - - [17/Nov/2020:08:00:09 +0100] "GET / HTTP/1.1" 502 166 "-" "We are no strangers to love. You know the rules and so do I. A full commitment is what Im thinking of. You wouldnt get this from any other guy.."
93.158.66.42 - - [17/Nov/2020:08:00:12 +0100] "GET /.git/HEAD HTTP/1.0" 301 178 "-" "-"
93.158.66.43 - - [17/Nov/2020:08:00:12 +0100] "GET /.git/HEAD HTTP/1.0" 301 178 "-" "-"
93.158.66.43 - - [17/Nov/2020:08:00:12 +0100] "GET /.git/HEAD HTTP/1.0" 404 17843 "-" "-"
93.158.66.43 - - [17/Nov/2020:08:00:13 +0100] "GET /.git/HEAD HTTP/1.0" 404 17891 "-" "-"
93.158.66.43 - - [17/Nov/2020:08:00:13 +0100] "GET /.git/HEAD HTTP/1.0" 404 6549 "-" "-"
93.158.66.42 - - [17/Nov/2020:08:00:13 +0100] "GET /.git/HEAD HTTP/1.0" 404 6549 "-" "-"
93.158.66.42 - - [17/Nov/2020:08:00:13 +0100] "GET /.git/HEAD HTTP/1.0" 404 6549 "-" "-"
93.158.66.43 - - [17/Nov/2020:08:00:13 +0100] "GET /.git/HEAD HTTP/1.0" 404 6549 "-" "-"
93.158.66.43 - - [17/Nov/2020:08:00:14 +0100] "GET /.git/HEAD HTTP/1.0" 301 178 "-" "-"
82.197.208.58 - - [17/Nov/2020:08:00:16 +0100] "GET /contact+ HTTP/1.1" 200 12 "-" "Python-urllib/3.7"
93.158.66.42 - - [17/Nov/2020:08:00:19 +0100] "GET /.git/HEAD HTTP/1.0" 301 178 "-" "-"
93.158.66.42 - - [17/Nov/2020:08:00:19 +0100] "GET /.git/HEAD HTTP/1.0" 404 293 "-" "-"
93.158.66.42 - - [17/Nov/2020:08:00:19 +0100] "GET /.git/HEAD HTTP/1.0" 404 293 "-" "-"
93.158.66.43 - - [17/Nov/2020:08:00:19 +0100] "GET /.git/HEAD HTTP/1.0" 404 293 "-" "-"
93.158.66.43 - - [17/Nov/2020:08:00:19 +0100] "GET /.git/HEAD HTTP/1.0" 404 293 "-" "-"
93.158.66.43 - - [17/Nov/2020:08:00:29 +0100] "GET /.git/HEAD HTTP/1.0" 301 0 "-" "-"
93.158.66.43 - - [17/Nov/2020:08:00:29 +0100] "GET /.git/HEAD HTTP/1.0" 404 17843 "-" "-"
93.158.66.43 - - [17/Nov/2020:08:00:29 +0100] "GET /.git/HEAD HTTP/1.0" 301 0 "-" "-"
93.158.66.43 - - [17/Nov/2020:08:00:30 +0100] "GET /.git/HEAD HTTP/1.0" 404 17891 "-" "-"
82.197.208.58 - - [17/Nov/2020:08:00:31 +0100] "GET /contact+ HTTP/1.1" 200 12 "-" "Python-urllib/3.7"
93.158.66.43 - - [17/Nov/2020:08:00:37 +0100] "GET /.git/HEAD HTTP/1.0" 404 17843 "-" "-"
93.158.66.43 - - [17/Nov/2020:08:00:37 +0100] "GET /.git/HEAD HTTP/1.0" 404 17891 "-" "-"
82.197.208.58 - - [17/Nov/2020:08:00:46 +0100] "GET /contact+ HTTP/1.1" 200 12 "-" "Python-urllib/3.7"
193.32.127.154 - - [17/Nov/2020:08:00:55 +0100] "GET / HTTP/1.1" 499 0 "-" "We are no strangers to love. You know the rules and so do I. A full commitment is what Im thinking of. You wouldnt get this from any other guy.."
193.32.127.154 - - [17/Nov/2020:08:00:58 +0100] "GET / HTTP/1.1" 502 166 "-" "We are no strangers to love. You know the rules and so do I. A full commitment is what Im thinking of. You wouldnt get this from any other guy.."
82.197.208.58 - - [17/Nov/2020:08:01:01 +0100] "GET /contact+ HTTP/1.1" 200 12 "-" "Python-urllib/3.7"
193.32.127.154 - - [17/Nov/2020:08:01:03 +0100] "GET / HTTP/1.1" 200 757 "-" "We are no strangers to love. You know the rules and so do I. A full commitment is what Im thinking of. You wouldnt get this from any other guy.."
93.158.66.43 - - [17/Nov/2020:08:01:08 +0100] "GET /.git/HEAD HTTP/1.0" 502 166 "-" "-"
193.32.127.154 - - [17/Nov/2020:08:01:12 +0100] "GET / HTTP/1.1" 499 0 "-" "We are no strangers to love. You know the rules and so do I. A full commitment is what Im thinking of. You wouldnt get this from any other guy.."
193.32.127.154 - - [17/Nov/2020:08:01:16 +0100] "GET / HTTP/1.1" 502 166 "-" "We are no strangers to love. You know the rules and so do I. A full commitment is what Im thinking of. You wouldnt get this from any other guy.."
82.197.208.58 - - [17/Nov/2020:08:01:16 +0100] "GET /contact+ HTTP/1.1" 200 12 "-" "Python-urllib/3.7"
193.32.127.154 - - [17/Nov/2020:08:01:17 +0100] "GET / HTTP/1.1" 499 0 "-" "We are no strangers to love. You know the rules and so do I. A full commitment is what Im thinking of. You wouldnt get this from any other guy.."
193.32.127.154 - - [17/Nov/2020:08:01:20 +0100] "GET / HTTP/1.1" 200 5296 "-" "We are no strangers to love. You know the rules and so do I. A full commitment is what Im thinking of. You wouldnt get this from any other guy.."
193.32.127.154 - - [17/Nov/2020:08:01:20 +0100] "GET / HTTP/1.1" 502 166 "-" "We are no strangers to love. You know the rules and so do I. A full commitment is what Im thinking of. You wouldnt get this from any other guy.."
193.32.127.154 - - [17/Nov/2020:08:01:31 +0100] "GET / HTTP/1.1" 200 757 "-" "We are no strangers to love. You know the rules and so do I. A full commitment is what Im thinking of. You wouldnt get this from any other guy.."
82.197.208.58 - - [17/Nov/2020:08:01:32 +0100] "GET /contact+ HTTP/1.1" 200 12 "-" "Python-urllib/3.7"
193.32.127.154 - - [17/Nov/2020:08:01:34 +0100] "GET / HTTP/1.1" 502 166 "-" "We are no strangers to love. You know the rules and so do I. A full commitment is what Im thinking of. You wouldnt get this from any other guy.."
193.32.127.154 - - [17/Nov/2020:08:01:37 +0100] "GET / HTTP/1.1" 502 166 "-" "We are no strangers to love. You know the rules and so do I. A full commitment is what Im thinking of. You wouldnt get this from any other guy.."
193.32.127.154 - - [17/Nov/2020:08:01:46 +0100] "GET / HTTP/1.1" 499 0 "-" "We are no strangers to love. You know the rules and so do I. A full commitment is what Im thinking of. You wouldnt get this from any other guy.."
82.197.208.58 - - [17/Nov/2020:08:01:47 +0100] "GET /contact+ HTTP/1.1" 200 12 "-" "Python-urllib/3.7"
193.32.127.154 - - [17/Nov/2020:08:01:49 +0100] "GET / HTTP/1.1" 502 166 "-" "We are no strangers to love. You know the rules and so do I. A full commitment is what Im thinking of. You wouldnt get this from any other guy.."
193.32.127.154 - - [17/Nov/2020:08:01:53 +0100] "GET / HTTP/1.1" 499 0 "-" "We are no strangers to love. You know the rules and so do I. A full commitment is what Im thinking of. You wouldnt get this from any other guy.."
193.32.127.154 - - [17/Nov/2020:08:01:56 +0100] "GET / HTTP/1.1" 502 166 "-" "We are no strangers to love. You know the rules and so do I. A full commitment is what Im thinking of. You wouldnt get this from any other guy.."
193.32.127.154 - - [17/Nov/2020:08:02:00 +0100] "GET / HTTP/1.1" 499 0 "-" "We are no strangers to love. You know the rules and so do I. A full commitment is what Im thinking of. You wouldnt get this from any other guy.."
193.32.127.154 - - [17/Nov/2020:08:02:01 +0100] "GET / HTTP/1.1" 499 0 "-" "We are no strangers to love. You know the rules and so do I. A full commitment is what Im thinking of. You wouldnt get this from any other guy.."
82.197.208.58 - - [17/Nov/2020:08:02:02 +0100] "GET /contact+ HTTP/1.1" 200 12 "-" "Python-urllib/3.7"
193.32.127.154 - - [17/Nov/2020:08:02:03 +0100] "GET / HTTP/1.1" 502 166 "-" "We are no strangers to love. You know the rules and so do I. A full commitment is what Im thinking of. You wouldnt get this from any other guy.."
193.32.127.154 - - [17/Nov/2020:08:02:03 +0100] "GET / HTTP/1.1" 502 166 "-" "We are no strangers to love. You know the rules and so do I. A full commitment is what Im thinking of. You wouldnt get this from any other guy.."
193.32.127.154 - - [17/Nov/2020:08:02:05 +0100] "GET / HTTP/1.1" 302 57 "-" "We are no strangers to love. You know the rules and so do I. A full commitment is what Im thinking of. You wouldnt get this from any other guy.."
193.32.127.154 - - [17/Nov/2020:08:02:07 +0100] "GET / HTTP/1.1" 502 166 "-" "We are no strangers to love. You know the rules and so do I. A full commitment is what Im thinking of. You wouldnt get this from any other guy.."
193.32.127.154 - - [17/Nov/2020:08:02:09 +0100] "GET / HTTP/1.1" 200 757 "-" "We are no strangers to love. You know the rules and so do I. A full commitment is what Im thinking of. You wouldnt get this from any other guy.."
82.197.208.58 - - [17/Nov/2020:08:02:17 +0100] "GET /contact+ HTTP/1.1" 200 12 "-" "Python-urllib/3.7"
193.32.127.154 - - [17/Nov/2020:08:02:25 +0100] "GET / HTTP/1.1" 499 0 "-" "We are no strangers to love. You know the rules and so do I. A full commitment is what Im thinking of. You wouldnt get this from any other guy.."
193.32.127.154 - - [17/Nov/2020:08:02:25 +0100] "GET / HTTP/1.1" 302 57 "-" "We are no strangers to love. You know the rules and so do I. A full commitment is what Im thinking of. You wouldnt get this from any other guy.."
193.32.127.154 - - [17/Nov/2020:08:02:26 +0100] "GET / HTTP/1.1" 502 166 "-" "We are no strangers to love. You know the rules and so do I. A full commitment is what Im thinking of. You wouldnt get this from any other guy.."
193.32.127.154 - - [17/Nov/2020:08:02:28 +0100] "GET / HTTP/1.1" 502 166 "-" "We are no strangers to love. You know the rules and so do I. A full commitment is what Im thinking of. You wouldnt get this from any other guy.."
193.32.127.154 - - [17/Nov/2020:08:02:30 +0100] "GET / HTTP/1.1" 499 0 "-" "We are no strangers to love. You know the rules and so do I. A full commitment is what Im thinking of. You wouldnt get this from any other guy.."
82.197.208.58 - - [17/Nov/2020:08:02:31 +0100] "POST /wp-cron.php HTTP/1.1" 499 0 "http://jongerenpanel.frl/wp-cron.php" "WordPress/5.5.3; https://jongerenpanel.frl"
193.32.127.154 - - [17/Nov/2020:08:02:31 +0100] "GET / HTTP/1.1" 301 0 "-" "We are no strangers to love. You know the rules and so do I. A full commitment is what Im thinking of. You wouldnt get this from any other guy.."
82.197.208.58 - - [17/Nov/2020:08:02:32 +0100] "GET /contact+ HTTP/1.1" 200 12 "-" "Python-urllib/3.7"
192.0.102.40 - - [17/Nov/2020:08:02:38 +0100] "HEAD / HTTP/1.1" 200 0 "-" "jetmon/1.0 (Jetpack Site Uptime Monitor by WordPress.com)"
82.197.208.58 - - [17/Nov/2020:08:02:47 +0100] "GET /contact+ HTTP/1.1" 200 12 "-" "Python-urllib/3.7"
193.32.127.154 - - [17/Nov/2020:08:02:54 +0100] "GET / HTTP/1.1" 302 0 "-" "We are no strangers to love. You know the rules and so do I. A full commitment is what Im thinking of. You wouldnt get this from any other guy.."
193.32.127.154 - - [17/Nov/2020:08:02:55 +0100] "GET / HTTP/1.1" 200 5296 "-" "We are no strangers to love. You know the rules and so do I. A full commitment is what Im thinking of. You wouldnt get this from any other guy.."
82.197.208.58 - - [17/Nov/2020:08:03:02 +0100] "GET /contact+ HTTP/1.1" 200 12 "-" "Python-urllib/3.7"
193.32.127.154 - - [17/Nov/2020:08:03:04 +0100] "GET / HTTP/1.1" 499 0 "-" "We are no strangers to love. You know the rules and so do I. A full commitment is what Im thinking of. You wouldnt get this from any other guy.."
193.32.127.154 - - [17/Nov/2020:08:03:17 +0100] "GET / HTTP/1.1" 499 0 "-" "We are no strangers to love. You know the rules and so do I. A full commitment is what Im thinking of. You wouldnt get this from any other guy.."
82.197.208.58 - - [17/Nov/2020:08:03:17 +0100] "GET /contact+ HTTP/1.1" 200 12 "-" "Python-urllib/3.7"
193.32.127.154 - - [17/Nov/2020:08:03:17 +0100] "GET / HTTP/1.1" 301 178 "-" "We are no strangers to love. You know the rules and so do I. A full commitment is what Im thinking of. You wouldnt get this from any other guy.."
193.32.127.154 - - [17/Nov/2020:08:03:21 +0100] "GET / HTTP/1.1" 502 166 "-" "We are no strangers to love. You know the rules and so do I. A full commitment is what Im thinking of. You wouldnt get this from any other guy.."
193.32.127.154 - - [17/Nov/2020:08:03:29 +0100] "GET / HTTP/1.1" 301 0 "-" "We are no strangers to love. You know the rules and so do I. A full commitment is what Im thinking of. You wouldnt get this from any other guy.."
82.197.208.58 - - [17/Nov/2020:08:03:32 +0100] "GET /contact+ HTTP/1.1" 200 12 "-" "Python-urllib/3.7"
193.32.127.154 - - [17/Nov/2020:08:03:41 +0100] "GET / HTTP/1.1" 301 0 "-" "We are no strangers to love. You know the rules and so do I. A full commitment is what Im thinking of. You wouldnt get this from any other guy.."
82.197.208.58 - - [17/Nov/2020:08:03:48 +0100] "GET /contact+ HTTP/1.1" 200 12 "-" "Python-urllib/3.7"
193.32.127.154 - - [17/Nov/2020:08:03:59 +0100] "GET / HTTP/1.1" 502 166 "-" "We are no strangers to love. You know the rules and so do I. A full commitment is what Im thinking of. You wouldnt get this from any other guy.."
82.197.208.58 - - [17/Nov/2020:08:04:03 +0100] "GET /contact+ HTTP/1.1" 200 12 "-" "Python-urllib/3.7"
82.197.208.58 - - [17/Nov/2020:08:04:18 +0100] "GET /contact+ HTTP/1.1" 200 12 "-" "Python-urllib/3.7"
69.4.87.74 - - [17/Nov/2020:08:04:19 +0100] "GET / HTTP/1.1" 307 147 "-" "Mozilla/5.0 (Macintosh; Intel Mac OS X 10.13; rv:58.0) Gecko/20100101 Firefox/58.0"
69.4.87.74 - - [17/Nov/2020:08:04:19 +0100] "GET /login/ HTTP/1.1" 200 4740 "-" "Mozilla/5.0 (Macintosh; Intel Mac OS X 10.13; rv:58.0) Gecko/20100101 Firefox/58.0"
82.197.208.58 - - [17/Nov/2020:08:04:33 +0100] "GET /contact+ HTTP/1.1" 200 12 "-" "Python-urllib/3.7"
82.197.208.58 - - [17/Nov/2020:08:04:48 +0100] "GET /contact+ HTTP/1.1" 200 12 "-" "Python-urllib/3.7"
82.197.208.58 - - [17/Nov/2020:08:05:03 +0100] "GET /contact+ HTTP/1.1" 200 12 "-" "Python-urllib/3.7"
82.197.208.58 - - [17/Nov/2020:08:05:18 +0100] "GET /contact+ HTTP/1.1" 200 12 "-" "Python-urllib/3.7"
82.197.208.58 - - [17/Nov/2020:08:05:34 +0100] "GET /contact+ HTTP/1.1" 200 12 "-" "Python-urllib/3.7"
82.197.208.58 - - [17/Nov/2020:08:05:49 +0100] "GET /contact+ HTTP/1.1" 200 12 "-" "Python-urllib/3.7"
82.197.208.58 - - [17/Nov/2020:08:06:04 +0100] "GET /contact+ HTTP/1.1" 200 12 "-" "Python-urllib/3.7"
82.197.208.58 - - [17/Nov/2020:08:06:19 +0100] "GET /contact+ HTTP/1.1" 200 12 "-" "Python-urllib/3.7"
82.197.208.58 - - [17/Nov/2020:08:06:34 +0100] "GET /contact+ HTTP/1.1" 200 12 "-" "Python-urllib/3.7"
82.197.208.58 - - [17/Nov/2020:08:06:49 +0100] "GET /contact+ HTTP/1.1" 200 12 "-" "Python-urllib/3.7"
93.119.227.91 - - [17/Nov/2020:08:06:55 +0100] "GET / HTTP/1.1" 307 147 "-" "Mozilla/5.0 (Windows NT 6.1; Win64; x64) AppleWebKit/537.36 (KHTML, like Gecko) Chrome/64.0.3282.186 Safari/537.36"
93.119.227.91 - - [17/Nov/2020:08:06:56 +0100] "GET /login/ HTTP/1.1" 200 4746 "-" "Mozilla/5.0 (Windows NT 6.1; Win64; x64) AppleWebKit/537.36 (KHTML, like Gecko) Chrome/64.0.3282.186 Safari/537.36"
82.197.208.58 - - [17/Nov/2020:08:07:04 +0100] "GET /contact+ HTTP/1.1" 200 12 "-" "Python-urllib/3.7"
82.197.208.58 - - [17/Nov/2020:08:07:20 +0100] "GET /contact+ HTTP/1.1" 200 12 "-" "Python-urllib/3.7"
82.197.208.58 - - [17/Nov/2020:08:07:35 +0100] "GET /contact+ HTTP/1.1" 200 12 "-" "Python-urllib/3.7"
82.197.208.58 - - [17/Nov/2020:08:07:50 +0100] "GET /contact+ HTTP/1.1" 200 12 "-" "Python-urllib/3.7"
82.197.208.58 - - [17/Nov/2020:08:08:05 +0100] "GET /contact+ HTTP/1.1" 200 12 "-" "Python-urllib/3.7"
82.197.208.58 - - [17/Nov/2020:08:08:21 +0100] "GET /contact+ HTTP/1.1" 200 12 "-" "Python-urllib/3.7"
82.197.208.58 - - [17/Nov/2020:08:08:36 +0100] "GET /contact+ HTTP/1.1" 200 12 "-" "Python-urllib/3.7"
82.197.208.58 - - [17/Nov/2020:08:08:51 +0100] "GET /contact+ HTTP/1.1" 200 12 "-" "Python-urllib/3.7"
82.197.208.58 - - [17/Nov/2020:08:09:06 +0100] "GET /contact+ HTTP/1.1" 200 12 "-" "Python-urllib/3.7"
82.197.208.58 - - [17/Nov/2020:08:09:21 +0100] "GET /contact+ HTTP/1.1" 200 12 "-" "Python-urllib/3.7"
82.197.208.58 - - [17/Nov/2020:08:09:36 +0100] "GET /contact+ HTTP/1.1" 200 12 "-" "Python-urllib/3.7"
82.197.208.58 - - [17/Nov/2020:08:09:51 +0100] "GET /contact+ HTTP/1.1" 200 12 "-" "Python-urllib/3.7"
82.197.208.58 - - [17/Nov/2020:08:10:07 +0100] "GET /contact+ HTTP/1.1" 200 12 "-" "Python-urllib/3.7"
82.197.208.58 - - [17/Nov/2020:08:10:22 +0100] "GET /contact+ HTTP/1.1" 200 12 "-" "Python-urllib/3.7"
82.197.208.58 - - [17/Nov/2020:08:10:37 +0100] "GET /contact+ HTTP/1.1" 200 12 "-" "Python-urllib/3.7"
192.0.102.40 - - [17/Nov/2020:08:10:37 +0100] "HEAD / HTTP/1.1" 200 0 "-" "jetmon/1.0 (Jetpack Site Uptime Monitor by WordPress.com)"
82.197.208.58 - - [17/Nov/2020:08:10:52 +0100] "GET /contact+ HTTP/1.1" 200 12 "-" "Python-urllib/3.7"
82.197.208.58 - - [17/Nov/2020:08:11:07 +0100] "GET /contact+ HTTP/1.1" 200 12 "-" "Python-urllib/3.7"
82.197.208.58 - - [17/Nov/2020:08:11:22 +0100] "GET /contact+ HTTP/1.1" 200 12 "-" "Python-urllib/3.7"
82.197.208.58 - - [17/Nov/2020:08:11:37 +0100] "GET /contact+ HTTP/1.1" 200 12 "-" "Python-urllib/3.7"
82.197.208.58 - - [17/Nov/2020:08:11:52 +0100] "GET /contact+ HTTP/1.1" 200 12 "-" "Python-urllib/3.7"
82.197.208.58 - - [17/Nov/2020:08:12:08 +0100] "GET /contact+ HTTP/1.1" 200 12 "-" "Python-urllib/3.7"
82.197.208.58 - - [17/Nov/2020:08:12:23 +0100] "GET /contact+ HTTP/1.1" 200 12 "-" "Python-urllib/3.7"
82.197.208.58 - - [17/Nov/2020:08:12:38 +0100] "GET /contact+ HTTP/1.1" 200 12 "-" "Python-urllib/3.7"
82.197.208.58 - - [17/Nov/2020:08:12:53 +0100] "GET /contact+ HTTP/1.1" 200 12 "-" "Python-urllib/3.7"
82.197.208.58 - - [17/Nov/2020:08:13:08 +0100] "GET /contact+ HTTP/1.1" 200 12 "-" "Python-urllib/3.7"
82.197.208.58 - - [17/Nov/2020:08:13:23 +0100] "GET /contact+ HTTP/1.1" 200 12 "-" "Python-urllib/3.7"
82.197.208.58 - - [17/Nov/2020:08:13:38 +0100] "GET /contact+ HTTP/1.1" 200 12 "-" "Python-urllib/3.7"
82.197.208.58 - - [17/Nov/2020:08:13:54 +0100] "GET /contact+ HTTP/1.1" 200 12 "-" "Python-urllib/3.7"
82.197.208.58 - - [17/Nov/2020:08:14:09 +0100] "GET /contact+ HTTP/1.1" 200 12 "-" "Python-urllib/3.7"
82.197.208.58 - - [17/Nov/2020:08:14:24 +0100] "GET /contact+ HTTP/1.1" 200 12 "-" "Python-urllib/3.7"
82.197.208.58 - - [17/Nov/2020:08:14:39 +0100] "GET /contact+ HTTP/1.1" 200 12 "-" "Python-urllib/3.7"
82.197.208.58 - - [17/Nov/2020:08:14:54 +0100] "GET /contact+ HTTP/1.1" 200 12 "-" "Python-urllib/3.7"
82.197.208.58 - - [17/Nov/2020:08:15:09 +0100] "GET /contact+ HTTP/1.1" 200 12 "-" "Python-urllib/3.7"
82.197.208.58 - - [17/Nov/2020:08:15:24 +0100] "GET /contact+ HTTP/1.1" 200 12 "-" "Python-urllib/3.7"
82.197.208.58 - - [17/Nov/2020:08:15:39 +0100] "GET /contact+ HTTP/1.1" 200 12 "-" "Python-urllib/3.7"
82.197.208.58 - - [17/Nov/2020:08:15:55 +0100] "GET /contact+ HTTP/1.1" 200 12 "-" "Python-urllib/3.7"
93.158.66.43 - - [17/Nov/2020:08:16:08 +0100] "GET /.git/HEAD HTTP/1.0" 200 1840 "-" "-"
93.158.66.41 - - [17/Nov/2020:08:16:08 +0100] "GET /.git/HEAD HTTP/1.0" 502 166 "-" "-"
93.158.66.42 - - [17/Nov/2020:08:16:08 +0100] "GET /.git/config HTTP/1.0" 200 1840 "-" "-"
93.158.66.43 - - [17/Nov/2020:08:16:08 +0100] "GET /.git/HEAD HTTP/1.0" 200 1840 "-" "-"
93.158.66.40 - - [17/Nov/2020:08:16:08 +0100] "GET /.git/config HTTP/1.0" 200 1840 "-" "-"
93.158.66.41 - - [17/Nov/2020:08:16:09 +0100] "GET /.git/HEAD HTTP/1.0" 301 178 "-" "-"
93.158.66.41 - - [17/Nov/2020:08:16:10 +0100] "GET /.git/HEAD HTTP/1.0" 401 204 "-" "-"
82.197.208.58 - - [17/Nov/2020:08:16:10 +0100] "GET /contact+ HTTP/1.1" 200 12 "-" "Python-urllib/3.7"
93.158.66.41 - - [17/Nov/2020:08:16:10 +0100] "GET /.git/HEAD HTTP/1.0" 401 204 "-" "-"
93.158.66.42 - - [17/Nov/2020:08:16:11 +0100] "GET /.git/HEAD HTTP/1.0" 502 166 "-" "-"
93.158.66.43 - - [17/Nov/2020:08:16:13 +0100] "GET /.git/HEAD HTTP/1.0" 502 166 "-" "-"
82.197.208.58 - - [17/Nov/2020:08:16:25 +0100] "GET /contact+ HTTP/1.1" 200 12 "-" "Python-urllib/3.7"
82.197.208.58 - - [17/Nov/2020:08:16:40 +0100] "GET /contact+ HTTP/1.1" 200 12 "-" "Python-urllib/3.7"
82.197.208.58 - - [17/Nov/2020:08:16:55 +0100] "GET /contact+ HTTP/1.1" 200 12 "-" "Python-urllib/3.7"
82.197.208.58 - - [17/Nov/2020:08:17:10 +0100] "GET /contact+ HTTP/1.1" 200 12 "-" "Python-urllib/3.7"
82.197.208.58 - - [17/Nov/2020:08:17:25 +0100] "GET /contact+ HTTP/1.1" 200 12 "-" "Python-urllib/3.7"
82.197.208.58 - - [17/Nov/2020:08:17:40 +0100] "GET /contact+ HTTP/1.1" 200 12 "-" "Python-urllib/3.7"
83.97.20.29 - - [17/Nov/2020:08:17:43 +0100] "GET / HTTP/1.0" 444 0 "-" "-"
82.197.208.58 - - [17/Nov/2020:08:17:55 +0100] "GET /contact+ HTTP/1.1" 200 12 "-" "Python-urllib/3.7"
82.197.208.58 - - [17/Nov/2020:08:18:10 +0100] "GET /contact+ HTTP/1.1" 200 12 "-" "Python-urllib/3.7"
82.197.208.58 - - [17/Nov/2020:08:18:26 +0100] "GET /contact+ HTTP/1.1" 200 12 "-" "Python-urllib/3.7"
192.0.102.40 - - [17/Nov/2020:08:18:35 +0100] "HEAD / HTTP/1.1" 200 0 "-" "jetmon/1.0 (Jetpack Site Uptime Monitor by WordPress.com)"
82.197.208.58 - - [17/Nov/2020:08:18:41 +0100] "GET /contact+ HTTP/1.1" 200 12 "-" "Python-urllib/3.7"
82.197.208.58 - - [17/Nov/2020:08:18:56 +0100] "GET /contact+ HTTP/1.1" 200 12 "-" "Python-urllib/3.7"
82.197.208.58 - - [17/Nov/2020:08:19:11 +0100] "GET /contact+ HTTP/1.1" 200 12 "-" "Python-urllib/3.7"
82.197.208.58 - - [17/Nov/2020:08:19:26 +0100] "GET /contact+ HTTP/1.1" 200 12 "-" "Python-urllib/3.7"
185.227.74.198 - - [17/Nov/2020:08:19:31 +0100] "GET /index.php/204 HTTP/1.1" 502 166 "-" "Mozilla/5.0 (Android) Nextcloud-android/3.13.1"
82.197.208.58 - - [17/Nov/2020:08:19:41 +0100] "GET /contact+ HTTP/1.1" 200 12 "-" "Python-urllib/3.7"
82.197.208.58 - - [17/Nov/2020:08:19:56 +0100] "GET /contact+ HTTP/1.1" 200 12 "-" "Python-urllib/3.7"
82.197.208.58 - - [17/Nov/2020:08:20:12 +0100] "GET /contact+ HTTP/1.1" 200 12 "-" "Python-urllib/3.7"
82.197.208.58 - - [17/Nov/2020:08:20:27 +0100] "GET /contact+ HTTP/1.1" 200 12 "-" "Python-urllib/3.7"
82.197.208.58 - - [17/Nov/2020:08:20:42 +0100] "GET /contact+ HTTP/1.1" 200 12 "-" "Python-urllib/3.7"
185.227.74.198 - - [17/Nov/2020:08:20:52 +0100] "GET /index.php/204 HTTP/1.1" 502 166 "-" "Mozilla/5.0 (Android) Nextcloud-android/3.13.1"
82.197.208.58 - - [17/Nov/2020:08:20:57 +0100] "GET /contact+ HTTP/1.1" 200 12 "-" "Python-urllib/3.7"
82.197.208.58 - - [17/Nov/2020:08:21:12 +0100] "GET /contact+ HTTP/1.1" 200 12 "-" "Python-urllib/3.7"
82.197.208.58 - - [17/Nov/2020:08:21:27 +0100] "GET /contact+ HTTP/1.1" 200 12 "-" "Python-urllib/3.7"
185.227.74.198 - - [17/Nov/2020:08:21:42 +0100] "GET /index.php/204 HTTP/1.1" 502 166 "-" "Mozilla/5.0 (Android) Nextcloud-android/3.13.1"
82.197.208.58 - - [17/Nov/2020:08:21:42 +0100] "GET /contact+ HTTP/1.1" 200 12 "-" "Python-urllib/3.7"
82.197.208.58 - - [17/Nov/2020:08:21:57 +0100] "GET /contact+ HTTP/1.1" 200 12 "-" "Python-urllib/3.7"
82.197.208.58 - - [17/Nov/2020:08:22:13 +0100] "GET /contact+ HTTP/1.1" 200 12 "-" "Python-urllib/3.7"
82.197.208.58 - - [17/Nov/2020:08:22:28 +0100] "GET /contact+ HTTP/1.1" 200 12 "-" "Python-urllib/3.7"
82.197.208.58 - - [17/Nov/2020:08:22:43 +0100] "GET /contact+ HTTP/1.1" 200 12 "-" "Python-urllib/3.7"
82.197.208.58 - - [17/Nov/2020:08:22:58 +0100] "GET /contact+ HTTP/1.1" 200 12 "-" "Python-urllib/3.7"
82.197.208.58 - - [17/Nov/2020:08:23:13 +0100] "GET /contact+ HTTP/1.1" 200 12 "-" "Python-urllib/3.7"
82.197.208.58 - - [17/Nov/2020:08:23:29 +0100] "GET /contact+ HTTP/1.1" 200 12 "-" "Python-urllib/3.7"
82.197.208.58 - - [17/Nov/2020:08:23:44 +0100] "GET /contact+ HTTP/1.1" 200 12 "-" "Python-urllib/3.7"
82.197.208.58 - - [17/Nov/2020:08:23:59 +0100] "GET /contact+ HTTP/1.1" 200 12 "-" "Python-urllib/3.7"
82.197.208.58 - - [17/Nov/2020:08:24:14 +0100] "GET /contact+ HTTP/1.1" 200 12 "-" "Python-urllib/3.7"
82.197.208.58 - - [17/Nov/2020:08:24:29 +0100] "GET /contact+ HTTP/1.1" 200 12 "-" "Python-urllib/3.7"
82.197.208.58 - - [17/Nov/2020:08:24:44 +0100] "GET /contact+ HTTP/1.1" 200 12 "-" "Python-urllib/3.7"
82.197.208.58 - - [17/Nov/2020:08:25:00 +0100] "GET /contact+ HTTP/1.1" 200 12 "-" "Python-urllib/3.7"
220.135.160.52 - - [17/Nov/2020:08:25:13 +0100] "GET / HTTP/1.1" 444 0 "-" "Mozilla/5.0"
82.197.208.58 - - [17/Nov/2020:08:25:15 +0100] "GET /contact+ HTTP/1.1" 200 12 "-" "Python-urllib/3.7"
82.197.208.58 - - [17/Nov/2020:08:25:30 +0100] "GET /contact+ HTTP/1.1" 200 12 "-" "Python-urllib/3.7"
82.197.208.58 - - [17/Nov/2020:08:25:45 +0100] "GET /contact+ HTTP/1.1" 200 12 "-" "Python-urllib/3.7"
82.197.208.58 - - [17/Nov/2020:08:26:00 +0100] "GET /contact+ HTTP/1.1" 200 12 "-" "Python-urllib/3.7"
192.0.102.40 - - [17/Nov/2020:08:26:02 +0100] "HEAD / HTTP/1.1" 200 0 "-" "jetmon/1.0 (Jetpack Site Uptime Monitor by WordPress.com)"
82.197.208.58 - - [17/Nov/2020:08:26:15 +0100] "GET /contact+ HTTP/1.1" 200 12 "-" "Python-urllib/3.7"
207.46.13.236 - - [17/Nov/2020:08:26:22 +0100] "GET /robots.txt HTTP/1.1" 301 178 "-" "Mozilla/5.0 (compatible; bingbot/2.0; +http://www.bing.com/bingbot.htm)"
207.46.13.236 - - [17/Nov/2020:08:26:24 +0100] "GET /robots.txt HTTP/1.1" 500 1352 "-" "Mozilla/5.0 (compatible; bingbot/2.0; +http://www.bing.com/bingbot.htm)"
82.197.208.58 - - [17/Nov/2020:08:26:30 +0100] "GET /contact+ HTTP/1.1" 200 12 "-" "Python-urllib/3.7"
207.46.13.202 - - [17/Nov/2020:08:26:36 +0100] "GET / HTTP/1.1" 301 178 "-" "Mozilla/5.0 (compatible; bingbot/2.0; +http://www.bing.com/bingbot.htm)"
82.197.208.58 - - [17/Nov/2020:08:26:45 +0100] "GET /contact+ HTTP/1.1" 200 12 "-" "Python-urllib/3.7"
82.197.208.58 - - [17/Nov/2020:08:27:01 +0100] "GET /contact+ HTTP/1.1" 200 12 "-" "Python-urllib/3.7"
82.197.208.58 - - [17/Nov/2020:08:27:16 +0100] "GET /contact+ HTTP/1.1" 200 12 "-" "Python-urllib/3.7"
82.197.208.58 - - [17/Nov/2020:08:27:31 +0100] "GET /contact+ HTTP/1.1" 200 12 "-" "Python-urllib/3.7"
82.197.208.58 - - [17/Nov/2020:08:27:46 +0100] "GET /contact+ HTTP/1.1" 200 12 "-" "Python-urllib/3.7"
82.197.208.58 - - [17/Nov/2020:08:28:01 +0100] "GET /contact+ HTTP/1.1" 200 12 "-" "Python-urllib/3.7"
82.197.208.58 - - [17/Nov/2020:08:28:16 +0100] "GET /contact+ HTTP/1.1" 200 12 "-" "Python-urllib/3.7"
82.197.208.58 - - [17/Nov/2020:08:28:31 +0100] "GET /contact+ HTTP/1.1" 200 12 "-" "Python-urllib/3.7"
82.197.208.58 - - [17/Nov/2020:08:28:47 +0100] "GET /contact+ HTTP/1.1" 200 12 "-" "Python-urllib/3.7"
82.197.208.58 - - [17/Nov/2020:08:29:02 +0100] "GET /contact+ HTTP/1.1" 200 12 "-" "Python-urllib/3.7"
82.197.208.58 - - [17/Nov/2020:08:29:17 +0100] "GET /contact+ HTTP/1.1" 200 12 "-" "Python-urllib/3.7"
82.197.208.58 - - [17/Nov/2020:08:29:32 +0100] "GET /contact+ HTTP/1.1" 200 12 "-" "Python-urllib/3.7"
82.197.208.58 - - [17/Nov/2020:08:29:47 +0100] "GET /contact+ HTTP/1.1" 200 12 "-" "Python-urllib/3.7"
82.197.208.58 - - [17/Nov/2020:08:30:02 +0100] "GET /contact+ HTTP/1.1" 200 12 "-" "Python-urllib/3.7"
82.197.208.58 - - [17/Nov/2020:08:30:17 +0100] "GET /contact+ HTTP/1.1" 200 12 "-" "Python-urllib/3.7"
82.197.208.58 - - [17/Nov/2020:08:30:32 +0100] "GET /contact+ HTTP/1.1" 200 12 "-" "Python-urllib/3.7"
82.197.208.58 - - [17/Nov/2020:08:30:47 +0100] "GET /contact+ HTTP/1.1" 200 12 "-" "Python-urllib/3.7"
82.197.208.58 - - [17/Nov/2020:08:31:03 +0100] "GET /contact+ HTTP/1.1" 200 12 "-" "Python-urllib/3.7"
82.197.208.58 - - [17/Nov/2020:08:31:18 +0100] "GET /contact+ HTTP/1.1" 200 12 "-" "Python-urllib/3.7"
82.197.208.58 - - [17/Nov/2020:08:31:33 +0100] "GET /contact+ HTTP/1.1" 200 12 "-" "Python-urllib/3.7"
82.197.208.58 - - [17/Nov/2020:08:31:48 +0100] "GET /contact+ HTTP/1.1" 200 12 "-" "Python-urllib/3.7"
82.197.208.58 - - [17/Nov/2020:08:32:03 +0100] "GET /contact+ HTTP/1.1" 200 12 "-" "Python-urllib/3.7"
82.197.208.58 - - [17/Nov/2020:08:32:18 +0100] "GET /contact+ HTTP/1.1" 200 12 "-" "Python-urllib/3.7"
82.197.208.58 - - [17/Nov/2020:08:32:33 +0100] "GET /contact+ HTTP/1.1" 200 12 "-" "Python-urllib/3.7"
82.197.208.58 - - [17/Nov/2020:08:32:48 +0100] "GET /contact+ HTTP/1.1" 200 12 "-" "Python-urllib/3.7"
82.197.208.58 - - [17/Nov/2020:08:33:03 +0100] "GET /contact+ HTTP/1.1" 200 12 "-" "Python-urllib/3.7"
82.197.208.58 - - [17/Nov/2020:08:33:19 +0100] "GET /contact+ HTTP/1.1" 200 12 "-" "Python-urllib/3.7"
82.197.208.58 - - [17/Nov/2020:08:33:34 +0100] "GET /contact+ HTTP/1.1" 200 12 "-" "Python-urllib/3.7"
82.197.208.58 - - [17/Nov/2020:08:33:49 +0100] "GET /contact+ HTTP/1.1" 200 12 "-" "Python-urllib/3.7"
82.197.208.58 - - [17/Nov/2020:08:34:04 +0100] "GET /contact+ HTTP/1.1" 200 12 "-" "Python-urllib/3.7"
82.197.208.58 - - [17/Nov/2020:08:34:19 +0100] "GET /contact+ HTTP/1.1" 200 12 "-" "Python-urllib/3.7"
82.197.208.58 - - [17/Nov/2020:08:34:34 +0100] "GET /contact+ HTTP/1.1" 200 12 "-" "Python-urllib/3.7"
82.197.208.58 - - [17/Nov/2020:08:34:49 +0100] "GET /contact+ HTTP/1.1" 200 12 "-" "Python-urllib/3.7"
192.0.102.40 - - [17/Nov/2020:08:34:57 +0100] "HEAD / HTTP/1.1" 200 0 "-" "jetmon/1.0 (Jetpack Site Uptime Monitor by WordPress.com)"
82.197.208.58 - - [17/Nov/2020:08:35:05 +0100] "GET /contact+ HTTP/1.1" 200 12 "-" "Python-urllib/3.7"
82.197.208.58 - - [17/Nov/2020:08:35:20 +0100] "GET /contact+ HTTP/1.1" 200 12 "-" "Python-urllib/3.7"
82.197.208.58 - - [17/Nov/2020:08:35:35 +0100] "GET /contact+ HTTP/1.1" 200 12 "-" "Python-urllib/3.7"
82.197.208.58 - - [17/Nov/2020:08:35:50 +0100] "GET /contact+ HTTP/1.1" 200 12 "-" "Python-urllib/3.7"
82.197.208.58 - - [17/Nov/2020:08:36:05 +0100] "GET /contact+ HTTP/1.1" 200 12 "-" "Python-urllib/3.7"
82.197.208.58 - - [17/Nov/2020:08:36:20 +0100] "GET /contact+ HTTP/1.1" 200 12 "-" "Python-urllib/3.7"
82.197.208.58 - - [17/Nov/2020:08:36:35 +0100] "GET /contact+ HTTP/1.1" 200 12 "-" "Python-urllib/3.7"
82.197.208.58 - - [17/Nov/2020:08:36:50 +0100] "GET /contact+ HTTP/1.1" 200 12 "-" "Python-urllib/3.7"
82.197.208.58 - - [17/Nov/2020:08:37:05 +0100] "GET /contact+ HTTP/1.1" 200 12 "-" "Python-urllib/3.7"
82.197.208.58 - - [17/Nov/2020:08:37:21 +0100] "GET /contact+ HTTP/1.1" 200 12 "-" "Python-urllib/3.7"
82.197.208.58 - - [17/Nov/2020:08:37:36 +0100] "GET /contact+ HTTP/1.1" 200 12 "-" "Python-urllib/3.7"
82.197.208.58 - - [17/Nov/2020:08:37:51 +0100] "GET /contact+ HTTP/1.1" 200 12 "-" "Python-urllib/3.7"
82.197.208.58 - - [17/Nov/2020:08:38:06 +0100] "GET /contact+ HTTP/1.1" 200 12 "-" "Python-urllib/3.7"
82.197.208.58 - - [17/Nov/2020:08:38:21 +0100] "GET /contact+ HTTP/1.1" 200 12 "-" "Python-urllib/3.7"
82.197.208.58 - - [17/Nov/2020:08:38:36 +0100] "GET /contact+ HTTP/1.1" 200 12 "-" "Python-urllib/3.7"
82.197.208.58 - - [17/Nov/2020:08:38:51 +0100] "GET /contact+ HTTP/1.1" 200 12 "-" "Python-urllib/3.7"
82.197.208.58 - - [17/Nov/2020:08:39:06 +0100] "GET /contact+ HTTP/1.1" 200 12 "-" "Python-urllib/3.7"
82.197.208.58 - - [17/Nov/2020:08:39:22 +0100] "GET /contact+ HTTP/1.1" 200 12 "-" "Python-urllib/3.7"
178.62.30.190 - - [17/Nov/2020:08:39:27 +0100] "GET /wp-login.php HTTP/1.1" 200 4367 "-" "Mozilla/5.0 (X11; Ubuntu; Linux x86_64; rv:62.0) Gecko/20100101 Firefox/62.0"
178.62.30.190 - - [17/Nov/2020:08:39:27 +0100] "POST /wp-login.php HTTP/1.1" 200 4367 "-" "Mozilla/5.0 (X11; Ubuntu; Linux x86_64; rv:62.0) Gecko/20100101 Firefox/62.0"
178.62.30.190 - - [17/Nov/2020:08:39:29 +0100] "POST /xmlrpc.php HTTP/1.1" 200 256 "-" "Mozilla/5.0 (X11; Ubuntu; Linux x86_64; rv:62.0) Gecko/20100101 Firefox/62.0"
82.197.208.58 - - [17/Nov/2020:08:39:37 +0100] "GET /contact+ HTTP/1.1" 200 12 "-" "Python-urllib/3.7"
82.197.208.58 - - [17/Nov/2020:08:39:52 +0100] "GET /contact+ HTTP/1.1" 200 12 "-" "Python-urllib/3.7"
82.197.208.58 - - [17/Nov/2020:08:40:07 +0100] "GET /contact+ HTTP/1.1" 200 12 "-" "Python-urllib/3.7"
82.197.208.58 - - [17/Nov/2020:08:40:22 +0100] "GET /contact+ HTTP/1.1" 200 12 "-" "Python-urllib/3.7"
185.227.74.198 - - [17/Nov/2020:08:40:34 +0100] "GET /index.php/204 HTTP/1.1" 502 166 "-" "Mozilla/5.0 (Android) Nextcloud-android/3.13.1"
185.227.74.198 - - [17/Nov/2020:08:40:34 +0100] "GET /index.php/204 HTTP/1.1" 502 166 "-" "Mozilla/5.0 (Android) Nextcloud-android/3.13.1"
82.197.208.58 - - [17/Nov/2020:08:40:37 +0100] "GET /contact+ HTTP/1.1" 200 12 "-" "Python-urllib/3.7"
82.197.208.58 - - [17/Nov/2020:08:40:53 +0100] "GET /contact+ HTTP/1.1" 200 12 "-" "Python-urllib/3.7"
82.197.208.58 - - [17/Nov/2020:08:41:08 +0100] "GET /contact+ HTTP/1.1" 200 12 "-" "Python-urllib/3.7"
82.197.208.58 - - [17/Nov/2020:08:41:23 +0100] "GET /contact+ HTTP/1.1" 200 12 "-" "Python-urllib/3.7"
82.197.208.58 - - [17/Nov/2020:08:41:38 +0100] "GET /contact+ HTTP/1.1" 200 12 "-" "Python-urllib/3.7"
82.197.208.58 - - [17/Nov/2020:08:41:53 +0100] "GET /contact+ HTTP/1.1" 200 12 "-" "Python-urllib/3.7"
82.197.208.58 - - [17/Nov/2020:08:42:08 +0100] "GET /contact+ HTTP/1.1" 200 12 "-" "Python-urllib/3.7"
82.197.208.58 - - [17/Nov/2020:08:42:23 +0100] "GET /contact+ HTTP/1.1" 200 12 "-" "Python-urllib/3.7"
192.0.102.40 - - [17/Nov/2020:08:42:28 +0100] "HEAD / HTTP/1.1" 200 0 "-" "jetmon/1.0 (Jetpack Site Uptime Monitor by WordPress.com)"
82.197.208.58 - - [17/Nov/2020:08:42:38 +0100] "GET /contact+ HTTP/1.1" 200 12 "-" "Python-urllib/3.7"
82.197.208.58 - - [17/Nov/2020:08:42:53 +0100] "GET /contact+ HTTP/1.1" 200 12 "-" "Python-urllib/3.7"
185.250.160.98 - Smartmart [17/Nov/2020:08:43:00 +0100] "GET /status.php HTTP/1.1" 200 154 "-" "Mozilla/5.0 (Windows) mirall/2.6.3 (build 13551)"
185.250.160.98 - Smartmart [17/Nov/2020:08:43:00 +0100] "PROPFIND /remote.php/webdav/ HTTP/1.1" 207 343 "-" "Mozilla/5.0 (Windows) mirall/2.6.3 (build 13551)"
185.250.160.98 - Smartmart [17/Nov/2020:08:43:00 +0100] "GET /ocs/v1.php/cloud/capabilities?format=json HTTP/1.1" 200 1790 "-" "Mozilla/5.0 (Windows) mirall/2.6.3 (build 13551)"
185.250.160.98 - Smartmart [17/Nov/2020:08:43:00 +0100] "GET /ocs/v1.php/config?format=json HTTP/1.1" 200 173 "-" "Mozilla/5.0 (Windows) mirall/2.6.3 (build 13551)"
185.250.160.98 - Smartmart [17/Nov/2020:08:43:00 +0100] "GET /ocs/v1.php/cloud/user?format=json HTTP/1.1" 200 183 "-" "Mozilla/5.0 (Windows) mirall/2.6.3 (build 13551)"
185.250.160.98 - Smartmart [17/Nov/2020:08:43:00 +0100] "GET /remote.php/dav/avatars/Smartmart/128.png HTTP/1.1" 404 181 "-" "Mozilla/5.0 (Windows) mirall/2.6.3 (build 13551)"
185.250.160.98 - Smartmart [17/Nov/2020:08:43:01 +0100] "GET /ocs/v2.php/apps/notifications/api/v1/notifications?format=json HTTP/1.1" 200 108 "-" "Mozilla/5.0 (Windows) mirall/2.6.3 (build 13551)"
185.250.160.98 - Smartmart [17/Nov/2020:08:43:01 +0100] "GET /ocs/v1.php/cloud/activity?page=0&pagesize=100&format=json HTTP/1.1" 200 242 "-" "Mozilla/5.0 (Windows) mirall/2.6.3 (build 13551)"
185.250.160.98 - Smartmart [17/Nov/2020:08:43:01 +0100] "PROPFIND /about-us HTTP/1.1" 207 5226 "-" "Mozilla/5.0 (Windows) mirall/2.6.3 (build 13551)"
82.197.208.58 - - [17/Nov/2020:08:43:08 +0100] "GET /contact+ HTTP/1.1" 200 12 "-" "Python-urllib/3.7"
82.197.208.58 - - [17/Nov/2020:08:43:24 +0100] "GET /contact+ HTTP/1.1" 200 12 "-" "Python-urllib/3.7"
82.197.208.58 - - [17/Nov/2020:08:43:39 +0100] "GET /contact+ HTTP/1.1" 200 12 "-" "Python-urllib/3.7"
82.197.208.58 - - [17/Nov/2020:08:43:54 +0100] "GET /contact+ HTTP/1.1" 200 12 "-" "Python-urllib/3.7"
185.250.160.98 - Smartmart [17/Nov/2020:08:43:59 +0100] "PROPFIND /about-us HTTP/1.1" 207 334 "-" "Mozilla/5.0 (Windows) mirall/2.6.3 (build 13551)"
82.197.208.58 - - [17/Nov/2020:08:44:09 +0100] "GET /contact+ HTTP/1.1" 200 12 "-" "Python-urllib/3.7"
82.197.208.58 - - [17/Nov/2020:08:44:24 +0100] "GET /contact+ HTTP/1.1" 200 12 "-" "Python-urllib/3.7"
185.250.160.98 - Smartmart [17/Nov/2020:08:44:29 +0100] "PROPFIND /about-us HTTP/1.1" 207 334 "-" "Mozilla/5.0 (Windows) mirall/2.6.3 (build 13551)"
82.197.208.58 - - [17/Nov/2020:08:44:39 +0100] "GET /contact+ HTTP/1.1" 200 12 "-" "Python-urllib/3.7"
82.197.208.58 - - [17/Nov/2020:08:44:54 +0100] "GET /contact+ HTTP/1.1" 200 12 "-" "Python-urllib/3.7"
185.250.160.98 - Smartmart [17/Nov/2020:08:44:59 +0100] "PROPFIND /about-us HTTP/1.1" 207 334 "-" "Mozilla/5.0 (Windows) mirall/2.6.3 (build 13551)"
82.197.208.58 - - [17/Nov/2020:08:45:09 +0100] "GET /contact+ HTTP/1.1" 200 12 "-" "Python-urllib/3.7"
82.197.208.58 - - [17/Nov/2020:08:45:25 +0100] "GET /contact+ HTTP/1.1" 200 12 "-" "Python-urllib/3.7"
185.250.160.98 - Smartmart [17/Nov/2020:08:45:29 +0100] "PROPFIND /about-us HTTP/1.1" 207 334 "-" "Mozilla/5.0 (Windows) mirall/2.6.3 (build 13551)"
82.197.208.58 - - [17/Nov/2020:08:45:40 +0100] "GET /contact+ HTTP/1.1" 200 12 "-" "Python-urllib/3.7"
82.197.208.58 - - [17/Nov/2020:08:45:55 +0100] "GET /contact+ HTTP/1.1" 200 12 "-" "Python-urllib/3.7"
185.250.160.98 - Smartmart [17/Nov/2020:08:45:59 +0100] "PROPFIND /about-us HTTP/1.1" 207 334 "-" "Mozilla/5.0 (Windows) mirall/2.6.3 (build 13551)"
82.197.208.58 - - [17/Nov/2020:08:46:10 +0100] "GET /contact+ HTTP/1.1" 200 12 "-" "Python-urllib/3.7"
82.197.208.58 - - [17/Nov/2020:08:46:25 +0100] "GET /contact+ HTTP/1.1" 200 12 "-" "Python-urllib/3.7"
185.250.160.98 - Smartmart [17/Nov/2020:08:46:29 +0100] "PROPFIND /about-us HTTP/1.1" 207 334 "-" "Mozilla/5.0 (Windows) mirall/2.6.3 (build 13551)"
82.197.208.58 - - [17/Nov/2020:08:46:40 +0100] "GET /contact+ HTTP/1.1" 200 12 "-" "Python-urllib/3.7"
82.197.208.58 - - [17/Nov/2020:08:46:55 +0100] "GET /contact+ HTTP/1.1" 200 12 "-" "Python-urllib/3.7"
185.250.160.98 - Smartmart [17/Nov/2020:08:46:59 +0100] "PROPFIND /about-us HTTP/1.1" 207 334 "-" "Mozilla/5.0 (Windows) mirall/2.6.3 (build 13551)"
82.197.208.58 - - [17/Nov/2020:08:47:10 +0100] "GET /contact+ HTTP/1.1" 200 12 "-" "Python-urllib/3.7"
82.197.208.58 - - [17/Nov/2020:08:47:25 +0100] "GET /contact+ HTTP/1.1" 200 12 "-" "Python-urllib/3.7"
185.250.160.98 - Smartmart [17/Nov/2020:08:47:29 +0100] "PROPFIND /about-us HTTP/1.1" 207 334 "-" "Mozilla/5.0 (Windows) mirall/2.6.3 (build 13551)"
82.197.208.58 - - [17/Nov/2020:08:47:41 +0100] "GET /contact+ HTTP/1.1" 200 12 "-" "Python-urllib/3.7"
82.197.208.58 - - [17/Nov/2020:08:47:56 +0100] "GET /contact+ HTTP/1.1" 200 12 "-" "Python-urllib/3.7"
185.250.160.98 - Smartmart [17/Nov/2020:08:47:59 +0100] "PROPFIND /about-us HTTP/1.1" 207 334 "-" "Mozilla/5.0 (Windows) mirall/2.6.3 (build 13551)"
185.250.160.98 - Smartmart [17/Nov/2020:08:47:59 +0100] "GET /ocs/v2.php/apps/notifications/api/v1/notifications?format=json HTTP/1.1" 200 108 "-" "Mozilla/5.0 (Windows) mirall/2.6.3 (build 13551)"
82.197.208.58 - - [17/Nov/2020:08:48:11 +0100] "GET /contact+ HTTP/1.1" 200 12 "-" "Python-urllib/3.7"
82.197.208.58 - - [17/Nov/2020:08:48:26 +0100] "GET /contact+ HTTP/1.1" 200 12 "-" "Python-urllib/3.7"
