82.197.208.58 - - [17/Nov/2020:10:46:58 +0100] "GET /contact+ HTTP/1.1" 200 12 "-" "Python-urllib/3.7"
185.250.160.98 - Smartmart [17/Nov/2020:10:47:00 +0100] "PROPFIND /about-us HTTP/1.1" 207 334 "-" "Mozilla/5.0 (Windows) mirall/2.6.3 (build 13551)"
82.197.208.58 - - [17/Nov/2020:10:47:13 +0100] "GET /contact+ HTTP/1.1" 200 12 "-" "Python-urllib/3.7"
82.197.208.58 - - [17/Nov/2020:10:47:28 +0100] "GET /contact+ HTTP/1.1" 200 12 "-" "Python-urllib/3.7"
185.250.160.98 - Smartmart [17/Nov/2020:10:47:30 +0100] "PROPFIND /about-us HTTP/1.1" 207 334 "-" "Mozilla/5.0 (Windows) mirall/2.6.3 (build 13551)"
82.197.208.58 - - [17/Nov/2020:10:47:43 +0100] "GET /contact+ HTTP/1.1" 200 12 "-" "Python-urllib/3.7"
82.197.208.58 - - [17/Nov/2020:10:47:58 +0100] "GET /contact+ HTTP/1.1" 200 12 "-" "Python-urllib/3.7"
185.250.160.98 - Smartmart [17/Nov/2020:10:47:59 +0100] "GET /ocs/v2.php/apps/notifications/api/v1/notifications?format=json HTTP/1.1" 200 108 "-" "Mozilla/5.0 (Windows) mirall/2.6.3 (build 13551)"
185.250.160.98 - Smartmart [17/Nov/2020:10:48:00 +0100] "PROPFIND /about-us HTTP/1.1" 207 334 "-" "Mozilla/5.0 (Windows) mirall/2.6.3 (build 13551)"
82.197.208.58 - - [17/Nov/2020:10:48:13 +0100] "GET /contact+ HTTP/1.1" 200 12 "-" "Python-urllib/3.7"
192.0.102.40 - - [17/Nov/2020:10:48:19 +0100] "HEAD / HTTP/1.1" 200 0 "-" "jetmon/1.0 (Jetpack Site Uptime Monitor by WordPress.com)"
82.197.208.58 - - [17/Nov/2020:10:48:28 +0100] "GET /contact+ HTTP/1.1" 200 12 "-" "Python-urllib/3.7"
185.250.160.98 - Smartmart [17/Nov/2020:10:48:30 +0100] "PROPFIND /about-us HTTP/1.1" 207 334 "-" "Mozilla/5.0 (Windows) mirall/2.6.3 (build 13551)"
82.197.208.58 - - [17/Nov/2020:10:48:43 +0100] "GET /contact+ HTTP/1.1" 200 12 "-" "Python-urllib/3.7"
82.197.208.58 - - [17/Nov/2020:10:48:59 +0100] "GET /contact+ HTTP/1.1" 200 12 "-" "Python-urllib/3.7"
185.250.160.98 - Smartmart [17/Nov/2020:10:49:00 +0100] "PROPFIND /about-us HTTP/1.1" 207 334 "-" "Mozilla/5.0 (Windows) mirall/2.6.3 (build 13551)"
82.197.208.58 - - [17/Nov/2020:10:49:14 +0100] "GET /contact+ HTTP/1.1" 200 12 "-" "Python-urllib/3.7"
82.197.208.58 - - [17/Nov/2020:10:49:29 +0100] "GET /contact+ HTTP/1.1" 200 12 "-" "Python-urllib/3.7"
185.250.160.98 - Smartmart [17/Nov/2020:10:49:30 +0100] "PROPFIND /about-us HTTP/1.1" 207 334 "-" "Mozilla/5.0 (Windows) mirall/2.6.3 (build 13551)"
82.197.208.58 - - [17/Nov/2020:10:49:44 +0100] "GET /contact+ HTTP/1.1" 200 12 "-" "Python-urllib/3.7"
82.197.208.58 - - [17/Nov/2020:10:49:59 +0100] "GET /contact+ HTTP/1.1" 200 12 "-" "Python-urllib/3.7"
185.250.160.98 - Smartmart [17/Nov/2020:10:50:00 +0100] "PROPFIND /about-us HTTP/1.1" 207 334 "-" "Mozilla/5.0 (Windows) mirall/2.6.3 (build 13551)"
82.197.208.58 - - [17/Nov/2020:10:50:14 +0100] "GET /contact+ HTTP/1.1" 200 12 "-" "Python-urllib/3.7"
82.197.208.58 - - [17/Nov/2020:10:50:30 +0100] "GET /contact+ HTTP/1.1" 200 12 "-" "Python-urllib/3.7"
185.250.160.98 - Smartmart [17/Nov/2020:10:50:30 +0100] "PROPFIND /about-us HTTP/1.1" 207 334 "-" "Mozilla/5.0 (Windows) mirall/2.6.3 (build 13551)"
82.197.208.58 - - [17/Nov/2020:10:50:45 +0100] "GET /contact+ HTTP/1.1" 200 12 "-" "Python-urllib/3.7"
82.197.208.58 - - [17/Nov/2020:10:51:00 +0100] "GET /contact+ HTTP/1.1" 200 12 "-" "Python-urllib/3.7"
185.250.160.98 - Smartmart [17/Nov/2020:10:51:00 +0100] "PROPFIND /about-us HTTP/1.1" 207 334 "-" "Mozilla/5.0 (Windows) mirall/2.6.3 (build 13551)"
82.197.208.58 - - [17/Nov/2020:10:51:15 +0100] "GET /contact+ HTTP/1.1" 200 12 "-" "Python-urllib/3.7"
82.197.208.58 - - [17/Nov/2020:10:51:30 +0100] "GET /contact+ HTTP/1.1" 200 12 "-" "Python-urllib/3.7"
185.250.160.98 - Smartmart [17/Nov/2020:10:51:30 +0100] "PROPFIND /about-us HTTP/1.1" 207 334 "-" "Mozilla/5.0 (Windows) mirall/2.6.3 (build 13551)"
82.197.208.58 - - [17/Nov/2020:10:51:45 +0100] "GET /contact+ HTTP/1.1" 200 12 "-" "Python-urllib/3.7"
82.197.208.58 - - [17/Nov/2020:10:52:00 +0100] "GET /contact+ HTTP/1.1" 200 12 "-" "Python-urllib/3.7"
185.250.160.98 - Smartmart [17/Nov/2020:10:52:00 +0100] "PROPFIND /about-us HTTP/1.1" 207 334 "-" "Mozilla/5.0 (Windows) mirall/2.6.3 (build 13551)"
82.197.208.58 - - [17/Nov/2020:10:52:15 +0100] "GET /contact+ HTTP/1.1" 200 12 "-" "Python-urllib/3.7"
185.250.160.98 - Smartmart [17/Nov/2020:10:52:30 +0100] "PROPFIND /about-us HTTP/1.1" 207 334 "-" "Mozilla/5.0 (Windows) mirall/2.6.3 (build 13551)"
82.197.208.58 - - [17/Nov/2020:10:52:30 +0100] "GET /contact+ HTTP/1.1" 200 12 "-" "Python-urllib/3.7"
82.197.208.58 - - [17/Nov/2020:10:52:45 +0100] "GET /contact+ HTTP/1.1" 200 12 "-" "Python-urllib/3.7"
185.250.160.98 - Smartmart [17/Nov/2020:10:52:59 +0100] "GET /ocs/v2.php/apps/notifications/api/v1/notifications?format=json HTTP/1.1" 200 108 "-" "Mozilla/5.0 (Windows) mirall/2.6.3 (build 13551)"
185.250.160.98 - Smartmart [17/Nov/2020:10:53:00 +0100] "PROPFIND /about-us HTTP/1.1" 207 334 "-" "Mozilla/5.0 (Windows) mirall/2.6.3 (build 13551)"
82.197.208.58 - - [17/Nov/2020:10:53:01 +0100] "GET /contact+ HTTP/1.1" 200 12 "-" "Python-urllib/3.7"
82.197.208.58 - - [17/Nov/2020:10:53:16 +0100] "GET /contact+ HTTP/1.1" 200 12 "-" "Python-urllib/3.7"
185.250.160.98 - Smartmart [17/Nov/2020:10:53:30 +0100] "PROPFIND /about-us HTTP/1.1" 207 334 "-" "Mozilla/5.0 (Windows) mirall/2.6.3 (build 13551)"
82.197.208.58 - - [17/Nov/2020:10:53:31 +0100] "GET /contact+ HTTP/1.1" 200 12 "-" "Python-urllib/3.7"
82.197.208.58 - - [17/Nov/2020:10:53:46 +0100] "GET /contact+ HTTP/1.1" 200 12 "-" "Python-urllib/3.7"
185.250.160.98 - Smartmart [17/Nov/2020:10:54:00 +0100] "PROPFIND /about-us HTTP/1.1" 207 334 "-" "Mozilla/5.0 (Windows) mirall/2.6.3 (build 13551)"
82.197.208.58 - - [17/Nov/2020:10:54:01 +0100] "GET /contact+ HTTP/1.1" 200 12 "-" "Python-urllib/3.7"
82.197.208.58 - - [17/Nov/2020:10:54:16 +0100] "GET /contact+ HTTP/1.1" 200 12 "-" "Python-urllib/3.7"
185.250.160.98 - Smartmart [17/Nov/2020:10:54:30 +0100] "PROPFIND /about-us HTTP/1.1" 207 334 "-" "Mozilla/5.0 (Windows) mirall/2.6.3 (build 13551)"
82.197.208.58 - - [17/Nov/2020:10:54:31 +0100] "GET /contact+ HTTP/1.1" 200 12 "-" "Python-urllib/3.7"
82.197.208.58 - - [17/Nov/2020:10:54:46 +0100] "GET /contact+ HTTP/1.1" 200 12 "-" "Python-urllib/3.7"
185.250.160.98 - Smartmart [17/Nov/2020:10:55:00 +0100] "PROPFIND /about-us HTTP/1.1" 207 334 "-" "Mozilla/5.0 (Windows) mirall/2.6.3 (build 13551)"
82.197.208.58 - - [17/Nov/2020:10:55:02 +0100] "GET /contact+ HTTP/1.1" 200 12 "-" "Python-urllib/3.7"
82.197.208.58 - - [17/Nov/2020:10:55:17 +0100] "GET /contact+ HTTP/1.1" 200 12 "-" "Python-urllib/3.7"
13.66.139.121 - - [17/Nov/2020:10:55:21 +0100] "GET /image-sitemap-1.xml HTTP/1.1" 200 1112 "-" "Mozilla/5.0 (compatible; bingbot/2.0; +http://www.bing.com/bingbot.htm)"
5.188.62.140 - - [17/Nov/2020:10:55:30 +0100] "GET / HTTP/1.1" 301 0 "-" "Mozilla/5.0 (Windows NT 6.1; WOW64) AppleWebKit/537.36 (KHTML, like Gecko) Chrome/41.0.2226.0 Safari/537.36"
185.250.160.98 - Smartmart [17/Nov/2020:10:55:30 +0100] "PROPFIND /about-us HTTP/1.1" 207 334 "-" "Mozilla/5.0 (Windows) mirall/2.6.3 (build 13551)"
82.197.208.58 - - [17/Nov/2020:10:55:32 +0100] "GET /contact+ HTTP/1.1" 200 12 "-" "Python-urllib/3.7"
5.188.62.140 - - [17/Nov/2020:10:55:33 +0100] "GET / HTTP/1.1" 200 5296 "-" "Mozilla/5.0 (Windows NT 6.1; WOW64) AppleWebKit/537.36 (KHTML, like Gecko) Chrome/41.0.2226.0 Safari/537.36"
5.188.62.140 - - [17/Nov/2020:10:55:34 +0100] "GET /robots.txt HTTP/1.1" 200 121 "-" "Mozilla/5.0 (Windows NT 6.1; WOW64) AppleWebKit/537.36 (KHTML, like Gecko) Chrome/41.0.2226.0 Safari/537.36"
82.197.208.58 - - [17/Nov/2020:10:55:47 +0100] "GET /contact+ HTTP/1.1" 200 12 "-" "Python-urllib/3.7"
185.250.160.98 - Smartmart [17/Nov/2020:10:56:00 +0100] "PROPFIND /about-us HTTP/1.1" 207 334 "-" "Mozilla/5.0 (Windows) mirall/2.6.3 (build 13551)"
82.197.208.58 - - [17/Nov/2020:10:56:02 +0100] "GET /contact+ HTTP/1.1" 200 12 "-" "Python-urllib/3.7"
192.0.102.40 - - [17/Nov/2020:10:56:15 +0100] "HEAD / HTTP/1.1" 200 0 "-" "jetmon/1.0 (Jetpack Site Uptime Monitor by WordPress.com)"
82.197.208.58 - - [17/Nov/2020:10:56:17 +0100] "GET /contact+ HTTP/1.1" 200 12 "-" "Python-urllib/3.7"
185.250.160.98 - Smartmart [17/Nov/2020:10:56:30 +0100] "PROPFIND /about-us HTTP/1.1" 207 334 "-" "Mozilla/5.0 (Windows) mirall/2.6.3 (build 13551)"
82.197.208.58 - - [17/Nov/2020:10:56:32 +0100] "GET /contact+ HTTP/1.1" 200 12 "-" "Python-urllib/3.7"
82.197.208.58 - - [17/Nov/2020:10:56:48 +0100] "GET /contact+ HTTP/1.1" 200 12 "-" "Python-urllib/3.7"
185.250.160.98 - Smartmart [17/Nov/2020:10:57:01 +0100] "PROPFIND /about-us HTTP/1.1" 207 334 "-" "Mozilla/5.0 (Windows) mirall/2.6.3 (build 13551)"
82.197.208.58 - - [17/Nov/2020:10:57:03 +0100] "GET /contact+ HTTP/1.1" 200 12 "-" "Python-urllib/3.7"
82.197.208.58 - - [17/Nov/2020:10:57:18 +0100] "GET /contact+ HTTP/1.1" 200 12 "-" "Python-urllib/3.7"
185.250.160.98 - Smartmart [17/Nov/2020:10:57:30 +0100] "PROPFIND /about-us HTTP/1.1" 207 334 "-" "Mozilla/5.0 (Windows) mirall/2.6.3 (build 13551)"
82.197.208.58 - - [17/Nov/2020:10:57:33 +0100] "GET /contact+ HTTP/1.1" 200 12 "-" "Python-urllib/3.7"
82.197.208.58 - - [17/Nov/2020:10:57:48 +0100] "GET /contact+ HTTP/1.1" 200 12 "-" "Python-urllib/3.7"
185.250.160.98 - Smartmart [17/Nov/2020:10:57:59 +0100] "GET /ocs/v2.php/apps/notifications/api/v1/notifications?format=json HTTP/1.1" 200 108 "-" "Mozilla/5.0 (Windows) mirall/2.6.3 (build 13551)"
185.250.160.98 - Smartmart [17/Nov/2020:10:58:00 +0100] "PROPFIND /about-us HTTP/1.1" 207 334 "-" "Mozilla/5.0 (Windows) mirall/2.6.3 (build 13551)"
82.197.208.58 - - [17/Nov/2020:10:58:03 +0100] "GET /contact+ HTTP/1.1" 200 12 "-" "Python-urllib/3.7"
82.197.208.58 - - [17/Nov/2020:10:58:18 +0100] "GET /contact+ HTTP/1.1" 200 12 "-" "Python-urllib/3.7"
185.250.160.98 - Smartmart [17/Nov/2020:10:58:30 +0100] "PROPFIND /about-us HTTP/1.1" 207 334 "-" "Mozilla/5.0 (Windows) mirall/2.6.3 (build 13551)"
89.158.152.188 - - [17/Nov/2020:10:58:33 +0100] "GET /currentsetting.htm HTTP/1.1" 444 0 "-" "-"
82.197.208.58 - - [17/Nov/2020:10:58:33 +0100] "GET /contact+ HTTP/1.1" 200 12 "-" "Python-urllib/3.7"
82.197.208.58 - - [17/Nov/2020:10:58:49 +0100] "GET /contact+ HTTP/1.1" 200 12 "-" "Python-urllib/3.7"
185.250.160.98 - Smartmart [17/Nov/2020:10:59:00 +0100] "PROPFIND /about-us HTTP/1.1" 207 334 "-" "Mozilla/5.0 (Windows) mirall/2.6.3 (build 13551)"
82.197.208.58 - - [17/Nov/2020:10:59:04 +0100] "GET /contact+ HTTP/1.1" 200 12 "-" "Python-urllib/3.7"
82.197.208.58 - - [17/Nov/2020:10:59:19 +0100] "GET /contact+ HTTP/1.1" 200 12 "-" "Python-urllib/3.7"
89.158.152.188 - - [17/Nov/2020:10:59:22 +0100] "GET /currentsetting.htm HTTP/1.1" 499 0 "-" "-"
185.250.160.98 - Smartmart [17/Nov/2020:10:59:30 +0100] "PROPFIND /about-us HTTP/1.1" 207 334 "-" "Mozilla/5.0 (Windows) mirall/2.6.3 (build 13551)"
82.197.208.58 - - [17/Nov/2020:10:59:34 +0100] "GET /contact+ HTTP/1.1" 200 12 "-" "Python-urllib/3.7"
82.197.208.58 - - [17/Nov/2020:10:59:49 +0100] "GET /contact+ HTTP/1.1" 200 12 "-" "Python-urllib/3.7"
185.250.160.98 - Smartmart [17/Nov/2020:11:00:00 +0100] "PROPFIND /about-us HTTP/1.1" 207 334 "-" "Mozilla/5.0 (Windows) mirall/2.6.3 (build 13551)"
82.197.208.58 - - [17/Nov/2020:11:00:04 +0100] "GET /contact+ HTTP/1.1" 200 12 "-" "Python-urllib/3.7"
82.197.208.58 - - [17/Nov/2020:11:00:19 +0100] "GET /contact+ HTTP/1.1" 200 12 "-" "Python-urllib/3.7"
185.250.160.98 - Smartmart [17/Nov/2020:11:00:30 +0100] "PROPFIND /about-us HTTP/1.1" 207 334 "-" "Mozilla/5.0 (Windows) mirall/2.6.3 (build 13551)"
5.188.62.140 - - [17/Nov/2020:11:00:34 +0100] "GET /wp-login.php HTTP/1.1" 200 4366 "-" "Mozilla/5.0 (Windows NT 6.2; WOW64) AppleWebKit/537.36 (KHTML, like Gecko) Chrome/41.0.2228.0 Safari/537.36"
82.197.208.58 - - [17/Nov/2020:11:00:34 +0100] "GET /contact+ HTTP/1.1" 200 12 "-" "Python-urllib/3.7"
5.188.62.140 - - [17/Nov/2020:11:00:36 +0100] "POST /xmlrpc.php HTTP/1.1" 200 206 "-" "Mozilla/5.0 (Windows NT 6.1; WOW64) AppleWebKit/537.36 (KHTML, like Gecko) Chrome/41.0.2226.0 Safari/537.36"
5.188.62.140 - - [17/Nov/2020:11:00:38 +0100] "GET /wp-json/wp/v2/users/ HTTP/1.1" 200 647 "-" "Mozilla/5.0 (Windows NT 5.1; WOW64) AppleWebKit/537.36 (KHTML, like Gecko) Chrome/41.0.2226.0 Safari/537.36"
5.188.62.140 - - [17/Nov/2020:11:00:39 +0100] "GET /?author=2 HTTP/1.1" 404 5305 "-" "Mozilla/5.0 (Windows NT 6.1; WOW64) AppleWebKit/537.36 (KHTML, like Gecko) Chrome/41.0.2225.0 Safari/537.36"
5.188.62.140 - - [17/Nov/2020:11:00:40 +0100] "GET /?author=3 HTTP/1.1" 404 5305 "-" "Mozilla/5.0 (Windows NT 6.0) AppleWebKit/537.36 (KHTML, like Gecko) Chrome/41.0.2225.0 Safari/537.36"
5.188.62.140 - - [17/Nov/2020:11:00:41 +0100] "GET /?author=4 HTTP/1.1" 404 5305 "-" "Mozilla/5.0 (Windows NT 6.0; WOW64) AppleWebKit/537.36 (KHTML, like Gecko) Chrome/41.0.2225.0 Safari/537.36"
5.188.62.140 - - [17/Nov/2020:11:00:41 +0100] "GET /?author=5 HTTP/1.1" 404 5305 "-" "Mozilla/5.0 (Windows NT 6.2) AppleWebKit/537.36 (KHTML, like Gecko) Chrome/41.0.2227.1 Safari/537.36"
5.188.62.140 - - [17/Nov/2020:11:00:42 +0100] "GET /?author=6 HTTP/1.1" 404 5305 "-" "Mozilla/5.0 (Windows NT 6.1) AppleWebKit/537.36 (KHTML, like Gecko) Chrome/41.0.2224.3 Safari/537.36"
5.188.62.140 - - [17/Nov/2020:11:00:43 +0100] "GET /?author=7 HTTP/1.1" 404 5305 "-" "Mozilla/5.0 (Windows NT 6.0) AppleWebKit/537.36 (KHTML, like Gecko) Chrome/41.0.2226.0 Safari/537.36"
5.188.62.140 - - [17/Nov/2020:11:00:43 +0100] "GET /?author=8 HTTP/1.1" 404 5305 "-" "Mozilla/5.0 (Windows NT 6.2) AppleWebKit/537.36 (KHTML, like Gecko) Chrome/41.0.2224.3 Safari/537.36"
5.188.62.140 - - [17/Nov/2020:11:00:44 +0100] "GET /?author=9 HTTP/1.1" 404 5305 "-" "Mozilla/5.0 (Windows NT 6.1) AppleWebKit/537.36 (KHTML, like Gecko) Chrome/41.0.2224.3 Safari/537.36"
82.197.208.58 - - [17/Nov/2020:11:00:50 +0100] "GET /contact+ HTTP/1.1" 200 12 "-" "Python-urllib/3.7"
185.250.160.98 - Smartmart [17/Nov/2020:11:01:00 +0100] "PROPFIND /about-us HTTP/1.1" 207 334 "-" "Mozilla/5.0 (Windows) mirall/2.6.3 (build 13551)"
82.197.208.58 - - [17/Nov/2020:11:01:05 +0100] "GET /contact+ HTTP/1.1" 200 12 "-" "Python-urllib/3.7"
82.197.208.58 - - [17/Nov/2020:11:01:20 +0100] "GET /contact+ HTTP/1.1" 200 12 "-" "Python-urllib/3.7"
185.250.160.98 - Smartmart [17/Nov/2020:11:01:30 +0100] "PROPFIND /about-us HTTP/1.1" 207 334 "-" "Mozilla/5.0 (Windows) mirall/2.6.3 (build 13551)"
82.197.208.58 - - [17/Nov/2020:11:01:35 +0100] "GET /contact+ HTTP/1.1" 200 12 "-" "Python-urllib/3.7"
82.197.208.58 - - [17/Nov/2020:11:01:50 +0100] "GET /contact+ HTTP/1.1" 200 12 "-" "Python-urllib/3.7"
185.250.160.98 - Smartmart [17/Nov/2020:11:02:00 +0100] "PROPFIND /about-us HTTP/1.1" 207 334 "-" "Mozilla/5.0 (Windows) mirall/2.6.3 (build 13551)"
82.197.208.58 - - [17/Nov/2020:11:02:05 +0100] "GET /contact+ HTTP/1.1" 200 12 "-" "Python-urllib/3.7"
82.197.208.58 - - [17/Nov/2020:11:02:20 +0100] "GET /contact+ HTTP/1.1" 200 12 "-" "Python-urllib/3.7"
185.250.160.98 - Smartmart [17/Nov/2020:11:02:30 +0100] "PROPFIND /about-us HTTP/1.1" 207 334 "-" "Mozilla/5.0 (Windows) mirall/2.6.3 (build 13551)"
82.197.208.58 - - [17/Nov/2020:11:02:35 +0100] "GET /contact+ HTTP/1.1" 200 12 "-" "Python-urllib/3.7"
82.197.208.58 - - [17/Nov/2020:11:02:50 +0100] "GET /contact+ HTTP/1.1" 200 12 "-" "Python-urllib/3.7"
185.250.160.98 - Smartmart [17/Nov/2020:11:02:59 +0100] "GET /ocs/v2.php/apps/notifications/api/v1/notifications?format=json HTTP/1.1" 200 108 "-" "Mozilla/5.0 (Windows) mirall/2.6.3 (build 13551)"
185.250.160.98 - Smartmart [17/Nov/2020:11:03:00 +0100] "PROPFIND /about-us HTTP/1.1" 207 334 "-" "Mozilla/5.0 (Windows) mirall/2.6.3 (build 13551)"
82.197.208.58 - - [17/Nov/2020:11:03:06 +0100] "GET /contact+ HTTP/1.1" 200 12 "-" "Python-urllib/3.7"
82.197.208.58 - - [17/Nov/2020:11:03:21 +0100] "GET /contact+ HTTP/1.1" 200 12 "-" "Python-urllib/3.7"
185.250.160.98 - Smartmart [17/Nov/2020:11:03:30 +0100] "PROPFIND /about-us HTTP/1.1" 207 334 "-" "Mozilla/5.0 (Windows) mirall/2.6.3 (build 13551)"
82.197.208.58 - - [17/Nov/2020:11:03:36 +0100] "GET /contact+ HTTP/1.1" 200 12 "-" "Python-urllib/3.7"
82.197.208.58 - - [17/Nov/2020:11:03:51 +0100] "GET /contact+ HTTP/1.1" 200 12 "-" "Python-urllib/3.7"
185.250.160.98 - Smartmart [17/Nov/2020:11:04:00 +0100] "PROPFIND /about-us HTTP/1.1" 207 334 "-" "Mozilla/5.0 (Windows) mirall/2.6.3 (build 13551)"
82.197.208.58 - - [17/Nov/2020:11:04:06 +0100] "GET /contact+ HTTP/1.1" 200 12 "-" "Python-urllib/3.7"
82.197.208.58 - - [17/Nov/2020:11:04:21 +0100] "GET /contact+ HTTP/1.1" 200 12 "-" "Python-urllib/3.7"
192.0.102.40 - - [17/Nov/2020:11:04:22 +0100] "HEAD / HTTP/1.1" 200 0 "-" "jetmon/1.0 (Jetpack Site Uptime Monitor by WordPress.com)"
185.250.160.98 - Smartmart [17/Nov/2020:11:04:30 +0100] "PROPFIND /about-us HTTP/1.1" 207 334 "-" "Mozilla/5.0 (Windows) mirall/2.6.3 (build 13551)"
82.197.208.58 - - [17/Nov/2020:11:04:36 +0100] "GET /contact+ HTTP/1.1" 200 12 "-" "Python-urllib/3.7"
82.197.208.58 - - [17/Nov/2020:11:04:51 +0100] "GET /contact+ HTTP/1.1" 200 12 "-" "Python-urllib/3.7"
185.250.160.98 - Smartmart [17/Nov/2020:11:05:00 +0100] "PROPFIND /about-us HTTP/1.1" 207 334 "-" "Mozilla/5.0 (Windows) mirall/2.6.3 (build 13551)"
82.197.208.58 - - [17/Nov/2020:11:05:07 +0100] "GET /contact+ HTTP/1.1" 200 12 "-" "Python-urllib/3.7"
82.197.208.58 - - [17/Nov/2020:11:05:22 +0100] "GET /contact+ HTTP/1.1" 200 12 "-" "Python-urllib/3.7"
185.250.160.98 - Smartmart [17/Nov/2020:11:05:30 +0100] "PROPFIND /about-us HTTP/1.1" 207 334 "-" "Mozilla/5.0 (Windows) mirall/2.6.3 (build 13551)"
82.197.208.58 - - [17/Nov/2020:11:05:37 +0100] "GET /contact+ HTTP/1.1" 200 12 "-" "Python-urllib/3.7"
82.197.208.58 - - [17/Nov/2020:11:05:52 +0100] "GET /contact+ HTTP/1.1" 200 12 "-" "Python-urllib/3.7"
185.250.160.98 - Smartmart [17/Nov/2020:11:06:00 +0100] "PROPFIND /about-us HTTP/1.1" 207 334 "-" "Mozilla/5.0 (Windows) mirall/2.6.3 (build 13551)"
82.197.208.58 - - [17/Nov/2020:11:06:07 +0100] "GET /contact+ HTTP/1.1" 200 12 "-" "Python-urllib/3.7"
82.197.208.58 - - [17/Nov/2020:11:06:22 +0100] "GET /contact+ HTTP/1.1" 200 12 "-" "Python-urllib/3.7"
185.250.160.98 - Smartmart [17/Nov/2020:11:06:30 +0100] "PROPFIND /about-us HTTP/1.1" 207 334 "-" "Mozilla/5.0 (Windows) mirall/2.6.3 (build 13551)"
82.197.208.58 - - [17/Nov/2020:11:06:37 +0100] "GET /contact+ HTTP/1.1" 200 12 "-" "Python-urllib/3.7"
82.197.208.58 - - [17/Nov/2020:11:06:52 +0100] "GET /contact+ HTTP/1.1" 200 12 "-" "Python-urllib/3.7"
185.250.160.98 - Smartmart [17/Nov/2020:11:07:00 +0100] "PROPFIND /about-us HTTP/1.1" 207 334 "-" "Mozilla/5.0 (Windows) mirall/2.6.3 (build 13551)"
82.197.208.58 - - [17/Nov/2020:11:07:08 +0100] "GET /contact+ HTTP/1.1" 200 12 "-" "Python-urllib/3.7"
82.197.208.58 - - [17/Nov/2020:11:07:23 +0100] "GET /contact+ HTTP/1.1" 200 12 "-" "Python-urllib/3.7"
185.250.160.98 - Smartmart [17/Nov/2020:11:07:30 +0100] "PROPFIND /about-us HTTP/1.1" 207 334 "-" "Mozilla/5.0 (Windows) mirall/2.6.3 (build 13551)"
82.197.208.58 - - [17/Nov/2020:11:07:38 +0100] "GET /contact+ HTTP/1.1" 200 12 "-" "Python-urllib/3.7"
82.197.208.58 - - [17/Nov/2020:11:07:53 +0100] "GET /contact+ HTTP/1.1" 200 12 "-" "Python-urllib/3.7"
185.250.160.98 - Smartmart [17/Nov/2020:11:07:59 +0100] "GET /ocs/v2.php/apps/notifications/api/v1/notifications?format=json HTTP/1.1" 200 108 "-" "Mozilla/5.0 (Windows) mirall/2.6.3 (build 13551)"
185.250.160.98 - Smartmart [17/Nov/2020:11:08:00 +0100] "PROPFIND /about-us HTTP/1.1" 207 334 "-" "Mozilla/5.0 (Windows) mirall/2.6.3 (build 13551)"
82.197.208.58 - - [17/Nov/2020:11:08:08 +0100] "GET /contact+ HTTP/1.1" 200 12 "-" "Python-urllib/3.7"
82.197.208.58 - - [17/Nov/2020:11:08:23 +0100] "GET /contact+ HTTP/1.1" 200 12 "-" "Python-urllib/3.7"
185.250.160.98 - Smartmart [17/Nov/2020:11:08:30 +0100] "PROPFIND /about-us HTTP/1.1" 207 334 "-" "Mozilla/5.0 (Windows) mirall/2.6.3 (build 13551)"
82.197.208.58 - - [17/Nov/2020:11:08:39 +0100] "GET /contact+ HTTP/1.1" 200 12 "-" "Python-urllib/3.7"
82.197.208.58 - - [17/Nov/2020:11:08:54 +0100] "GET /contact+ HTTP/1.1" 200 12 "-" "Python-urllib/3.7"
185.250.160.98 - Smartmart [17/Nov/2020:11:09:01 +0100] "PROPFIND /about-us HTTP/1.1" 207 334 "-" "Mozilla/5.0 (Windows) mirall/2.6.3 (build 13551)"
82.197.208.58 - - [17/Nov/2020:11:09:09 +0100] "GET /contact+ HTTP/1.1" 200 12 "-" "Python-urllib/3.7"
82.197.208.58 - - [17/Nov/2020:11:09:24 +0100] "GET /contact+ HTTP/1.1" 200 12 "-" "Python-urllib/3.7"
185.250.160.98 - Smartmart [17/Nov/2020:11:09:30 +0100] "PROPFIND /about-us HTTP/1.1" 207 334 "-" "Mozilla/5.0 (Windows) mirall/2.6.3 (build 13551)"
82.197.208.58 - - [17/Nov/2020:11:09:39 +0100] "GET /contact+ HTTP/1.1" 200 12 "-" "Python-urllib/3.7"
82.197.208.58 - - [17/Nov/2020:11:09:54 +0100] "GET /contact+ HTTP/1.1" 200 12 "-" "Python-urllib/3.7"
185.250.160.98 - Smartmart [17/Nov/2020:11:10:00 +0100] "PROPFIND /about-us HTTP/1.1" 207 334 "-" "Mozilla/5.0 (Windows) mirall/2.6.3 (build 13551)"
82.197.208.58 - - [17/Nov/2020:11:10:09 +0100] "GET /contact+ HTTP/1.1" 200 12 "-" "Python-urllib/3.7"
82.197.208.58 - - [17/Nov/2020:11:10:24 +0100] "GET /contact+ HTTP/1.1" 200 12 "-" "Python-urllib/3.7"
185.250.160.98 - Smartmart [17/Nov/2020:11:10:30 +0100] "PROPFIND /about-us HTTP/1.1" 207 334 "-" "Mozilla/5.0 (Windows) mirall/2.6.3 (build 13551)"
82.197.208.58 - - [17/Nov/2020:11:10:39 +0100] "GET /contact+ HTTP/1.1" 200 12 "-" "Python-urllib/3.7"
37.187.132.132 - - [17/Nov/2020:11:10:54 +0100] "GET /wp-login.php HTTP/1.1" 200 4367 "-" "Mozilla/5.0 (X11; Ubuntu; Linux x86_64; rv:62.0) Gecko/20100101 Firefox/62.0"
37.187.132.132 - - [17/Nov/2020:11:10:54 +0100] "POST /wp-login.php HTTP/1.1" 200 4367 "-" "Mozilla/5.0 (X11; Ubuntu; Linux x86_64; rv:62.0) Gecko/20100101 Firefox/62.0"
82.197.208.58 - - [17/Nov/2020:11:10:55 +0100] "GET /contact+ HTTP/1.1" 200 12 "-" "Python-urllib/3.7"
37.187.132.132 - - [17/Nov/2020:11:10:56 +0100] "POST /xmlrpc.php HTTP/1.1" 200 254 "-" "Mozilla/5.0 (X11; Ubuntu; Linux x86_64; rv:62.0) Gecko/20100101 Firefox/62.0"
185.250.160.98 - Smartmart [17/Nov/2020:11:11:00 +0100] "PROPFIND /about-us HTTP/1.1" 207 334 "-" "Mozilla/5.0 (Windows) mirall/2.6.3 (build 13551)"
82.197.208.58 - - [17/Nov/2020:11:11:10 +0100] "GET /contact+ HTTP/1.1" 200 12 "-" "Python-urllib/3.7"
82.197.208.58 - - [17/Nov/2020:11:11:25 +0100] "GET /contact+ HTTP/1.1" 200 12 "-" "Python-urllib/3.7"
185.250.160.98 - Smartmart [17/Nov/2020:11:11:30 +0100] "PROPFIND /about-us HTTP/1.1" 207 334 "-" "Mozilla/5.0 (Windows) mirall/2.6.3 (build 13551)"
82.197.208.58 - - [17/Nov/2020:11:11:40 +0100] "GET /contact+ HTTP/1.1" 200 12 "-" "Python-urllib/3.7"
82.197.208.58 - - [17/Nov/2020:11:11:55 +0100] "GET /contact+ HTTP/1.1" 200 12 "-" "Python-urllib/3.7"
185.250.160.98 - Smartmart [17/Nov/2020:11:12:00 +0100] "PROPFIND /about-us HTTP/1.1" 207 334 "-" "Mozilla/5.0 (Windows) mirall/2.6.3 (build 13551)"
192.0.102.40 - - [17/Nov/2020:11:12:09 +0100] "HEAD / HTTP/1.1" 200 0 "-" "jetmon/1.0 (Jetpack Site Uptime Monitor by WordPress.com)"
82.197.208.58 - - [17/Nov/2020:11:12:10 +0100] "GET /contact+ HTTP/1.1" 200 12 "-" "Python-urllib/3.7"
82.197.208.58 - - [17/Nov/2020:11:12:26 +0100] "GET /contact+ HTTP/1.1" 200 12 "-" "Python-urllib/3.7"
185.250.160.98 - Smartmart [17/Nov/2020:11:12:30 +0100] "PROPFIND /about-us HTTP/1.1" 207 334 "-" "Mozilla/5.0 (Windows) mirall/2.6.3 (build 13551)"
82.197.208.58 - - [17/Nov/2020:11:12:41 +0100] "GET /contact+ HTTP/1.1" 200 12 "-" "Python-urllib/3.7"
82.197.208.58 - - [17/Nov/2020:11:12:56 +0100] "GET /contact+ HTTP/1.1" 200 12 "-" "Python-urllib/3.7"
185.250.160.98 - Smartmart [17/Nov/2020:11:12:59 +0100] "GET /ocs/v2.php/apps/notifications/api/v1/notifications?format=json HTTP/1.1" 200 108 "-" "Mozilla/5.0 (Windows) mirall/2.6.3 (build 13551)"
185.250.160.98 - Smartmart [17/Nov/2020:11:13:00 +0100] "PROPFIND /about-us HTTP/1.1" 207 334 "-" "Mozilla/5.0 (Windows) mirall/2.6.3 (build 13551)"
82.197.208.58 - - [17/Nov/2020:11:13:11 +0100] "GET /contact+ HTTP/1.1" 200 12 "-" "Python-urllib/3.7"
82.197.208.58 - - [17/Nov/2020:11:13:26 +0100] "GET /contact+ HTTP/1.1" 200 12 "-" "Python-urllib/3.7"
185.250.160.98 - Smartmart [17/Nov/2020:11:13:30 +0100] "PROPFIND /about-us HTTP/1.1" 207 334 "-" "Mozilla/5.0 (Windows) mirall/2.6.3 (build 13551)"
82.197.208.58 - - [17/Nov/2020:11:13:41 +0100] "GET /contact+ HTTP/1.1" 200 12 "-" "Python-urllib/3.7"
82.197.208.58 - - [17/Nov/2020:11:13:56 +0100] "GET /contact+ HTTP/1.1" 200 12 "-" "Python-urllib/3.7"
185.250.160.98 - Smartmart [17/Nov/2020:11:14:01 +0100] "PROPFIND /about-us HTTP/1.1" 207 334 "-" "Mozilla/5.0 (Windows) mirall/2.6.3 (build 13551)"
82.197.208.58 - - [17/Nov/2020:11:14:12 +0100] "GET /contact+ HTTP/1.1" 200 12 "-" "Python-urllib/3.7"
82.197.208.58 - - [17/Nov/2020:11:14:27 +0100] "GET /contact+ HTTP/1.1" 200 12 "-" "Python-urllib/3.7"
185.250.160.98 - Smartmart [17/Nov/2020:11:14:30 +0100] "PROPFIND /about-us HTTP/1.1" 207 334 "-" "Mozilla/5.0 (Windows) mirall/2.6.3 (build 13551)"
82.197.208.58 - - [17/Nov/2020:11:14:42 +0100] "GET /contact+ HTTP/1.1" 200 12 "-" "Python-urllib/3.7"
82.197.208.58 - - [17/Nov/2020:11:14:57 +0100] "GET /contact+ HTTP/1.1" 200 12 "-" "Python-urllib/3.7"
185.250.160.98 - Smartmart [17/Nov/2020:11:15:00 +0100] "PROPFIND /about-us HTTP/1.1" 207 334 "-" "Mozilla/5.0 (Windows) mirall/2.6.3 (build 13551)"
82.197.208.58 - - [17/Nov/2020:11:15:12 +0100] "GET /contact+ HTTP/1.1" 200 12 "-" "Python-urllib/3.7"
82.197.208.58 - - [17/Nov/2020:11:15:27 +0100] "GET /contact+ HTTP/1.1" 200 12 "-" "Python-urllib/3.7"
185.250.160.98 - Smartmart [17/Nov/2020:11:15:30 +0100] "PROPFIND /about-us HTTP/1.1" 207 334 "-" "Mozilla/5.0 (Windows) mirall/2.6.3 (build 13551)"
82.197.208.58 - - [17/Nov/2020:11:15:42 +0100] "GET /contact+ HTTP/1.1" 200 12 "-" "Python-urllib/3.7"
82.197.208.58 - - [17/Nov/2020:11:15:57 +0100] "GET /contact+ HTTP/1.1" 200 12 "-" "Python-urllib/3.7"
185.250.160.98 - Smartmart [17/Nov/2020:11:16:00 +0100] "PROPFIND /about-us HTTP/1.1" 207 334 "-" "Mozilla/5.0 (Windows) mirall/2.6.3 (build 13551)"
82.197.208.58 - - [17/Nov/2020:11:16:12 +0100] "GET /contact+ HTTP/1.1" 200 12 "-" "Python-urllib/3.7"
82.197.208.58 - - [17/Nov/2020:11:16:27 +0100] "GET /contact+ HTTP/1.1" 200 12 "-" "Python-urllib/3.7"
185.250.160.98 - Smartmart [17/Nov/2020:11:16:30 +0100] "PROPFIND /about-us HTTP/1.1" 207 334 "-" "Mozilla/5.0 (Windows) mirall/2.6.3 (build 13551)"
82.197.208.58 - - [17/Nov/2020:11:16:43 +0100] "GET /contact+ HTTP/1.1" 200 12 "-" "Python-urllib/3.7"
82.197.208.58 - - [17/Nov/2020:11:16:58 +0100] "GET /contact+ HTTP/1.1" 200 12 "-" "Python-urllib/3.7"
185.250.160.98 - Smartmart [17/Nov/2020:11:17:00 +0100] "PROPFIND /about-us HTTP/1.1" 207 334 "-" "Mozilla/5.0 (Windows) mirall/2.6.3 (build 13551)"
82.197.208.58 - - [17/Nov/2020:11:17:13 +0100] "GET /contact+ HTTP/1.1" 200 12 "-" "Python-urllib/3.7"
82.197.208.58 - - [17/Nov/2020:11:17:28 +0100] "GET /contact+ HTTP/1.1" 200 12 "-" "Python-urllib/3.7"
185.250.160.98 - Smartmart [17/Nov/2020:11:17:30 +0100] "PROPFIND /about-us HTTP/1.1" 207 334 "-" "Mozilla/5.0 (Windows) mirall/2.6.3 (build 13551)"
82.197.208.58 - - [17/Nov/2020:11:17:43 +0100] "GET /contact+ HTTP/1.1" 200 12 "-" "Python-urllib/3.7"
82.197.208.58 - - [17/Nov/2020:11:17:58 +0100] "GET /contact+ HTTP/1.1" 200 12 "-" "Python-urllib/3.7"
185.250.160.98 - Smartmart [17/Nov/2020:11:17:59 +0100] "GET /ocs/v2.php/apps/notifications/api/v1/notifications?format=json HTTP/1.1" 200 108 "-" "Mozilla/5.0 (Windows) mirall/2.6.3 (build 13551)"
185.250.160.98 - Smartmart [17/Nov/2020:11:18:00 +0100] "PROPFIND /about-us HTTP/1.1" 207 334 "-" "Mozilla/5.0 (Windows) mirall/2.6.3 (build 13551)"
82.197.208.58 - - [17/Nov/2020:11:18:13 +0100] "GET /contact+ HTTP/1.1" 200 12 "-" "Python-urllib/3.7"
82.197.208.58 - - [17/Nov/2020:11:18:28 +0100] "GET /contact+ HTTP/1.1" 200 12 "-" "Python-urllib/3.7"
185.250.160.98 - Smartmart [17/Nov/2020:11:18:30 +0100] "PROPFIND /about-us HTTP/1.1" 207 334 "-" "Mozilla/5.0 (Windows) mirall/2.6.3 (build 13551)"
82.197.208.58 - - [17/Nov/2020:11:18:44 +0100] "GET /contact+ HTTP/1.1" 200 12 "-" "Python-urllib/3.7"
82.197.208.58 - - [17/Nov/2020:11:18:59 +0100] "GET /contact+ HTTP/1.1" 200 12 "-" "Python-urllib/3.7"
185.250.160.98 - Smartmart [17/Nov/2020:11:19:01 +0100] "PROPFIND /about-us HTTP/1.1" 207 334 "-" "Mozilla/5.0 (Windows) mirall/2.6.3 (build 13551)"
82.197.208.58 - - [17/Nov/2020:11:19:14 +0100] "GET /contact+ HTTP/1.1" 200 12 "-" "Python-urllib/3.7"
82.197.208.58 - - [17/Nov/2020:11:19:29 +0100] "GET /contact+ HTTP/1.1" 200 12 "-" "Python-urllib/3.7"
185.250.160.98 - Smartmart [17/Nov/2020:11:19:30 +0100] "PROPFIND /about-us HTTP/1.1" 207 334 "-" "Mozilla/5.0 (Windows) mirall/2.6.3 (build 13551)"
82.197.208.58 - - [17/Nov/2020:11:19:44 +0100] "GET /contact+ HTTP/1.1" 200 12 "-" "Python-urllib/3.7"
82.197.208.58 - - [17/Nov/2020:11:19:59 +0100] "GET /contact+ HTTP/1.1" 200 12 "-" "Python-urllib/3.7"
185.250.160.98 - Smartmart [17/Nov/2020:11:20:00 +0100] "PROPFIND /about-us HTTP/1.1" 207 334 "-" "Mozilla/5.0 (Windows) mirall/2.6.3 (build 13551)"
192.0.102.40 - - [17/Nov/2020:11:20:01 +0100] "HEAD / HTTP/1.1" 200 0 "-" "jetmon/1.0 (Jetpack Site Uptime Monitor by WordPress.com)"
82.197.208.58 - - [17/Nov/2020:11:20:14 +0100] "GET /contact+ HTTP/1.1" 200 12 "-" "Python-urllib/3.7"
82.197.208.58 - - [17/Nov/2020:11:20:29 +0100] "GET /contact+ HTTP/1.1" 200 12 "-" "Python-urllib/3.7"
185.250.160.98 - Smartmart [17/Nov/2020:11:20:30 +0100] "PROPFIND /about-us HTTP/1.1" 207 334 "-" "Mozilla/5.0 (Windows) mirall/2.6.3 (build 13551)"
82.197.208.58 - - [17/Nov/2020:11:20:44 +0100] "GET /contact+ HTTP/1.1" 200 12 "-" "Python-urllib/3.7"
82.197.208.58 - - [17/Nov/2020:11:21:00 +0100] "GET /contact+ HTTP/1.1" 200 12 "-" "Python-urllib/3.7"
185.250.160.98 - Smartmart [17/Nov/2020:11:21:00 +0100] "PROPFIND /about-us HTTP/1.1" 207 334 "-" "Mozilla/5.0 (Windows) mirall/2.6.3 (build 13551)"
82.197.208.58 - - [17/Nov/2020:11:21:15 +0100] "GET /contact+ HTTP/1.1" 200 12 "-" "Python-urllib/3.7"
82.197.208.58 - - [17/Nov/2020:11:21:30 +0100] "GET /contact+ HTTP/1.1" 200 12 "-" "Python-urllib/3.7"
185.250.160.98 - Smartmart [17/Nov/2020:11:21:30 +0100] "PROPFIND /about-us HTTP/1.1" 207 334 "-" "Mozilla/5.0 (Windows) mirall/2.6.3 (build 13551)"
82.197.208.58 - - [17/Nov/2020:11:21:45 +0100] "GET /contact+ HTTP/1.1" 200 12 "-" "Python-urllib/3.7"
82.197.208.58 - - [17/Nov/2020:11:22:00 +0100] "GET /contact+ HTTP/1.1" 200 12 "-" "Python-urllib/3.7"
185.250.160.98 - Smartmart [17/Nov/2020:11:22:00 +0100] "PROPFIND /about-us HTTP/1.1" 207 334 "-" "Mozilla/5.0 (Windows) mirall/2.6.3 (build 13551)"
82.197.208.58 - - [17/Nov/2020:11:22:15 +0100] "GET /contact+ HTTP/1.1" 200 12 "-" "Python-urllib/3.7"
82.197.208.58 - - [17/Nov/2020:11:22:30 +0100] "GET /contact+ HTTP/1.1" 200 12 "-" "Python-urllib/3.7"
185.250.160.98 - Smartmart [17/Nov/2020:11:22:31 +0100] "PROPFIND /about-us HTTP/1.1" 207 334 "-" "Mozilla/5.0 (Windows) mirall/2.6.3 (build 13551)"
82.197.208.58 - - [17/Nov/2020:11:22:45 +0100] "GET /contact+ HTTP/1.1" 200 12 "-" "Python-urllib/3.7"
185.250.160.98 - Smartmart [17/Nov/2020:11:22:59 +0100] "GET /ocs/v2.php/apps/notifications/api/v1/notifications?format=json HTTP/1.1" 200 108 "-" "Mozilla/5.0 (Windows) mirall/2.6.3 (build 13551)"
82.197.208.58 - - [17/Nov/2020:11:23:01 +0100] "GET /contact+ HTTP/1.1" 200 12 "-" "Python-urllib/3.7"
185.250.160.98 - Smartmart [17/Nov/2020:11:23:01 +0100] "PROPFIND /about-us HTTP/1.1" 207 334 "-" "Mozilla/5.0 (Windows) mirall/2.6.3 (build 13551)"
82.197.208.58 - - [17/Nov/2020:11:23:16 +0100] "GET /contact+ HTTP/1.1" 200 12 "-" "Python-urllib/3.7"
185.250.160.98 - Smartmart [17/Nov/2020:11:23:31 +0100] "PROPFIND /about-us HTTP/1.1" 207 334 "-" "Mozilla/5.0 (Windows) mirall/2.6.3 (build 13551)"
82.197.208.58 - - [17/Nov/2020:11:23:31 +0100] "GET /contact+ HTTP/1.1" 200 12 "-" "Python-urllib/3.7"
82.197.208.58 - - [17/Nov/2020:11:23:46 +0100] "GET /contact+ HTTP/1.1" 200 12 "-" "Python-urllib/3.7"
185.250.160.98 - Smartmart [17/Nov/2020:11:24:01 +0100] "PROPFIND /about-us HTTP/1.1" 207 334 "-" "Mozilla/5.0 (Windows) mirall/2.6.3 (build 13551)"
82.197.208.58 - - [17/Nov/2020:11:24:01 +0100] "GET /contact+ HTTP/1.1" 200 12 "-" "Python-urllib/3.7"
82.197.208.58 - - [17/Nov/2020:11:24:16 +0100] "GET /contact+ HTTP/1.1" 200 12 "-" "Python-urllib/3.7"
185.250.160.98 - Smartmart [17/Nov/2020:11:24:31 +0100] "PROPFIND /about-us HTTP/1.1" 207 334 "-" "Mozilla/5.0 (Windows) mirall/2.6.3 (build 13551)"
82.197.208.58 - - [17/Nov/2020:11:24:31 +0100] "GET /contact+ HTTP/1.1" 200 12 "-" "Python-urllib/3.7"
82.197.208.58 - - [17/Nov/2020:11:24:46 +0100] "GET /contact+ HTTP/1.1" 200 12 "-" "Python-urllib/3.7"
185.250.160.98 - Smartmart [17/Nov/2020:11:25:01 +0100] "PROPFIND /about-us HTTP/1.1" 207 334 "-" "Mozilla/5.0 (Windows) mirall/2.6.3 (build 13551)"
82.197.208.58 - - [17/Nov/2020:11:25:01 +0100] "GET /contact+ HTTP/1.1" 200 12 "-" "Python-urllib/3.7"
82.197.208.58 - - [17/Nov/2020:11:25:17 +0100] "GET /contact+ HTTP/1.1" 200 12 "-" "Python-urllib/3.7"
185.250.160.98 - Smartmart [17/Nov/2020:11:25:31 +0100] "PROPFIND /about-us HTTP/1.1" 207 334 "-" "Mozilla/5.0 (Windows) mirall/2.6.3 (build 13551)"
82.197.208.58 - - [17/Nov/2020:11:25:32 +0100] "GET /contact+ HTTP/1.1" 200 12 "-" "Python-urllib/3.7"
82.197.208.58 - - [17/Nov/2020:11:25:47 +0100] "GET /contact+ HTTP/1.1" 200 12 "-" "Python-urllib/3.7"
185.250.160.98 - Smartmart [17/Nov/2020:11:26:01 +0100] "PROPFIND /about-us HTTP/1.1" 207 334 "-" "Mozilla/5.0 (Windows) mirall/2.6.3 (build 13551)"
82.197.208.58 - - [17/Nov/2020:11:26:02 +0100] "GET /contact+ HTTP/1.1" 200 12 "-" "Python-urllib/3.7"
82.197.208.58 - - [17/Nov/2020:11:26:17 +0100] "GET /contact+ HTTP/1.1" 200 12 "-" "Python-urllib/3.7"
185.250.160.98 - Smartmart [17/Nov/2020:11:26:31 +0100] "PROPFIND /about-us HTTP/1.1" 207 334 "-" "Mozilla/5.0 (Windows) mirall/2.6.3 (build 13551)"
82.197.208.58 - - [17/Nov/2020:11:26:32 +0100] "GET /contact+ HTTP/1.1" 200 12 "-" "Python-urllib/3.7"
82.197.208.58 - - [17/Nov/2020:11:26:48 +0100] "GET /contact+ HTTP/1.1" 200 12 "-" "Python-urllib/3.7"
185.250.160.98 - Smartmart [17/Nov/2020:11:27:01 +0100] "PROPFIND /about-us HTTP/1.1" 207 334 "-" "Mozilla/5.0 (Windows) mirall/2.6.3 (build 13551)"
82.197.208.58 - - [17/Nov/2020:11:27:03 +0100] "GET /contact+ HTTP/1.1" 200 12 "-" "Python-urllib/3.7"
82.197.208.58 - - [17/Nov/2020:11:27:18 +0100] "GET /contact+ HTTP/1.1" 200 12 "-" "Python-urllib/3.7"
82.197.208.58 - - [17/Nov/2020:11:27:27 +0100] "POST /wp-cron.php HTTP/1.1" 200 0 "https://jongerenpanel.frl/wp-cron.php" "WordPress/5.5.3; https://jongerenpanel.frl"
185.191.171.12 - - [17/Nov/2020:11:27:27 +0100] "GET /robots.txt HTTP/1.1" 200 112 "-" "Mozilla/5.0 (compatible; SemrushBot/6~bl; +http://www.semrush.com/bot.html)"
185.191.171.6 - - [17/Nov/2020:11:27:28 +0100] "GET /agenda/ HTTP/1.1" 200 23077 "-" "Mozilla/5.0 (compatible; SemrushBot/6~bl; +http://www.semrush.com/bot.html)"
185.250.160.98 - Smartmart [17/Nov/2020:11:27:31 +0100] "PROPFIND /about-us HTTP/1.1" 207 334 "-" "Mozilla/5.0 (Windows) mirall/2.6.3 (build 13551)"
82.197.208.58 - - [17/Nov/2020:11:27:33 +0100] "GET /contact+ HTTP/1.1" 200 12 "-" "Python-urllib/3.7"
82.197.208.58 - - [17/Nov/2020:11:27:48 +0100] "GET /contact+ HTTP/1.1" 200 12 "-" "Python-urllib/3.7"
192.0.102.40 - - [17/Nov/2020:11:27:54 +0100] "HEAD / HTTP/1.1" 200 0 "-" "jetmon/1.0 (Jetpack Site Uptime Monitor by WordPress.com)"
185.250.160.98 - Smartmart [17/Nov/2020:11:27:59 +0100] "GET /ocs/v2.php/apps/notifications/api/v1/notifications?format=json HTTP/1.1" 200 108 "-" "Mozilla/5.0 (Windows) mirall/2.6.3 (build 13551)"
185.250.160.98 - Smartmart [17/Nov/2020:11:28:01 +0100] "PROPFIND /about-us HTTP/1.1" 207 334 "-" "Mozilla/5.0 (Windows) mirall/2.6.3 (build 13551)"
82.197.208.58 - - [17/Nov/2020:11:28:03 +0100] "GET /contact+ HTTP/1.1" 200 12 "-" "Python-urllib/3.7"
82.197.208.58 - - [17/Nov/2020:11:28:18 +0100] "GET /contact+ HTTP/1.1" 200 12 "-" "Python-urllib/3.7"
185.250.160.98 - Smartmart [17/Nov/2020:11:28:31 +0100] "PROPFIND /about-us HTTP/1.1" 207 334 "-" "Mozilla/5.0 (Windows) mirall/2.6.3 (build 13551)"
82.197.208.58 - - [17/Nov/2020:11:28:33 +0100] "GET /contact+ HTTP/1.1" 200 12 "-" "Python-urllib/3.7"
82.197.208.58 - - [17/Nov/2020:11:28:49 +0100] "GET /contact+ HTTP/1.1" 200 12 "-" "Python-urllib/3.7"
185.250.160.98 - Smartmart [17/Nov/2020:11:29:01 +0100] "PROPFIND /about-us HTTP/1.1" 207 334 "-" "Mozilla/5.0 (Windows) mirall/2.6.3 (build 13551)"
82.197.208.58 - - [17/Nov/2020:11:29:04 +0100] "GET /contact+ HTTP/1.1" 200 12 "-" "Python-urllib/3.7"
82.197.208.58 - - [17/Nov/2020:11:29:19 +0100] "GET /contact+ HTTP/1.1" 200 12 "-" "Python-urllib/3.7"
185.250.160.98 - Smartmart [17/Nov/2020:11:29:31 +0100] "PROPFIND /about-us HTTP/1.1" 207 334 "-" "Mozilla/5.0 (Windows) mirall/2.6.3 (build 13551)"
82.197.208.58 - - [17/Nov/2020:11:29:34 +0100] "GET /contact+ HTTP/1.1" 200 12 "-" "Python-urllib/3.7"
82.197.208.58 - - [17/Nov/2020:11:29:49 +0100] "GET /contact+ HTTP/1.1" 200 12 "-" "Python-urllib/3.7"
185.250.160.98 - Smartmart [17/Nov/2020:11:30:01 +0100] "PROPFIND /about-us HTTP/1.1" 207 334 "-" "Mozilla/5.0 (Windows) mirall/2.6.3 (build 13551)"
82.197.208.58 - - [17/Nov/2020:11:30:04 +0100] "GET /contact+ HTTP/1.1" 200 12 "-" "Python-urllib/3.7"
82.197.208.58 - - [17/Nov/2020:11:30:19 +0100] "GET /contact+ HTTP/1.1" 200 12 "-" "Python-urllib/3.7"
185.250.160.98 - Smartmart [17/Nov/2020:11:30:31 +0100] "PROPFIND /about-us HTTP/1.1" 207 334 "-" "Mozilla/5.0 (Windows) mirall/2.6.3 (build 13551)"
82.197.208.58 - - [17/Nov/2020:11:30:35 +0100] "GET /contact+ HTTP/1.1" 200 12 "-" "Python-urllib/3.7"
82.197.208.58 - - [17/Nov/2020:11:30:50 +0100] "GET /contact+ HTTP/1.1" 200 12 "-" "Python-urllib/3.7"
185.250.160.98 - Smartmart [17/Nov/2020:11:31:01 +0100] "PROPFIND /about-us HTTP/1.1" 207 334 "-" "Mozilla/5.0 (Windows) mirall/2.6.3 (build 13551)"
82.197.208.58 - - [17/Nov/2020:11:31:05 +0100] "GET /contact+ HTTP/1.1" 200 12 "-" "Python-urllib/3.7"
82.197.208.58 - - [17/Nov/2020:11:31:20 +0100] "GET /contact+ HTTP/1.1" 200 12 "-" "Python-urllib/3.7"
185.250.160.98 - Smartmart [17/Nov/2020:11:31:31 +0100] "PROPFIND /about-us HTTP/1.1" 207 334 "-" "Mozilla/5.0 (Windows) mirall/2.6.3 (build 13551)"
82.197.208.58 - - [17/Nov/2020:11:31:35 +0100] "GET /contact+ HTTP/1.1" 200 12 "-" "Python-urllib/3.7"
82.197.208.58 - - [17/Nov/2020:11:31:50 +0100] "GET /contact+ HTTP/1.1" 200 12 "-" "Python-urllib/3.7"
185.250.160.98 - Smartmart [17/Nov/2020:11:32:01 +0100] "PROPFIND /about-us HTTP/1.1" 207 334 "-" "Mozilla/5.0 (Windows) mirall/2.6.3 (build 13551)"
82.197.208.58 - - [17/Nov/2020:11:32:05 +0100] "GET /contact+ HTTP/1.1" 200 12 "-" "Python-urllib/3.7"
82.197.208.58 - - [17/Nov/2020:11:32:20 +0100] "GET /contact+ HTTP/1.1" 200 12 "-" "Python-urllib/3.7"
185.250.160.98 - Smartmart [17/Nov/2020:11:32:31 +0100] "PROPFIND /about-us HTTP/1.1" 207 334 "-" "Mozilla/5.0 (Windows) mirall/2.6.3 (build 13551)"
82.197.208.58 - - [17/Nov/2020:11:32:36 +0100] "GET /contact+ HTTP/1.1" 200 12 "-" "Python-urllib/3.7"
82.197.208.58 - - [17/Nov/2020:11:32:51 +0100] "GET /contact+ HTTP/1.1" 200 12 "-" "Python-urllib/3.7"
185.250.160.98 - Smartmart [17/Nov/2020:11:32:59 +0100] "GET /ocs/v2.php/apps/notifications/api/v1/notifications?format=json HTTP/1.1" 200 108 "-" "Mozilla/5.0 (Windows) mirall/2.6.3 (build 13551)"
185.250.160.98 - Smartmart [17/Nov/2020:11:33:01 +0100] "PROPFIND /about-us HTTP/1.1" 207 334 "-" "Mozilla/5.0 (Windows) mirall/2.6.3 (build 13551)"
82.197.208.58 - - [17/Nov/2020:11:33:06 +0100] "GET /contact+ HTTP/1.1" 200 12 "-" "Python-urllib/3.7"
82.197.208.58 - - [17/Nov/2020:11:33:21 +0100] "GET /contact+ HTTP/1.1" 200 12 "-" "Python-urllib/3.7"
104.131.13.207 - - [17/Nov/2020:11:33:23 +0100] "GET /wp-login.php HTTP/1.1" 200 4368 "-" "Mozilla/5.0 (X11; Ubuntu; Linux x86_64; rv:62.0) Gecko/20100101 Firefox/62.0"
104.131.13.207 - - [17/Nov/2020:11:33:23 +0100] "POST /wp-login.php HTTP/1.1" 200 4368 "-" "Mozilla/5.0 (X11; Ubuntu; Linux x86_64; rv:62.0) Gecko/20100101 Firefox/62.0"
104.131.13.207 - - [17/Nov/2020:11:33:25 +0100] "POST /xmlrpc.php HTTP/1.1" 200 256 "-" "Mozilla/5.0 (X11; Ubuntu; Linux x86_64; rv:62.0) Gecko/20100101 Firefox/62.0"
185.250.160.98 - Smartmart [17/Nov/2020:11:33:31 +0100] "PROPFIND /about-us HTTP/1.1" 207 334 "-" "Mozilla/5.0 (Windows) mirall/2.6.3 (build 13551)"
82.197.208.58 - - [17/Nov/2020:11:33:36 +0100] "GET /contact+ HTTP/1.1" 200 12 "-" "Python-urllib/3.7"
82.197.208.58 - - [17/Nov/2020:11:33:51 +0100] "GET /contact+ HTTP/1.1" 200 12 "-" "Python-urllib/3.7"
185.250.160.98 - Smartmart [17/Nov/2020:11:34:01 +0100] "PROPFIND /about-us HTTP/1.1" 207 334 "-" "Mozilla/5.0 (Windows) mirall/2.6.3 (build 13551)"
82.197.208.58 - - [17/Nov/2020:11:34:06 +0100] "GET /contact+ HTTP/1.1" 200 12 "-" "Python-urllib/3.7"
82.197.208.58 - - [17/Nov/2020:11:34:21 +0100] "GET /contact+ HTTP/1.1" 200 12 "-" "Python-urllib/3.7"
185.250.160.98 - Smartmart [17/Nov/2020:11:34:31 +0100] "PROPFIND /about-us HTTP/1.1" 207 334 "-" "Mozilla/5.0 (Windows) mirall/2.6.3 (build 13551)"
82.197.208.58 - - [17/Nov/2020:11:34:37 +0100] "GET /contact+ HTTP/1.1" 200 12 "-" "Python-urllib/3.7"
82.197.208.58 - - [17/Nov/2020:11:34:52 +0100] "GET /contact+ HTTP/1.1" 200 12 "-" "Python-urllib/3.7"
185.250.160.98 - Smartmart [17/Nov/2020:11:35:01 +0100] "PROPFIND /about-us HTTP/1.1" 207 334 "-" "Mozilla/5.0 (Windows) mirall/2.6.3 (build 13551)"
82.197.208.58 - - [17/Nov/2020:11:35:07 +0100] "GET /contact+ HTTP/1.1" 200 12 "-" "Python-urllib/3.7"
82.197.208.58 - - [17/Nov/2020:11:35:22 +0100] "GET /contact+ HTTP/1.1" 200 12 "-" "Python-urllib/3.7"
185.250.160.98 - Smartmart [17/Nov/2020:11:35:31 +0100] "PROPFIND /about-us HTTP/1.1" 207 334 "-" "Mozilla/5.0 (Windows) mirall/2.6.3 (build 13551)"
82.197.208.58 - - [17/Nov/2020:11:35:37 +0100] "GET /contact+ HTTP/1.1" 200 12 "-" "Python-urllib/3.7"
82.197.208.58 - - [17/Nov/2020:11:35:53 +0100] "GET /contact+ HTTP/1.1" 200 12 "-" "Python-urllib/3.7"
192.0.102.40 - - [17/Nov/2020:11:35:53 +0100] "HEAD / HTTP/1.1" 200 0 "-" "jetmon/1.0 (Jetpack Site Uptime Monitor by WordPress.com)"
185.250.160.98 - Smartmart [17/Nov/2020:11:36:01 +0100] "PROPFIND /about-us HTTP/1.1" 207 334 "-" "Mozilla/5.0 (Windows) mirall/2.6.3 (build 13551)"
82.197.208.58 - - [17/Nov/2020:11:36:08 +0100] "GET /contact+ HTTP/1.1" 200 12 "-" "Python-urllib/3.7"
82.197.208.58 - - [17/Nov/2020:11:36:23 +0100] "GET /contact+ HTTP/1.1" 200 12 "-" "Python-urllib/3.7"
185.250.160.98 - Smartmart [17/Nov/2020:11:36:31 +0100] "PROPFIND /about-us HTTP/1.1" 207 334 "-" "Mozilla/5.0 (Windows) mirall/2.6.3 (build 13551)"
82.197.208.58 - - [17/Nov/2020:11:36:38 +0100] "GET /contact+ HTTP/1.1" 200 12 "-" "Python-urllib/3.7"
82.197.208.58 - - [17/Nov/2020:11:36:53 +0100] "GET /contact+ HTTP/1.1" 200 12 "-" "Python-urllib/3.7"
185.250.160.98 - Smartmart [17/Nov/2020:11:37:01 +0100] "PROPFIND /about-us HTTP/1.1" 207 334 "-" "Mozilla/5.0 (Windows) mirall/2.6.3 (build 13551)"
82.197.208.58 - - [17/Nov/2020:11:37:08 +0100] "GET /contact+ HTTP/1.1" 200 12 "-" "Python-urllib/3.7"
82.197.208.58 - - [17/Nov/2020:11:37:24 +0100] "GET /contact+ HTTP/1.1" 200 12 "-" "Python-urllib/3.7"
185.250.160.98 - Smartmart [17/Nov/2020:11:37:31 +0100] "PROPFIND /about-us HTTP/1.1" 207 334 "-" "Mozilla/5.0 (Windows) mirall/2.6.3 (build 13551)"
82.197.208.58 - - [17/Nov/2020:11:37:39 +0100] "GET /contact+ HTTP/1.1" 200 12 "-" "Python-urllib/3.7"
82.197.208.58 - - [17/Nov/2020:11:37:54 +0100] "GET /contact+ HTTP/1.1" 200 12 "-" "Python-urllib/3.7"
185.250.160.98 - Smartmart [17/Nov/2020:11:37:59 +0100] "GET /ocs/v2.php/apps/notifications/api/v1/notifications?format=json HTTP/1.1" 200 108 "-" "Mozilla/5.0 (Windows) mirall/2.6.3 (build 13551)"
185.250.160.98 - Smartmart [17/Nov/2020:11:38:01 +0100] "PROPFIND /about-us HTTP/1.1" 207 334 "-" "Mozilla/5.0 (Windows) mirall/2.6.3 (build 13551)"
82.197.208.58 - - [17/Nov/2020:11:38:10 +0100] "GET /contact+ HTTP/1.1" 200 12 "-" "Python-urllib/3.7"
82.197.208.58 - - [17/Nov/2020:11:38:25 +0100] "GET /contact+ HTTP/1.1" 200 12 "-" "Python-urllib/3.7"
185.250.160.98 - Smartmart [17/Nov/2020:11:38:31 +0100] "PROPFIND /about-us HTTP/1.1" 207 334 "-" "Mozilla/5.0 (Windows) mirall/2.6.3 (build 13551)"
82.197.208.58 - - [17/Nov/2020:11:38:40 +0100] "GET /contact+ HTTP/1.1" 200 12 "-" "Python-urllib/3.7"
82.197.208.58 - - [17/Nov/2020:11:38:55 +0100] "GET /contact+ HTTP/1.1" 200 12 "-" "Python-urllib/3.7"
185.250.160.98 - Smartmart [17/Nov/2020:11:39:01 +0100] "PROPFIND /about-us HTTP/1.1" 207 334 "-" "Mozilla/5.0 (Windows) mirall/2.6.3 (build 13551)"
82.197.208.58 - - [17/Nov/2020:11:39:10 +0100] "GET /contact+ HTTP/1.1" 200 12 "-" "Python-urllib/3.7"
82.197.208.58 - - [17/Nov/2020:11:39:25 +0100] "GET /contact+ HTTP/1.1" 200 12 "-" "Python-urllib/3.7"
185.250.160.98 - Smartmart [17/Nov/2020:11:39:31 +0100] "PROPFIND /about-us HTTP/1.1" 207 334 "-" "Mozilla/5.0 (Windows) mirall/2.6.3 (build 13551)"
82.197.208.58 - - [17/Nov/2020:11:39:40 +0100] "GET /contact+ HTTP/1.1" 200 12 "-" "Python-urllib/3.7"
82.197.208.58 - - [17/Nov/2020:11:39:55 +0100] "GET /contact+ HTTP/1.1" 200 12 "-" "Python-urllib/3.7"
185.250.160.98 - Smartmart [17/Nov/2020:11:40:01 +0100] "PROPFIND /about-us HTTP/1.1" 207 334 "-" "Mozilla/5.0 (Windows) mirall/2.6.3 (build 13551)"
82.197.208.58 - - [17/Nov/2020:11:40:11 +0100] "GET /contact+ HTTP/1.1" 200 12 "-" "Python-urllib/3.7"
82.197.208.58 - - [17/Nov/2020:11:40:26 +0100] "GET /contact+ HTTP/1.1" 200 12 "-" "Python-urllib/3.7"
185.250.160.98 - Smartmart [17/Nov/2020:11:40:31 +0100] "PROPFIND /about-us HTTP/1.1" 207 334 "-" "Mozilla/5.0 (Windows) mirall/2.6.3 (build 13551)"
82.197.208.58 - - [17/Nov/2020:11:40:41 +0100] "GET /contact+ HTTP/1.1" 200 12 "-" "Python-urllib/3.7"
82.197.208.58 - - [17/Nov/2020:11:40:56 +0100] "GET /contact+ HTTP/1.1" 200 12 "-" "Python-urllib/3.7"
185.250.160.98 - Smartmart [17/Nov/2020:11:41:01 +0100] "PROPFIND /about-us HTTP/1.1" 207 334 "-" "Mozilla/5.0 (Windows) mirall/2.6.3 (build 13551)"
82.197.208.58 - - [17/Nov/2020:11:41:11 +0100] "GET /contact+ HTTP/1.1" 200 12 "-" "Python-urllib/3.7"
82.197.208.58 - - [17/Nov/2020:11:41:26 +0100] "GET /contact+ HTTP/1.1" 200 12 "-" "Python-urllib/3.7"
185.250.160.98 - Smartmart [17/Nov/2020:11:41:31 +0100] "PROPFIND /about-us HTTP/1.1" 207 334 "-" "Mozilla/5.0 (Windows) mirall/2.6.3 (build 13551)"
82.197.208.58 - - [17/Nov/2020:11:41:41 +0100] "GET /contact+ HTTP/1.1" 200 12 "-" "Python-urllib/3.7"
82.197.208.58 - - [17/Nov/2020:11:41:57 +0100] "GET /contact+ HTTP/1.1" 200 12 "-" "Python-urllib/3.7"
185.250.160.98 - Smartmart [17/Nov/2020:11:42:01 +0100] "PROPFIND /about-us HTTP/1.1" 207 334 "-" "Mozilla/5.0 (Windows) mirall/2.6.3 (build 13551)"
82.197.208.58 - - [17/Nov/2020:11:42:12 +0100] "GET /contact+ HTTP/1.1" 200 12 "-" "Python-urllib/3.7"
82.197.208.58 - - [17/Nov/2020:11:42:27 +0100] "GET /contact+ HTTP/1.1" 200 12 "-" "Python-urllib/3.7"
185.250.160.98 - Smartmart [17/Nov/2020:11:42:31 +0100] "PROPFIND /about-us HTTP/1.1" 207 334 "-" "Mozilla/5.0 (Windows) mirall/2.6.3 (build 13551)"
82.197.208.58 - - [17/Nov/2020:11:42:42 +0100] "GET /contact+ HTTP/1.1" 200 12 "-" "Python-urllib/3.7"
82.197.208.58 - - [17/Nov/2020:11:42:57 +0100] "GET /contact+ HTTP/1.1" 200 12 "-" "Python-urllib/3.7"
185.250.160.98 - Smartmart [17/Nov/2020:11:42:59 +0100] "GET /ocs/v2.php/apps/notifications/api/v1/notifications?format=json HTTP/1.1" 200 108 "-" "Mozilla/5.0 (Windows) mirall/2.6.3 (build 13551)"
185.250.160.98 - Smartmart [17/Nov/2020:11:43:01 +0100] "PROPFIND /about-us HTTP/1.1" 207 334 "-" "Mozilla/5.0 (Windows) mirall/2.6.3 (build 13551)"
82.197.208.58 - - [17/Nov/2020:11:43:12 +0100] "GET /contact+ HTTP/1.1" 200 12 "-" "Python-urllib/3.7"
82.197.208.58 - - [17/Nov/2020:11:43:27 +0100] "GET /contact+ HTTP/1.1" 200 12 "-" "Python-urllib/3.7"
185.250.160.98 - Smartmart [17/Nov/2020:11:43:31 +0100] "PROPFIND /about-us HTTP/1.1" 207 334 "-" "Mozilla/5.0 (Windows) mirall/2.6.3 (build 13551)"
192.0.102.40 - - [17/Nov/2020:11:43:39 +0100] "HEAD / HTTP/1.1" 200 0 "-" "jetmon/1.0 (Jetpack Site Uptime Monitor by WordPress.com)"
82.197.208.58 - - [17/Nov/2020:11:43:42 +0100] "GET /contact+ HTTP/1.1" 200 12 "-" "Python-urllib/3.7"
82.197.208.58 - - [17/Nov/2020:11:43:58 +0100] "GET /contact+ HTTP/1.1" 200 12 "-" "Python-urllib/3.7"
185.250.160.98 - Smartmart [17/Nov/2020:11:44:01 +0100] "PROPFIND /about-us HTTP/1.1" 207 334 "-" "Mozilla/5.0 (Windows) mirall/2.6.3 (build 13551)"
