82.197.208.58 - - [17/Nov/2020:06:25:07 +0100] "GET /contact+ HTTP/1.1" 200 12 "-" "Python-urllib/3.7"
82.197.208.58 - - [17/Nov/2020:06:25:25 +0100] "GET /contact+ HTTP/1.1" 200 12 "-" "Python-urllib/3.7"
82.197.208.58 - - [17/Nov/2020:06:25:40 +0100] "GET /contact+ HTTP/1.1" 200 12 "-" "Python-urllib/3.7"
82.197.208.58 - - [17/Nov/2020:06:25:55 +0100] "GET /contact+ HTTP/1.1" 200 12 "-" "Python-urllib/3.7"
82.197.208.58 - - [17/Nov/2020:06:26:11 +0100] "GET /contact+ HTTP/1.1" 200 12 "-" "Python-urllib/3.7"
82.197.208.58 - - [17/Nov/2020:06:26:26 +0100] "GET /contact+ HTTP/1.1" 200 12 "-" "Python-urllib/3.7"
82.197.208.58 - - [17/Nov/2020:06:26:41 +0100] "GET /contact+ HTTP/1.1" 200 12 "-" "Python-urllib/3.7"
82.197.208.58 - - [17/Nov/2020:06:26:56 +0100] "GET /contact+ HTTP/1.1" 200 12 "-" "Python-urllib/3.7"
82.197.208.58 - - [17/Nov/2020:06:27:11 +0100] "GET /contact+ HTTP/1.1" 200 12 "-" "Python-urllib/3.7"
82.197.208.58 - - [17/Nov/2020:06:27:26 +0100] "GET /contact+ HTTP/1.1" 200 12 "-" "Python-urllib/3.7"
82.197.208.58 - - [17/Nov/2020:06:27:41 +0100] "GET /contact+ HTTP/1.1" 200 12 "-" "Python-urllib/3.7"
82.197.208.58 - - [17/Nov/2020:06:27:56 +0100] "GET /contact+ HTTP/1.1" 200 12 "-" "Python-urllib/3.7"
82.197.208.58 - - [17/Nov/2020:06:28:12 +0100] "GET /contact+ HTTP/1.1" 200 12 "-" "Python-urllib/3.7"
82.197.208.58 - - [17/Nov/2020:06:28:27 +0100] "GET /contact+ HTTP/1.1" 200 12 "-" "Python-urllib/3.7"
82.197.208.58 - - [17/Nov/2020:06:28:42 +0100] "GET /contact+ HTTP/1.1" 200 12 "-" "Python-urllib/3.7"
192.0.102.40 - - [17/Nov/2020:06:28:52 +0100] "HEAD / HTTP/1.1" 200 0 "-" "jetmon/1.0 (Jetpack Site Uptime Monitor by WordPress.com)"
82.197.208.58 - - [17/Nov/2020:06:28:57 +0100] "GET /contact+ HTTP/1.1" 200 12 "-" "Python-urllib/3.7"
82.197.208.58 - - [17/Nov/2020:06:29:12 +0100] "GET /contact+ HTTP/1.1" 200 12 "-" "Python-urllib/3.7"
82.197.208.58 - - [17/Nov/2020:06:29:27 +0100] "GET /contact+ HTTP/1.1" 200 12 "-" "Python-urllib/3.7"
82.197.208.58 - - [17/Nov/2020:06:29:42 +0100] "GET /contact+ HTTP/1.1" 200 12 "-" "Python-urllib/3.7"
82.197.208.58 - - [17/Nov/2020:06:29:57 +0100] "GET /contact+ HTTP/1.1" 200 12 "-" "Python-urllib/3.7"
82.197.208.58 - - [17/Nov/2020:06:30:12 +0100] "GET /contact+ HTTP/1.1" 200 12 "-" "Python-urllib/3.7"
82.197.208.58 - - [17/Nov/2020:06:30:28 +0100] "GET /contact+ HTTP/1.1" 200 12 "-" "Python-urllib/3.7"
82.197.208.58 - - [17/Nov/2020:06:30:43 +0100] "GET /contact+ HTTP/1.1" 200 12 "-" "Python-urllib/3.7"
82.197.208.58 - - [17/Nov/2020:06:30:58 +0100] "GET /contact+ HTTP/1.1" 200 12 "-" "Python-urllib/3.7"
82.197.208.58 - - [17/Nov/2020:06:31:13 +0100] "GET /contact+ HTTP/1.1" 200 12 "-" "Python-urllib/3.7"
82.197.208.58 - - [17/Nov/2020:06:31:28 +0100] "GET /contact+ HTTP/1.1" 200 12 "-" "Python-urllib/3.7"
82.197.208.58 - - [17/Nov/2020:06:31:43 +0100] "GET /contact+ HTTP/1.1" 200 12 "-" "Python-urllib/3.7"
82.197.208.58 - - [17/Nov/2020:06:31:58 +0100] "GET /contact+ HTTP/1.1" 200 12 "-" "Python-urllib/3.7"
82.197.208.58 - - [17/Nov/2020:06:32:14 +0100] "GET /contact+ HTTP/1.1" 200 12 "-" "Python-urllib/3.7"
82.197.208.58 - - [17/Nov/2020:06:32:29 +0100] "GET /contact+ HTTP/1.1" 200 12 "-" "Python-urllib/3.7"
82.197.208.58 - - [17/Nov/2020:06:32:44 +0100] "GET /contact+ HTTP/1.1" 200 12 "-" "Python-urllib/3.7"
82.197.208.58 - - [17/Nov/2020:06:32:59 +0100] "GET /contact+ HTTP/1.1" 200 12 "-" "Python-urllib/3.7"
82.197.208.58 - - [17/Nov/2020:06:33:14 +0100] "GET /contact+ HTTP/1.1" 200 12 "-" "Python-urllib/3.7"
82.197.208.58 - - [17/Nov/2020:06:33:29 +0100] "GET /contact+ HTTP/1.1" 200 12 "-" "Python-urllib/3.7"
82.197.208.58 - - [17/Nov/2020:06:33:44 +0100] "GET /contact+ HTTP/1.1" 200 12 "-" "Python-urllib/3.7"
82.197.208.58 - - [17/Nov/2020:06:33:59 +0100] "GET /contact+ HTTP/1.1" 200 12 "-" "Python-urllib/3.7"
82.197.208.58 - - [17/Nov/2020:06:34:15 +0100] "GET /contact+ HTTP/1.1" 200 12 "-" "Python-urllib/3.7"
82.197.208.58 - - [17/Nov/2020:06:34:30 +0100] "GET /contact+ HTTP/1.1" 200 12 "-" "Python-urllib/3.7"
82.197.208.58 - - [17/Nov/2020:06:34:45 +0100] "GET /contact+ HTTP/1.1" 200 12 "-" "Python-urllib/3.7"
82.197.208.58 - - [17/Nov/2020:06:35:00 +0100] "GET /contact+ HTTP/1.1" 200 12 "-" "Python-urllib/3.7"
82.197.208.58 - - [17/Nov/2020:06:35:15 +0100] "GET /contact+ HTTP/1.1" 200 12 "-" "Python-urllib/3.7"
82.197.208.58 - - [17/Nov/2020:06:35:30 +0100] "GET /contact+ HTTP/1.1" 200 12 "-" "Python-urllib/3.7"
82.197.208.58 - - [17/Nov/2020:06:35:45 +0100] "GET /contact+ HTTP/1.1" 200 12 "-" "Python-urllib/3.7"
82.197.208.58 - - [17/Nov/2020:06:36:00 +0100] "GET /contact+ HTTP/1.1" 200 12 "-" "Python-urllib/3.7"
82.197.208.58 - - [17/Nov/2020:06:36:15 +0100] "GET /contact+ HTTP/1.1" 200 12 "-" "Python-urllib/3.7"
192.0.102.40 - - [17/Nov/2020:06:36:23 +0100] "HEAD / HTTP/1.1" 200 0 "-" "jetmon/1.0 (Jetpack Site Uptime Monitor by WordPress.com)"
82.197.208.58 - - [17/Nov/2020:06:36:31 +0100] "GET /contact+ HTTP/1.1" 200 12 "-" "Python-urllib/3.7"
82.197.208.58 - - [17/Nov/2020:06:36:46 +0100] "GET /contact+ HTTP/1.1" 200 12 "-" "Python-urllib/3.7"
82.197.208.58 - - [17/Nov/2020:06:37:01 +0100] "GET /contact+ HTTP/1.1" 200 12 "-" "Python-urllib/3.7"
82.197.208.58 - - [17/Nov/2020:06:37:16 +0100] "GET /contact+ HTTP/1.1" 200 12 "-" "Python-urllib/3.7"
82.197.208.58 - - [17/Nov/2020:06:37:31 +0100] "GET /contact+ HTTP/1.1" 200 12 "-" "Python-urllib/3.7"
82.197.208.58 - - [17/Nov/2020:06:37:46 +0100] "GET /contact+ HTTP/1.1" 200 12 "-" "Python-urllib/3.7"
82.197.208.58 - - [17/Nov/2020:06:38:01 +0100] "GET /contact+ HTTP/1.1" 200 12 "-" "Python-urllib/3.7"
82.197.208.58 - - [17/Nov/2020:06:38:17 +0100] "GET /contact+ HTTP/1.1" 200 12 "-" "Python-urllib/3.7"
185.191.171.39 - - [17/Nov/2020:06:38:18 +0100] "GET /robots.txt HTTP/1.1" 200 121 "-" "Mozilla/5.0 (compatible; SemrushBot/6~bl; +http://www.semrush.com/bot.html)"
185.191.171.41 - - [17/Nov/2020:06:38:18 +0100] "GET /2017/09/01/technisch-teamleider-vhl-nordwin-zonnebootteam/ HTTP/1.1" 200 7323 "-" "Mozilla/5.0 (compatible; SemrushBot/6~bl; +http://www.semrush.com/bot.html)"
82.197.208.58 - - [17/Nov/2020:06:38:32 +0100] "GET /contact+ HTTP/1.1" 200 12 "-" "Python-urllib/3.7"
82.197.208.58 - - [17/Nov/2020:06:38:47 +0100] "GET /contact+ HTTP/1.1" 200 12 "-" "Python-urllib/3.7"
82.197.208.58 - - [17/Nov/2020:06:39:02 +0100] "GET /contact+ HTTP/1.1" 200 12 "-" "Python-urllib/3.7"
82.197.208.58 - - [17/Nov/2020:06:39:17 +0100] "GET /contact+ HTTP/1.1" 200 12 "-" "Python-urllib/3.7"
82.197.208.58 - - [17/Nov/2020:06:39:32 +0100] "GET /contact+ HTTP/1.1" 200 12 "-" "Python-urllib/3.7"
82.197.208.58 - - [17/Nov/2020:06:39:47 +0100] "GET /contact+ HTTP/1.1" 200 12 "-" "Python-urllib/3.7"
82.197.208.58 - - [17/Nov/2020:06:40:02 +0100] "GET /contact+ HTTP/1.1" 200 12 "-" "Python-urllib/3.7"
82.197.208.58 - - [17/Nov/2020:06:40:18 +0100] "GET /contact+ HTTP/1.1" 200 12 "-" "Python-urllib/3.7"
82.197.208.58 - - [17/Nov/2020:06:40:33 +0100] "GET /contact+ HTTP/1.1" 200 12 "-" "Python-urllib/3.7"
82.197.208.58 - - [17/Nov/2020:06:40:48 +0100] "GET /contact+ HTTP/1.1" 200 12 "-" "Python-urllib/3.7"
82.197.208.58 - - [17/Nov/2020:06:41:03 +0100] "GET /contact+ HTTP/1.1" 200 12 "-" "Python-urllib/3.7"
82.197.208.58 - - [17/Nov/2020:06:41:19 +0100] "GET /contact+ HTTP/1.1" 200 12 "-" "Python-urllib/3.7"
82.197.208.58 - - [17/Nov/2020:06:41:34 +0100] "GET /contact+ HTTP/1.1" 200 12 "-" "Python-urllib/3.7"
82.197.208.58 - - [17/Nov/2020:06:41:49 +0100] "GET /contact+ HTTP/1.1" 200 12 "-" "Python-urllib/3.7"
82.197.208.58 - - [17/Nov/2020:06:42:04 +0100] "GET /contact+ HTTP/1.1" 200 12 "-" "Python-urllib/3.7"
82.197.208.58 - - [17/Nov/2020:06:42:19 +0100] "GET /contact+ HTTP/1.1" 200 12 "-" "Python-urllib/3.7"
82.197.208.58 - - [17/Nov/2020:06:42:34 +0100] "GET /contact+ HTTP/1.1" 200 12 "-" "Python-urllib/3.7"
82.197.208.58 - - [17/Nov/2020:06:42:49 +0100] "GET /contact+ HTTP/1.1" 200 12 "-" "Python-urllib/3.7"
82.197.208.58 - - [17/Nov/2020:06:43:04 +0100] "GET /contact+ HTTP/1.1" 200 12 "-" "Python-urllib/3.7"
82.197.208.58 - - [17/Nov/2020:06:43:20 +0100] "GET /contact+ HTTP/1.1" 200 12 "-" "Python-urllib/3.7"
139.59.85.41 - - [17/Nov/2020:06:43:33 +0100] "GET /wp-login.php HTTP/1.1" 200 4366 "-" "Mozilla/5.0 (X11; Ubuntu; Linux x86_64; rv:62.0) Gecko/20100101 Firefox/62.0"
82.197.208.58 - - [17/Nov/2020:06:43:35 +0100] "GET /contact+ HTTP/1.1" 200 12 "-" "Python-urllib/3.7"
139.59.85.41 - - [17/Nov/2020:06:43:39 +0100] "POST /wp-login.php HTTP/1.1" 200 4366 "-" "Mozilla/5.0 (X11; Ubuntu; Linux x86_64; rv:62.0) Gecko/20100101 Firefox/62.0"
139.59.85.41 - - [17/Nov/2020:06:43:42 +0100] "POST /xmlrpc.php HTTP/1.1" 200 255 "-" "Mozilla/5.0 (X11; Ubuntu; Linux x86_64; rv:62.0) Gecko/20100101 Firefox/62.0"
82.197.208.58 - - [17/Nov/2020:06:43:50 +0100] "GET /contact+ HTTP/1.1" 200 12 "-" "Python-urllib/3.7"
82.197.208.58 - - [17/Nov/2020:06:44:05 +0100] "GET /contact+ HTTP/1.1" 200 12 "-" "Python-urllib/3.7"
192.0.102.40 - - [17/Nov/2020:06:44:14 +0100] "HEAD / HTTP/1.1" 200 0 "-" "jetmon/1.0 (Jetpack Site Uptime Monitor by WordPress.com)"
82.197.208.58 - - [17/Nov/2020:06:44:20 +0100] "GET /contact+ HTTP/1.1" 200 12 "-" "Python-urllib/3.7"
82.197.208.58 - - [17/Nov/2020:06:44:35 +0100] "GET /contact+ HTTP/1.1" 200 12 "-" "Python-urllib/3.7"
82.197.208.58 - - [17/Nov/2020:06:44:51 +0100] "GET /contact+ HTTP/1.1" 200 12 "-" "Python-urllib/3.7"
82.197.208.58 - - [17/Nov/2020:06:45:06 +0100] "GET /contact+ HTTP/1.1" 200 12 "-" "Python-urllib/3.7"
82.197.208.58 - - [17/Nov/2020:06:45:21 +0100] "GET /contact+ HTTP/1.1" 200 12 "-" "Python-urllib/3.7"
82.197.208.58 - - [17/Nov/2020:06:45:36 +0100] "GET /contact+ HTTP/1.1" 200 12 "-" "Python-urllib/3.7"
82.197.208.58 - - [17/Nov/2020:06:45:51 +0100] "GET /contact+ HTTP/1.1" 200 12 "-" "Python-urllib/3.7"
82.197.208.58 - - [17/Nov/2020:06:46:06 +0100] "GET /contact+ HTTP/1.1" 200 12 "-" "Python-urllib/3.7"
82.197.208.58 - - [17/Nov/2020:06:46:21 +0100] "GET /contact+ HTTP/1.1" 200 12 "-" "Python-urllib/3.7"
82.197.208.58 - - [17/Nov/2020:06:46:36 +0100] "GET /contact+ HTTP/1.1" 200 12 "-" "Python-urllib/3.7"
82.197.208.58 - - [17/Nov/2020:06:46:51 +0100] "GET /contact+ HTTP/1.1" 200 12 "-" "Python-urllib/3.7"
118.70.169.99 - - [17/Nov/2020:06:46:55 +0100] "GET /currentsetting.htm HTTP/1.1" 444 0 "-" "-"
82.197.208.58 - - [17/Nov/2020:06:47:06 +0100] "GET /contact+ HTTP/1.1" 200 12 "-" "Python-urllib/3.7"
82.197.208.58 - - [17/Nov/2020:06:47:22 +0100] "GET /contact+ HTTP/1.1" 200 12 "-" "Python-urllib/3.7"
213.32.122.82 - - [17/Nov/2020:06:47:30 +0100] "GET / HTTP/1.1" 499 0 "-" "Mozilla/5.0 (Windows NT 6.1) AppleWebKit/537.36 (KHTML, like Gecko) Chrome/41.0.2228.0 Safari/537.36"
213.32.122.82 - - [17/Nov/2020:06:47:30 +0100] "GET / HTTP/1.1" 400 666 "-" "Mozilla/5.0 (Windows NT 6.1) AppleWebKit/537.36 (KHTML, like Gecko) Chrome/41.0.2228.0 Safari/537.36"
82.197.208.58 - - [17/Nov/2020:06:47:37 +0100] "GET /contact+ HTTP/1.1" 200 12 "-" "Python-urllib/3.7"
82.197.208.58 - - [17/Nov/2020:06:47:52 +0100] "GET /contact+ HTTP/1.1" 200 12 "-" "Python-urllib/3.7"
82.197.208.58 - - [17/Nov/2020:06:48:00 +0100] "POST /wp-cron.php HTTP/1.1" 499 0 "http://jongerenpanel.frl/wp-cron.php" "WordPress/5.5.3; https://jongerenpanel.frl"
47.240.174.91 - - [17/Nov/2020:06:48:00 +0100] "GET /wp-content/plugins/background-image-cropper/header-cache.php.suspected HTTP/1.1" 301 0 "http://site.ru" "Mozilla/5.0 (Windows; U; Windows NT 5.1; en-US) AppleWebKit/533.4 (KHTML, like Gecko) Chrome/5.0.375.99 Safari/533.4"
47.240.174.91 - - [17/Nov/2020:06:48:01 +0100] "GET /wp-content/plugins/background-image-cropper/header-cache.php.suspected HTTP/1.1" 301 0 "http://site.ru" "Mozilla/5.0 (Windows; U; Windows NT 5.1; en-US) AppleWebKit/533.4 (KHTML, like Gecko) Chrome/5.0.375.99 Safari/533.4"
82.197.208.58 - - [17/Nov/2020:06:48:07 +0100] "GET /contact+ HTTP/1.1" 200 12 "-" "Python-urllib/3.7"
82.197.208.58 - - [17/Nov/2020:06:48:22 +0100] "GET /contact+ HTTP/1.1" 200 12 "-" "Python-urllib/3.7"
82.197.208.58 - - [17/Nov/2020:06:48:37 +0100] "GET /contact+ HTTP/1.1" 200 12 "-" "Python-urllib/3.7"
82.197.208.58 - - [17/Nov/2020:06:48:52 +0100] "GET /contact+ HTTP/1.1" 200 12 "-" "Python-urllib/3.7"
82.197.208.58 - - [17/Nov/2020:06:49:08 +0100] "GET /contact+ HTTP/1.1" 200 12 "-" "Python-urllib/3.7"
113.190.234.0 - - [17/Nov/2020:06:49:17 +0100] "GET /currentsetting.htm HTTP/1.1" 499 0 "-" "-"
82.197.208.58 - - [17/Nov/2020:06:49:23 +0100] "GET /contact+ HTTP/1.1" 200 12 "-" "Python-urllib/3.7"
82.197.208.58 - - [17/Nov/2020:06:49:38 +0100] "GET /contact+ HTTP/1.1" 200 12 "-" "Python-urllib/3.7"
82.197.208.58 - - [17/Nov/2020:06:49:53 +0100] "GET /contact+ HTTP/1.1" 200 12 "-" "Python-urllib/3.7"
82.197.208.58 - - [17/Nov/2020:06:50:08 +0100] "GET /contact+ HTTP/1.1" 200 12 "-" "Python-urllib/3.7"
82.197.208.58 - - [17/Nov/2020:06:50:23 +0100] "GET /contact+ HTTP/1.1" 200 12 "-" "Python-urllib/3.7"
82.197.208.58 - - [17/Nov/2020:06:50:38 +0100] "GET /contact+ HTTP/1.1" 200 12 "-" "Python-urllib/3.7"
82.197.208.58 - - [17/Nov/2020:06:50:54 +0100] "GET /contact+ HTTP/1.1" 200 12 "-" "Python-urllib/3.7"
82.197.208.58 - - [17/Nov/2020:06:51:09 +0100] "GET /contact+ HTTP/1.1" 200 12 "-" "Python-urllib/3.7"
82.197.208.58 - - [17/Nov/2020:06:51:24 +0100] "GET /contact+ HTTP/1.1" 200 12 "-" "Python-urllib/3.7"
82.197.208.58 - - [17/Nov/2020:06:51:39 +0100] "GET /contact+ HTTP/1.1" 200 12 "-" "Python-urllib/3.7"
82.197.208.58 - - [17/Nov/2020:06:51:54 +0100] "GET /contact+ HTTP/1.1" 200 12 "-" "Python-urllib/3.7"
188.165.210.14 - - [17/Nov/2020:06:52:04 +0100] "POST /xmlrpc.php HTTP/1.1" 200 256 "http://www.google.com.hk" "Mozilla/5.0 (Windows NT 6.1; WOW64) AppleWebKit/537.36 (KHTML, like Gecko) Chrome/42.0.2311.90 Safari/537.36"
82.197.208.58 - - [17/Nov/2020:06:52:09 +0100] "GET /contact+ HTTP/1.1" 200 12 "-" "Python-urllib/3.7"
192.0.102.40 - - [17/Nov/2020:06:52:10 +0100] "HEAD / HTTP/1.1" 200 0 "-" "jetmon/1.0 (Jetpack Site Uptime Monitor by WordPress.com)"
82.197.208.58 - - [17/Nov/2020:06:52:24 +0100] "GET /contact+ HTTP/1.1" 200 12 "-" "Python-urllib/3.7"
82.197.208.58 - - [17/Nov/2020:06:52:39 +0100] "GET /contact+ HTTP/1.1" 200 12 "-" "Python-urllib/3.7"
82.197.208.58 - - [17/Nov/2020:06:52:54 +0100] "GET /contact+ HTTP/1.1" 200 12 "-" "Python-urllib/3.7"
82.197.208.58 - - [17/Nov/2020:06:53:09 +0100] "GET /contact+ HTTP/1.1" 200 12 "-" "Python-urllib/3.7"
82.197.208.58 - - [17/Nov/2020:06:53:25 +0100] "GET /contact+ HTTP/1.1" 200 12 "-" "Python-urllib/3.7"
82.197.208.58 - - [17/Nov/2020:06:53:40 +0100] "GET /contact+ HTTP/1.1" 200 12 "-" "Python-urllib/3.7"
82.197.208.58 - - [17/Nov/2020:06:53:55 +0100] "GET /contact+ HTTP/1.1" 200 12 "-" "Python-urllib/3.7"
82.197.208.58 - - [17/Nov/2020:06:54:10 +0100] "GET /contact+ HTTP/1.1" 200 12 "-" "Python-urllib/3.7"
82.197.208.58 - - [17/Nov/2020:06:54:25 +0100] "GET /contact+ HTTP/1.1" 200 12 "-" "Python-urllib/3.7"
82.197.208.58 - - [17/Nov/2020:06:54:40 +0100] "GET /contact+ HTTP/1.1" 200 12 "-" "Python-urllib/3.7"
82.197.208.58 - - [17/Nov/2020:06:54:55 +0100] "GET /contact+ HTTP/1.1" 200 12 "-" "Python-urllib/3.7"
82.197.208.58 - - [17/Nov/2020:06:55:10 +0100] "GET /contact+ HTTP/1.1" 200 12 "-" "Python-urllib/3.7"
82.197.208.58 - - [17/Nov/2020:06:55:25 +0100] "GET /contact+ HTTP/1.1" 200 12 "-" "Python-urllib/3.7"
82.197.208.58 - - [17/Nov/2020:06:55:41 +0100] "GET /contact+ HTTP/1.1" 200 12 "-" "Python-urllib/3.7"
82.197.208.58 - - [17/Nov/2020:06:55:56 +0100] "GET /contact+ HTTP/1.1" 200 12 "-" "Python-urllib/3.7"
82.197.208.58 - - [17/Nov/2020:06:56:11 +0100] "GET /contact+ HTTP/1.1" 200 12 "-" "Python-urllib/3.7"
82.197.208.58 - - [17/Nov/2020:06:56:26 +0100] "GET /contact+ HTTP/1.1" 200 12 "-" "Python-urllib/3.7"
158.69.250.210 - - [17/Nov/2020:06:56:33 +0100] "GET /wp-login.php HTTP/1.1" 502 568 "-" "Mozilla/5.0 (Windows NT 10.0; WOW64) AppleWebKit/537.36 (KHTML, like Gecko) Chrome/46.0.2490.80 Safari/537.36"
82.197.208.58 - - [17/Nov/2020:06:56:41 +0100] "GET /contact+ HTTP/1.1" 200 12 "-" "Python-urllib/3.7"
82.197.208.58 - - [17/Nov/2020:06:56:56 +0100] "GET /contact+ HTTP/1.1" 200 12 "-" "Python-urllib/3.7"
158.69.250.210 - - [17/Nov/2020:06:57:01 +0100] "GET /robots.txt HTTP/1.1" 502 568 "-" "Mozilla/5.0 (Windows NT 10.0; WOW64) AppleWebKit/537.36 (KHTML, like Gecko) Chrome/46.0.2490.80 Safari/537.36"
82.197.208.58 - - [17/Nov/2020:06:57:11 +0100] "GET /contact+ HTTP/1.1" 200 12 "-" "Python-urllib/3.7"
82.197.208.58 - - [17/Nov/2020:06:57:27 +0100] "GET /contact+ HTTP/1.1" 200 12 "-" "Python-urllib/3.7"
82.197.208.58 - - [17/Nov/2020:06:57:42 +0100] "GET /contact+ HTTP/1.1" 200 12 "-" "Python-urllib/3.7"
82.197.208.58 - - [17/Nov/2020:06:57:57 +0100] "GET /contact+ HTTP/1.1" 200 12 "-" "Python-urllib/3.7"
82.197.208.58 - - [17/Nov/2020:06:58:12 +0100] "GET /contact+ HTTP/1.1" 200 12 "-" "Python-urllib/3.7"
82.197.208.58 - - [17/Nov/2020:06:58:27 +0100] "GET /contact+ HTTP/1.1" 200 12 "-" "Python-urllib/3.7"
82.197.208.58 - - [17/Nov/2020:06:58:42 +0100] "GET /contact+ HTTP/1.1" 200 12 "-" "Python-urllib/3.7"
82.197.208.58 - - [17/Nov/2020:06:58:57 +0100] "GET /contact+ HTTP/1.1" 200 12 "-" "Python-urllib/3.7"
82.197.208.58 - - [17/Nov/2020:06:59:13 +0100] "GET /contact+ HTTP/1.1" 200 12 "-" "Python-urllib/3.7"
82.197.208.58 - - [17/Nov/2020:06:59:28 +0100] "GET /contact+ HTTP/1.1" 200 12 "-" "Python-urllib/3.7"
192.0.102.40 - - [17/Nov/2020:06:59:42 +0100] "HEAD / HTTP/1.1" 200 0 "-" "jetmon/1.0 (Jetpack Site Uptime Monitor by WordPress.com)"
82.197.208.58 - - [17/Nov/2020:06:59:43 +0100] "GET /contact+ HTTP/1.1" 200 12 "-" "Python-urllib/3.7"
82.197.208.58 - - [17/Nov/2020:06:59:58 +0100] "GET /contact+ HTTP/1.1" 200 12 "-" "Python-urllib/3.7"
82.197.208.58 - - [17/Nov/2020:07:00:13 +0100] "GET /contact+ HTTP/1.1" 200 12 "-" "Python-urllib/3.7"
82.197.208.58 - - [17/Nov/2020:07:00:28 +0100] "GET /contact+ HTTP/1.1" 200 12 "-" "Python-urllib/3.7"
82.197.208.58 - - [17/Nov/2020:07:00:43 +0100] "GET /contact+ HTTP/1.1" 200 12 "-" "Python-urllib/3.7"
82.197.208.58 - - [17/Nov/2020:07:00:58 +0100] "GET /contact+ HTTP/1.1" 200 12 "-" "Python-urllib/3.7"
82.197.208.58 - - [17/Nov/2020:07:01:13 +0100] "GET /contact+ HTTP/1.1" 200 12 "-" "Python-urllib/3.7"
82.197.208.58 - - [17/Nov/2020:07:01:29 +0100] "GET /contact+ HTTP/1.1" 200 12 "-" "Python-urllib/3.7"
82.197.208.58 - - [17/Nov/2020:07:01:44 +0100] "GET /contact+ HTTP/1.1" 200 12 "-" "Python-urllib/3.7"
82.197.208.58 - - [17/Nov/2020:07:01:59 +0100] "GET /contact+ HTTP/1.1" 200 12 "-" "Python-urllib/3.7"
82.197.208.58 - - [17/Nov/2020:07:02:14 +0100] "GET /contact+ HTTP/1.1" 200 12 "-" "Python-urllib/3.7"
82.197.208.58 - - [17/Nov/2020:07:02:29 +0100] "GET /contact+ HTTP/1.1" 200 12 "-" "Python-urllib/3.7"
5.39.64.46 - - [17/Nov/2020:07:02:34 +0100] "GET /wp-login.php HTTP/1.1" 444 0 "-" "Mozilla/5.0 (Windows NT 10.0; WOW64) AppleWebKit/537.36 (KHTML, like Gecko) Chrome/46.0.2490.80 Safari/537.36"
5.39.64.46 - - [17/Nov/2020:07:02:39 +0100] "GET /robots.txt HTTP/1.1" 444 0 "-" "Mozilla/5.0 (Windows NT 10.0; WOW64) AppleWebKit/537.36 (KHTML, like Gecko) Chrome/46.0.2490.80 Safari/537.36"
82.197.208.58 - - [17/Nov/2020:07:02:44 +0100] "GET /contact+ HTTP/1.1" 200 12 "-" "Python-urllib/3.7"
82.197.208.58 - - [17/Nov/2020:07:02:59 +0100] "GET /contact+ HTTP/1.1" 200 12 "-" "Python-urllib/3.7"
82.197.208.58 - - [17/Nov/2020:07:03:14 +0100] "GET /contact+ HTTP/1.1" 200 12 "-" "Python-urllib/3.7"
18.196.96.172 - - [17/Nov/2020:07:03:28 +0100] "GET /nee HTTP/1.1" 301 178 "-" "Mozilla/5.0 (compatible; Let's Encrypt validation server; +https://www.letsencrypt.org)"
185.73.34.3 - - [17/Nov/2020:07:03:29 +0100] "GET /nee HTTP/1.0" 404 162 "http://schip.pwnies.nl/nee" "Mozilla/5.0 (compatible; Let's Encrypt validation server; +https://www.letsencrypt.org)"
18.196.96.172 - - [17/Nov/2020:07:03:29 +0100] "GET /nee HTTP/1.1" 404 136 "http://schip.pwnies.nl/nee" "Mozilla/5.0 (compatible; Let's Encrypt validation server; +https://www.letsencrypt.org)"
3.128.26.105 - - [17/Nov/2020:07:03:29 +0100] "GET /nee HTTP/1.1" 301 178 "-" "Mozilla/5.0 (compatible; Let's Encrypt validation server; +https://www.letsencrypt.org)"
66.133.109.36 - - [17/Nov/2020:07:03:29 +0100] "GET /nee HTTP/1.1" 301 178 "-" "Mozilla/5.0 (compatible; Let's Encrypt validation server; +https://www.letsencrypt.org)"
185.73.34.3 - - [17/Nov/2020:07:03:29 +0100] "GET /nee HTTP/1.0" 404 162 "http://schip.pwnies.nl/nee" "Mozilla/5.0 (compatible; Let's Encrypt validation server; +https://www.letsencrypt.org)"
3.128.26.105 - - [17/Nov/2020:07:03:29 +0100] "GET /nee HTTP/1.1" 404 136 "http://schip.pwnies.nl/nee" "Mozilla/5.0 (compatible; Let's Encrypt validation server; +https://www.letsencrypt.org)"
34.211.6.84 - - [17/Nov/2020:07:03:30 +0100] "GET /nee HTTP/1.1" 301 178 "-" "Mozilla/5.0 (compatible; Let's Encrypt validation server; +https://www.letsencrypt.org)"
82.197.208.58 - - [17/Nov/2020:07:03:30 +0100] "GET /contact+ HTTP/1.1" 200 12 "-" "Python-urllib/3.7"
185.73.34.3 - - [17/Nov/2020:07:03:30 +0100] "GET /nee HTTP/1.0" 404 162 "http://schip.pwnies.nl/nee" "Mozilla/5.0 (compatible; Let's Encrypt validation server; +https://www.letsencrypt.org)"
66.133.109.36 - - [17/Nov/2020:07:03:30 +0100] "GET /nee HTTP/1.1" 404 136 "http://schip.pwnies.nl/nee" "Mozilla/5.0 (compatible; Let's Encrypt validation server; +https://www.letsencrypt.org)"
82.197.208.58 - - [17/Nov/2020:07:03:45 +0100] "GET /contact+ HTTP/1.1" 200 12 "-" "Python-urllib/3.7"
82.197.208.58 - - [17/Nov/2020:07:04:00 +0100] "GET /contact+ HTTP/1.1" 200 12 "-" "Python-urllib/3.7"
82.197.208.58 - - [17/Nov/2020:07:04:15 +0100] "GET /contact+ HTTP/1.1" 200 12 "-" "Python-urllib/3.7"
82.197.208.58 - - [17/Nov/2020:07:04:30 +0100] "GET /contact+ HTTP/1.1" 200 12 "-" "Python-urllib/3.7"
82.197.208.58 - - [17/Nov/2020:07:04:45 +0100] "GET /contact+ HTTP/1.1" 200 12 "-" "Python-urllib/3.7"
82.197.208.58 - - [17/Nov/2020:07:05:00 +0100] "GET /contact+ HTTP/1.1" 200 12 "-" "Python-urllib/3.7"
82.197.208.58 - - [17/Nov/2020:07:05:15 +0100] "GET /contact+ HTTP/1.1" 200 12 "-" "Python-urllib/3.7"
66.133.109.36 - - [17/Nov/2020:07:05:25 +0100] "GET /nee HTTP/1.1" 404 136 "-" "Mozilla/5.0 (compatible; Let's Encrypt validation server; +https://www.letsencrypt.org)"
82.197.208.58 - - [17/Nov/2020:07:05:31 +0100] "GET /contact+ HTTP/1.1" 200 12 "-" "Python-urllib/3.7"
82.197.208.58 - - [17/Nov/2020:07:05:46 +0100] "GET /contact+ HTTP/1.1" 200 12 "-" "Python-urllib/3.7"
18.196.96.172 - - [17/Nov/2020:07:05:54 +0100] "GET /nee HTTP/1.1" 404 136 "-" "Mozilla/5.0 (compatible; Let's Encrypt validation server; +https://www.letsencrypt.org)"
3.128.26.105 - - [17/Nov/2020:07:05:54 +0100] "GET /nee HTTP/1.1" 404 136 "-" "Mozilla/5.0 (compatible; Let's Encrypt validation server; +https://www.letsencrypt.org)"
34.209.232.166 - - [17/Nov/2020:07:05:55 +0100] "GET /nee HTTP/1.1" 404 136 "-" "Mozilla/5.0 (compatible; Let's Encrypt validation server; +https://www.letsencrypt.org)"
64.78.149.164 - - [17/Nov/2020:07:05:55 +0100] "GET /nee HTTP/1.1" 404 136 "-" "Mozilla/5.0 (compatible; Let's Encrypt validation server; +https://www.letsencrypt.org)"
82.197.208.58 - - [17/Nov/2020:07:06:01 +0100] "GET /contact+ HTTP/1.1" 200 12 "-" "Python-urllib/3.7"
82.197.208.58 - - [17/Nov/2020:07:06:16 +0100] "GET /contact+ HTTP/1.1" 200 12 "-" "Python-urllib/3.7"
82.197.208.58 - - [17/Nov/2020:07:06:31 +0100] "GET /contact+ HTTP/1.1" 200 12 "-" "Python-urllib/3.7"
82.197.208.58 - - [17/Nov/2020:07:06:46 +0100] "GET /contact+ HTTP/1.1" 200 12 "-" "Python-urllib/3.7"
82.197.208.58 - - [17/Nov/2020:07:07:01 +0100] "GET /contact+ HTTP/1.1" 200 12 "-" "Python-urllib/3.7"
82.197.208.58 - - [17/Nov/2020:07:07:16 +0100] "GET /contact+ HTTP/1.1" 200 12 "-" "Python-urllib/3.7"
82.197.208.58 - - [17/Nov/2020:07:07:32 +0100] "GET /contact+ HTTP/1.1" 200 12 "-" "Python-urllib/3.7"
82.197.208.58 - - [17/Nov/2020:07:07:47 +0100] "GET /contact+ HTTP/1.1" 200 12 "-" "Python-urllib/3.7"
192.0.102.40 - - [17/Nov/2020:07:07:54 +0100] "HEAD / HTTP/1.1" 200 0 "-" "jetmon/1.0 (Jetpack Site Uptime Monitor by WordPress.com)"
82.197.208.58 - - [17/Nov/2020:07:08:02 +0100] "GET /contact+ HTTP/1.1" 200 12 "-" "Python-urllib/3.7"
82.197.208.58 - - [17/Nov/2020:07:08:17 +0100] "GET /contact+ HTTP/1.1" 200 12 "-" "Python-urllib/3.7"
82.197.208.58 - - [17/Nov/2020:07:08:32 +0100] "GET /contact+ HTTP/1.1" 200 12 "-" "Python-urllib/3.7"
82.197.208.58 - - [17/Nov/2020:07:08:47 +0100] "GET /contact+ HTTP/1.1" 200 12 "-" "Python-urllib/3.7"
82.197.208.58 - - [17/Nov/2020:07:09:02 +0100] "GET /contact+ HTTP/1.1" 200 12 "-" "Python-urllib/3.7"
82.197.208.58 - - [17/Nov/2020:07:09:17 +0100] "GET /contact+ HTTP/1.1" 200 12 "-" "Python-urllib/3.7"
82.197.208.58 - - [17/Nov/2020:07:09:33 +0100] "GET /contact+ HTTP/1.1" 200 12 "-" "Python-urllib/3.7"
82.197.208.58 - - [17/Nov/2020:07:09:48 +0100] "GET /contact+ HTTP/1.1" 200 12 "-" "Python-urllib/3.7"
82.197.208.58 - - [17/Nov/2020:07:10:03 +0100] "GET /contact+ HTTP/1.1" 200 12 "-" "Python-urllib/3.7"
82.197.208.58 - - [17/Nov/2020:07:10:18 +0100] "GET /contact+ HTTP/1.1" 200 12 "-" "Python-urllib/3.7"
82.197.208.58 - - [17/Nov/2020:07:10:33 +0100] "GET /contact+ HTTP/1.1" 200 12 "-" "Python-urllib/3.7"
82.197.208.58 - - [17/Nov/2020:07:10:48 +0100] "GET /contact+ HTTP/1.1" 200 12 "-" "Python-urllib/3.7"
82.197.208.58 - - [17/Nov/2020:07:11:04 +0100] "GET /contact+ HTTP/1.1" 200 12 "-" "Python-urllib/3.7"
82.197.208.58 - - [17/Nov/2020:07:11:19 +0100] "GET /contact+ HTTP/1.1" 200 12 "-" "Python-urllib/3.7"
82.197.208.58 - - [17/Nov/2020:07:11:34 +0100] "GET /contact+ HTTP/1.1" 200 12 "-" "Python-urllib/3.7"
82.197.208.58 - - [17/Nov/2020:07:11:49 +0100] "GET /contact+ HTTP/1.1" 200 12 "-" "Python-urllib/3.7"
82.197.208.58 - - [17/Nov/2020:07:12:04 +0100] "GET /contact+ HTTP/1.1" 200 12 "-" "Python-urllib/3.7"
82.197.208.58 - - [17/Nov/2020:07:12:19 +0100] "GET /contact+ HTTP/1.1" 200 12 "-" "Python-urllib/3.7"
82.197.208.58 - - [17/Nov/2020:07:12:34 +0100] "GET /contact+ HTTP/1.1" 200 12 "-" "Python-urllib/3.7"
82.197.208.58 - - [17/Nov/2020:07:12:50 +0100] "GET /contact+ HTTP/1.1" 200 12 "-" "Python-urllib/3.7"
82.197.208.58 - - [17/Nov/2020:07:13:05 +0100] "GET /contact+ HTTP/1.1" 200 12 "-" "Python-urllib/3.7"
82.197.208.58 - - [17/Nov/2020:07:13:20 +0100] "GET /contact+ HTTP/1.1" 200 12 "-" "Python-urllib/3.7"
82.197.208.58 - - [17/Nov/2020:07:13:35 +0100] "GET /contact+ HTTP/1.1" 200 12 "-" "Python-urllib/3.7"
82.197.208.58 - - [17/Nov/2020:07:13:51 +0100] "GET /contact+ HTTP/1.1" 200 12 "-" "Python-urllib/3.7"
82.197.208.58 - - [17/Nov/2020:07:14:06 +0100] "GET /contact+ HTTP/1.1" 200 12 "-" "Python-urllib/3.7"
82.197.208.58 - - [17/Nov/2020:07:14:21 +0100] "GET /contact+ HTTP/1.1" 200 12 "-" "Python-urllib/3.7"
82.197.208.58 - - [17/Nov/2020:07:14:36 +0100] "GET /contact+ HTTP/1.1" 200 12 "-" "Python-urllib/3.7"
82.197.208.58 - - [17/Nov/2020:07:14:51 +0100] "GET /contact+ HTTP/1.1" 200 12 "-" "Python-urllib/3.7"
82.197.208.58 - - [17/Nov/2020:07:15:06 +0100] "GET /contact+ HTTP/1.1" 200 12 "-" "Python-urllib/3.7"
82.197.208.58 - - [17/Nov/2020:07:15:21 +0100] "GET /contact+ HTTP/1.1" 200 12 "-" "Python-urllib/3.7"
82.197.208.58 - - [17/Nov/2020:07:15:36 +0100] "GET /contact+ HTTP/1.1" 200 12 "-" "Python-urllib/3.7"
192.0.102.40 - - [17/Nov/2020:07:15:43 +0100] "HEAD / HTTP/1.1" 200 0 "-" "jetmon/1.0 (Jetpack Site Uptime Monitor by WordPress.com)"
82.197.208.58 - - [17/Nov/2020:07:15:52 +0100] "GET /contact+ HTTP/1.1" 200 12 "-" "Python-urllib/3.7"
82.197.208.58 - - [17/Nov/2020:07:16:07 +0100] "GET /contact+ HTTP/1.1" 200 12 "-" "Python-urllib/3.7"
82.197.208.58 - - [17/Nov/2020:07:16:22 +0100] "GET /contact+ HTTP/1.1" 200 12 "-" "Python-urllib/3.7"
82.197.208.58 - - [17/Nov/2020:07:16:37 +0100] "GET /contact+ HTTP/1.1" 200 12 "-" "Python-urllib/3.7"
82.197.208.58 - - [17/Nov/2020:07:16:52 +0100] "GET /contact+ HTTP/1.1" 200 12 "-" "Python-urllib/3.7"
82.197.208.58 - - [17/Nov/2020:07:17:07 +0100] "GET /contact+ HTTP/1.1" 200 12 "-" "Python-urllib/3.7"
82.197.208.58 - - [17/Nov/2020:07:17:23 +0100] "GET /contact+ HTTP/1.1" 200 12 "-" "Python-urllib/3.7"
167.71.102.95 - - [17/Nov/2020:07:17:25 +0100] "\x00\x0E8\xA4\x06\x10V_E`\xEE\x00\x00\x00\x00\x00" 400 166 "-" "-"
82.197.208.58 - - [17/Nov/2020:07:17:38 +0100] "GET /contact+ HTTP/1.1" 200 12 "-" "Python-urllib/3.7"
82.197.208.58 - - [17/Nov/2020:07:17:53 +0100] "GET /contact+ HTTP/1.1" 200 12 "-" "Python-urllib/3.7"
82.197.208.58 - - [17/Nov/2020:07:18:08 +0100] "GET /contact+ HTTP/1.1" 200 12 "-" "Python-urllib/3.7"
82.197.208.58 - - [17/Nov/2020:07:18:23 +0100] "GET /contact+ HTTP/1.1" 200 12 "-" "Python-urllib/3.7"
82.197.208.58 - - [17/Nov/2020:07:18:38 +0100] "GET /contact+ HTTP/1.1" 200 12 "-" "Python-urllib/3.7"
82.197.208.58 - - [17/Nov/2020:07:18:53 +0100] "GET /contact+ HTTP/1.1" 200 12 "-" "Python-urllib/3.7"
82.197.208.58 - - [17/Nov/2020:07:19:08 +0100] "GET /contact+ HTTP/1.1" 200 12 "-" "Python-urllib/3.7"
82.197.208.58 - - [17/Nov/2020:07:19:23 +0100] "GET /contact+ HTTP/1.1" 200 12 "-" "Python-urllib/3.7"
82.197.208.58 - - [17/Nov/2020:07:19:39 +0100] "GET /contact+ HTTP/1.1" 200 12 "-" "Python-urllib/3.7"
82.197.208.58 - - [17/Nov/2020:07:19:54 +0100] "GET /contact+ HTTP/1.1" 200 12 "-" "Python-urllib/3.7"
82.197.208.58 - - [17/Nov/2020:07:20:09 +0100] "GET /contact+ HTTP/1.1" 200 12 "-" "Python-urllib/3.7"
82.197.208.58 - - [17/Nov/2020:07:20:24 +0100] "GET /contact+ HTTP/1.1" 200 12 "-" "Python-urllib/3.7"
82.197.208.58 - - [17/Nov/2020:07:20:39 +0100] "GET /contact+ HTTP/1.1" 200 12 "-" "Python-urllib/3.7"
82.197.208.58 - - [17/Nov/2020:07:20:54 +0100] "GET /contact+ HTTP/1.1" 200 12 "-" "Python-urllib/3.7"
82.197.208.58 - - [17/Nov/2020:07:21:09 +0100] "GET /contact+ HTTP/1.1" 200 12 "-" "Python-urllib/3.7"
82.197.208.58 - - [17/Nov/2020:07:21:24 +0100] "GET /contact+ HTTP/1.1" 200 12 "-" "Python-urllib/3.7"
82.197.208.58 - - [17/Nov/2020:07:21:39 +0100] "GET /contact+ HTTP/1.1" 200 12 "-" "Python-urllib/3.7"
82.197.208.58 - - [17/Nov/2020:07:21:55 +0100] "GET /contact+ HTTP/1.1" 200 12 "-" "Python-urllib/3.7"
82.197.208.58 - - [17/Nov/2020:07:22:10 +0100] "GET /contact+ HTTP/1.1" 200 12 "-" "Python-urllib/3.7"
82.197.208.58 - - [17/Nov/2020:07:22:25 +0100] "GET /contact+ HTTP/1.1" 200 12 "-" "Python-urllib/3.7"
82.197.208.58 - - [17/Nov/2020:07:22:40 +0100] "GET /contact+ HTTP/1.1" 200 12 "-" "Python-urllib/3.7"
82.197.208.58 - - [17/Nov/2020:07:22:55 +0100] "GET /contact+ HTTP/1.1" 200 12 "-" "Python-urllib/3.7"
82.197.208.58 - - [17/Nov/2020:07:23:10 +0100] "GET /contact+ HTTP/1.1" 200 12 "-" "Python-urllib/3.7"
82.197.208.58 - - [17/Nov/2020:07:23:25 +0100] "GET /contact+ HTTP/1.1" 200 12 "-" "Python-urllib/3.7"
192.0.102.40 - - [17/Nov/2020:07:23:28 +0100] "HEAD / HTTP/1.1" 200 0 "-" "jetmon/1.0 (Jetpack Site Uptime Monitor by WordPress.com)"
82.197.208.58 - - [17/Nov/2020:07:23:40 +0100] "GET /contact+ HTTP/1.1" 200 12 "-" "Python-urllib/3.7"
82.197.208.58 - - [17/Nov/2020:07:23:55 +0100] "GET /contact+ HTTP/1.1" 200 12 "-" "Python-urllib/3.7"
82.197.208.58 - - [17/Nov/2020:07:24:11 +0100] "GET /contact+ HTTP/1.1" 200 12 "-" "Python-urllib/3.7"
82.197.208.58 - - [17/Nov/2020:07:24:26 +0100] "GET /contact+ HTTP/1.1" 200 12 "-" "Python-urllib/3.7"
82.197.208.58 - - [17/Nov/2020:07:24:41 +0100] "GET /contact+ HTTP/1.1" 200 12 "-" "Python-urllib/3.7"
82.197.208.58 - - [17/Nov/2020:07:24:56 +0100] "GET /contact+ HTTP/1.1" 200 12 "-" "Python-urllib/3.7"
82.197.208.58 - - [17/Nov/2020:07:25:11 +0100] "GET /contact+ HTTP/1.1" 200 12 "-" "Python-urllib/3.7"
82.197.208.58 - - [17/Nov/2020:07:25:27 +0100] "GET /contact+ HTTP/1.1" 200 12 "-" "Python-urllib/3.7"
82.197.208.58 - - [17/Nov/2020:07:25:42 +0100] "GET /contact+ HTTP/1.1" 200 12 "-" "Python-urllib/3.7"
82.197.208.58 - - [17/Nov/2020:07:25:57 +0100] "GET /contact+ HTTP/1.1" 200 12 "-" "Python-urllib/3.7"
82.197.208.58 - - [17/Nov/2020:07:26:12 +0100] "GET /contact+ HTTP/1.1" 200 12 "-" "Python-urllib/3.7"
82.197.208.58 - - [17/Nov/2020:07:26:28 +0100] "GET /contact+ HTTP/1.1" 200 12 "-" "Python-urllib/3.7"
82.197.208.58 - - [17/Nov/2020:07:26:43 +0100] "GET /contact+ HTTP/1.1" 200 12 "-" "Python-urllib/3.7"
82.197.208.58 - - [17/Nov/2020:07:26:58 +0100] "GET /contact+ HTTP/1.1" 200 12 "-" "Python-urllib/3.7"
82.197.208.58 - - [17/Nov/2020:07:27:13 +0100] "GET /contact+ HTTP/1.1" 200 12 "-" "Python-urllib/3.7"
82.197.208.58 - - [17/Nov/2020:07:27:28 +0100] "GET /contact+ HTTP/1.1" 200 12 "-" "Python-urllib/3.7"
82.197.208.58 - - [17/Nov/2020:07:27:44 +0100] "GET /contact+ HTTP/1.1" 200 12 "-" "Python-urllib/3.7"
82.197.208.58 - - [17/Nov/2020:07:27:59 +0100] "GET /contact+ HTTP/1.1" 200 12 "-" "Python-urllib/3.7"
162.142.125.55 - - [17/Nov/2020:07:28:12 +0100] "GET / HTTP/1.1" 400 264 "-" "-"
162.142.125.55 - - [17/Nov/2020:07:28:12 +0100] "GET / HTTP/1.1" 400 264 "-" "Mozilla/5.0 (compatible; CensysInspect/1.1; +https://about.censys.io/)"
82.197.208.58 - - [17/Nov/2020:07:28:14 +0100] "GET /contact+ HTTP/1.1" 200 12 "-" "Python-urllib/3.7"
82.197.208.58 - - [17/Nov/2020:07:28:29 +0100] "GET /contact+ HTTP/1.1" 200 12 "-" "Python-urllib/3.7"
82.197.208.58 - - [17/Nov/2020:07:28:44 +0100] "GET /contact+ HTTP/1.1" 200 12 "-" "Python-urllib/3.7"
82.197.208.58 - - [17/Nov/2020:07:28:59 +0100] "GET /contact+ HTTP/1.1" 200 12 "-" "Python-urllib/3.7"
82.197.208.58 - - [17/Nov/2020:07:29:14 +0100] "GET /contact+ HTTP/1.1" 200 12 "-" "Python-urllib/3.7"
82.197.208.58 - - [17/Nov/2020:07:29:29 +0100] "GET /contact+ HTTP/1.1" 200 12 "-" "Python-urllib/3.7"
82.197.208.58 - - [17/Nov/2020:07:29:45 +0100] "GET /contact+ HTTP/1.1" 200 12 "-" "Python-urllib/3.7"
82.197.208.58 - - [17/Nov/2020:07:30:00 +0100] "GET /contact+ HTTP/1.1" 200 12 "-" "Python-urllib/3.7"
82.197.208.58 - - [17/Nov/2020:07:30:15 +0100] "GET /contact+ HTTP/1.1" 200 12 "-" "Python-urllib/3.7"
82.197.208.58 - - [17/Nov/2020:07:30:30 +0100] "GET /contact+ HTTP/1.1" 200 12 "-" "Python-urllib/3.7"
82.197.208.58 - - [17/Nov/2020:07:30:45 +0100] "GET /contact+ HTTP/1.1" 200 12 "-" "Python-urllib/3.7"
82.197.208.58 - - [17/Nov/2020:07:31:00 +0100] "GET /contact+ HTTP/1.1" 200 12 "-" "Python-urllib/3.7"
82.197.208.58 - - [17/Nov/2020:07:31:15 +0100] "GET /contact+ HTTP/1.1" 200 12 "-" "Python-urllib/3.7"
192.0.102.40 - - [17/Nov/2020:07:31:30 +0100] "HEAD / HTTP/1.1" 200 0 "-" "jetmon/1.0 (Jetpack Site Uptime Monitor by WordPress.com)"
82.197.208.58 - - [17/Nov/2020:07:31:30 +0100] "GET /contact+ HTTP/1.1" 200 12 "-" "Python-urllib/3.7"
82.197.208.58 - - [17/Nov/2020:07:31:45 +0100] "GET /contact+ HTTP/1.1" 200 12 "-" "Python-urllib/3.7"
82.197.208.58 - - [17/Nov/2020:07:32:01 +0100] "GET /contact+ HTTP/1.1" 200 12 "-" "Python-urllib/3.7"
82.197.208.58 - - [17/Nov/2020:07:32:16 +0100] "GET /contact+ HTTP/1.1" 200 12 "-" "Python-urllib/3.7"
82.197.208.58 - - [17/Nov/2020:07:32:31 +0100] "GET /contact+ HTTP/1.1" 200 12 "-" "Python-urllib/3.7"
82.197.208.58 - - [17/Nov/2020:07:32:46 +0100] "GET /contact+ HTTP/1.1" 200 12 "-" "Python-urllib/3.7"
82.197.208.58 - - [17/Nov/2020:07:33:01 +0100] "GET /contact+ HTTP/1.1" 200 12 "-" "Python-urllib/3.7"
82.197.208.58 - - [17/Nov/2020:07:33:16 +0100] "GET /contact+ HTTP/1.1" 200 12 "-" "Python-urllib/3.7"
82.197.208.58 - - [17/Nov/2020:07:33:32 +0100] "GET /contact+ HTTP/1.1" 200 12 "-" "Python-urllib/3.7"
82.197.208.58 - - [17/Nov/2020:07:33:47 +0100] "GET /contact+ HTTP/1.1" 200 12 "-" "Python-urllib/3.7"
66.249.79.175 - - [17/Nov/2020:07:33:57 +0100] "GET /robots.txt HTTP/1.1" 301 178 "-" "Mozilla/5.0 (compatible; Googlebot/2.1; +http://www.google.com/bot.html)"
66.249.79.182 - - [17/Nov/2020:07:33:57 +0100] "GET /robots.txt HTTP/1.1" 500 1352 "-" "Mozilla/5.0 (compatible; Googlebot/2.1; +http://www.google.com/bot.html)"
82.197.208.58 - - [17/Nov/2020:07:34:02 +0100] "GET /contact+ HTTP/1.1" 200 12 "-" "Python-urllib/3.7"
82.197.208.58 - - [17/Nov/2020:07:34:17 +0100] "GET /contact+ HTTP/1.1" 200 12 "-" "Python-urllib/3.7"
82.197.208.58 - - [17/Nov/2020:07:34:32 +0100] "GET /contact+ HTTP/1.1" 200 12 "-" "Python-urllib/3.7"
82.197.208.58 - - [17/Nov/2020:07:34:47 +0100] "GET /contact+ HTTP/1.1" 200 12 "-" "Python-urllib/3.7"
82.197.208.58 - - [17/Nov/2020:07:35:02 +0100] "GET /contact+ HTTP/1.1" 200 12 "-" "Python-urllib/3.7"
82.197.208.58 - - [17/Nov/2020:07:35:17 +0100] "GET /contact+ HTTP/1.1" 200 12 "-" "Python-urllib/3.7"
82.197.208.58 - - [17/Nov/2020:07:35:33 +0100] "GET /contact+ HTTP/1.1" 200 12 "-" "Python-urllib/3.7"
82.197.208.58 - - [17/Nov/2020:07:35:48 +0100] "GET /contact+ HTTP/1.1" 200 12 "-" "Python-urllib/3.7"
82.197.208.58 - - [17/Nov/2020:07:36:03 +0100] "GET /contact+ HTTP/1.1" 200 12 "-" "Python-urllib/3.7"
82.197.208.58 - - [17/Nov/2020:07:36:18 +0100] "GET /contact+ HTTP/1.1" 200 12 "-" "Python-urllib/3.7"
82.197.208.58 - - [17/Nov/2020:07:36:33 +0100] "GET /contact+ HTTP/1.1" 200 12 "-" "Python-urllib/3.7"
82.197.208.58 - - [17/Nov/2020:07:36:48 +0100] "GET /contact+ HTTP/1.1" 200 12 "-" "Python-urllib/3.7"
82.197.208.58 - - [17/Nov/2020:07:37:03 +0100] "GET /contact+ HTTP/1.1" 200 12 "-" "Python-urllib/3.7"
82.197.208.58 - - [17/Nov/2020:07:37:18 +0100] "GET /contact+ HTTP/1.1" 200 12 "-" "Python-urllib/3.7"
82.197.208.58 - - [17/Nov/2020:07:37:34 +0100] "GET /contact+ HTTP/1.1" 200 12 "-" "Python-urllib/3.7"
82.197.208.58 - - [17/Nov/2020:07:37:49 +0100] "GET /contact+ HTTP/1.1" 200 12 "-" "Python-urllib/3.7"
159.89.48.237 - - [17/Nov/2020:07:38:01 +0100] "GET /wp-login.php HTTP/1.1" 200 4367 "-" "Mozilla/5.0 (X11; Ubuntu; Linux x86_64; rv:62.0) Gecko/20100101 Firefox/62.0"
159.89.48.237 - - [17/Nov/2020:07:38:02 +0100] "POST /wp-login.php HTTP/1.1" 200 4367 "-" "Mozilla/5.0 (X11; Ubuntu; Linux x86_64; rv:62.0) Gecko/20100101 Firefox/62.0"
82.197.208.58 - - [17/Nov/2020:07:38:04 +0100] "GET /contact+ HTTP/1.1" 200 12 "-" "Python-urllib/3.7"
159.89.48.237 - - [17/Nov/2020:07:38:08 +0100] "POST /xmlrpc.php HTTP/1.1" 200 256 "-" "Mozilla/5.0 (X11; Ubuntu; Linux x86_64; rv:62.0) Gecko/20100101 Firefox/62.0"
82.197.208.58 - - [17/Nov/2020:07:38:19 +0100] "GET /contact+ HTTP/1.1" 200 12 "-" "Python-urllib/3.7"
82.197.208.58 - - [17/Nov/2020:07:38:34 +0100] "GET /contact+ HTTP/1.1" 200 12 "-" "Python-urllib/3.7"
82.197.208.58 - - [17/Nov/2020:07:38:49 +0100] "GET /contact+ HTTP/1.1" 200 12 "-" "Python-urllib/3.7"
82.197.208.58 - - [17/Nov/2020:07:39:04 +0100] "GET /contact+ HTTP/1.1" 200 12 "-" "Python-urllib/3.7"
192.0.102.40 - - [17/Nov/2020:07:39:16 +0100] "HEAD / HTTP/1.1" 200 0 "-" "jetmon/1.0 (Jetpack Site Uptime Monitor by WordPress.com)"
82.197.208.58 - - [17/Nov/2020:07:39:19 +0100] "GET /contact+ HTTP/1.1" 200 12 "-" "Python-urllib/3.7"
66.249.79.169 - - [17/Nov/2020:07:39:24 +0100] "GET /robots.txt HTTP/1.1" 301 178 "-" "Mozilla/5.0 (compatible; Googlebot/2.1; +http://www.google.com/bot.html)"
66.249.79.178 - - [17/Nov/2020:07:39:25 +0100] "GET /robots.txt HTTP/1.1" 500 1352 "-" "Mozilla/5.0 (compatible; Googlebot/2.1; +http://www.google.com/bot.html)"
82.197.208.58 - - [17/Nov/2020:07:39:34 +0100] "GET /contact+ HTTP/1.1" 200 12 "-" "Python-urllib/3.7"
82.197.208.58 - - [17/Nov/2020:07:39:50 +0100] "GET /contact+ HTTP/1.1" 200 12 "-" "Python-urllib/3.7"
82.197.208.58 - - [17/Nov/2020:07:40:05 +0100] "GET /contact+ HTTP/1.1" 200 12 "-" "Python-urllib/3.7"
82.197.208.58 - - [17/Nov/2020:07:40:20 +0100] "GET /contact+ HTTP/1.1" 200 12 "-" "Python-urllib/3.7"
82.197.208.58 - - [17/Nov/2020:07:40:35 +0100] "GET /contact+ HTTP/1.1" 200 12 "-" "Python-urllib/3.7"
82.197.208.58 - - [17/Nov/2020:07:40:50 +0100] "GET /contact+ HTTP/1.1" 200 12 "-" "Python-urllib/3.7"
82.197.208.58 - - [17/Nov/2020:07:41:05 +0100] "GET /contact+ HTTP/1.1" 200 12 "-" "Python-urllib/3.7"
82.197.208.58 - - [17/Nov/2020:07:41:20 +0100] "GET /contact+ HTTP/1.1" 200 12 "-" "Python-urllib/3.7"
193.177.162.226 - - [17/Nov/2020:07:41:33 +0100] "GET / HTTP/1.1" 444 0 "-" "Mozilla/5.0 zgrab/0.x"
82.197.208.58 - - [17/Nov/2020:07:41:35 +0100] "GET /contact+ HTTP/1.1" 200 12 "-" "Python-urllib/3.7"
82.197.208.58 - - [17/Nov/2020:07:41:50 +0100] "GET /contact+ HTTP/1.1" 200 12 "-" "Python-urllib/3.7"
82.197.208.58 - - [17/Nov/2020:07:42:05 +0100] "GET /contact+ HTTP/1.1" 200 12 "-" "Python-urllib/3.7"
82.197.208.58 - - [17/Nov/2020:07:42:21 +0100] "GET /contact+ HTTP/1.1" 200 12 "-" "Python-urllib/3.7"
82.197.208.58 - - [17/Nov/2020:07:42:36 +0100] "GET /contact+ HTTP/1.1" 200 12 "-" "Python-urllib/3.7"
82.197.208.58 - - [17/Nov/2020:07:42:51 +0100] "GET /contact+ HTTP/1.1" 200 12 "-" "Python-urllib/3.7"
82.197.208.58 - - [17/Nov/2020:07:43:06 +0100] "GET /contact+ HTTP/1.1" 200 12 "-" "Python-urllib/3.7"
82.197.208.58 - - [17/Nov/2020:07:43:21 +0100] "GET /contact+ HTTP/1.1" 200 12 "-" "Python-urllib/3.7"
82.197.208.58 - - [17/Nov/2020:07:43:36 +0100] "GET /contact+ HTTP/1.1" 200 12 "-" "Python-urllib/3.7"
82.197.208.58 - - [17/Nov/2020:07:43:51 +0100] "GET /contact+ HTTP/1.1" 200 12 "-" "Python-urllib/3.7"
82.197.208.58 - - [17/Nov/2020:07:44:06 +0100] "GET /contact+ HTTP/1.1" 200 12 "-" "Python-urllib/3.7"
82.197.208.58 - - [17/Nov/2020:07:44:22 +0100] "GET /contact+ HTTP/1.1" 200 12 "-" "Python-urllib/3.7"
82.197.208.58 - - [17/Nov/2020:07:44:37 +0100] "GET /contact+ HTTP/1.1" 200 12 "-" "Python-urllib/3.7"
82.197.208.58 - - [17/Nov/2020:07:44:52 +0100] "GET /contact+ HTTP/1.1" 200 12 "-" "Python-urllib/3.7"
82.197.208.58 - - [17/Nov/2020:07:45:07 +0100] "GET /contact+ HTTP/1.1" 200 12 "-" "Python-urllib/3.7"
82.197.208.58 - - [17/Nov/2020:07:45:22 +0100] "GET /contact+ HTTP/1.1" 200 12 "-" "Python-urllib/3.7"
82.197.208.58 - - [17/Nov/2020:07:45:37 +0100] "GET /contact+ HTTP/1.1" 200 12 "-" "Python-urllib/3.7"
82.197.208.58 - - [17/Nov/2020:07:45:52 +0100] "GET /contact+ HTTP/1.1" 200 12 "-" "Python-urllib/3.7"
82.197.208.58 - - [17/Nov/2020:07:46:07 +0100] "GET /contact+ HTTP/1.1" 200 12 "-" "Python-urllib/3.7"
82.197.208.58 - - [17/Nov/2020:07:46:23 +0100] "GET /contact+ HTTP/1.1" 200 12 "-" "Python-urllib/3.7"
82.197.208.58 - - [17/Nov/2020:07:46:38 +0100] "GET /contact+ HTTP/1.1" 200 12 "-" "Python-urllib/3.7"
192.0.102.40 - - [17/Nov/2020:07:46:53 +0100] "HEAD / HTTP/1.1" 200 0 "-" "jetmon/1.0 (Jetpack Site Uptime Monitor by WordPress.com)"
82.197.208.58 - - [17/Nov/2020:07:46:53 +0100] "GET /contact+ HTTP/1.1" 200 12 "-" "Python-urllib/3.7"
82.197.208.58 - - [17/Nov/2020:07:47:08 +0100] "GET /contact+ HTTP/1.1" 200 12 "-" "Python-urllib/3.7"
82.197.208.58 - - [17/Nov/2020:07:47:23 +0100] "GET /contact+ HTTP/1.1" 200 12 "-" "Python-urllib/3.7"
82.197.208.58 - - [17/Nov/2020:07:47:38 +0100] "GET /contact+ HTTP/1.1" 200 12 "-" "Python-urllib/3.7"
82.197.208.58 - - [17/Nov/2020:07:47:54 +0100] "GET /contact+ HTTP/1.1" 200 12 "-" "Python-urllib/3.7"
82.197.208.58 - - [17/Nov/2020:07:48:09 +0100] "GET /contact+ HTTP/1.1" 200 12 "-" "Python-urllib/3.7"
82.197.208.58 - - [17/Nov/2020:07:48:25 +0100] "GET /contact+ HTTP/1.1" 200 12 "-" "Python-urllib/3.7"
82.197.208.58 - - [17/Nov/2020:07:48:40 +0100] "GET /contact+ HTTP/1.1" 200 12 "-" "Python-urllib/3.7"
82.197.208.58 - - [17/Nov/2020:07:48:55 +0100] "GET /contact+ HTTP/1.1" 200 12 "-" "Python-urllib/3.7"
82.197.208.58 - - [17/Nov/2020:07:49:10 +0100] "GET /contact+ HTTP/1.1" 200 12 "-" "Python-urllib/3.7"
185.227.74.198 - - [17/Nov/2020:07:49:17 +0100] "GET /index.php/204 HTTP/1.1" 502 166 "-" "Mozilla/5.0 (Android) Nextcloud-android/3.13.1"
185.227.74.198 - - [17/Nov/2020:07:49:17 +0100] "GET /index.php/204 HTTP/1.1" 502 166 "-" "Mozilla/5.0 (Android) Nextcloud-android/3.13.1"
82.197.208.58 - - [17/Nov/2020:07:49:25 +0100] "GET /contact+ HTTP/1.1" 200 12 "-" "Python-urllib/3.7"
82.197.208.58 - - [17/Nov/2020:07:49:40 +0100] "GET /contact+ HTTP/1.1" 200 12 "-" "Python-urllib/3.7"
82.197.208.58 - - [17/Nov/2020:07:49:55 +0100] "GET /contact+ HTTP/1.1" 200 12 "-" "Python-urllib/3.7"
82.197.208.58 - - [17/Nov/2020:07:50:11 +0100] "GET /contact+ HTTP/1.1" 200 12 "-" "Python-urllib/3.7"
82.197.208.58 - - [17/Nov/2020:07:50:26 +0100] "GET /contact+ HTTP/1.1" 200 12 "-" "Python-urllib/3.7"
82.197.208.58 - - [17/Nov/2020:07:50:41 +0100] "GET /contact+ HTTP/1.1" 200 12 "-" "Python-urllib/3.7"
185.227.74.198 - - [17/Nov/2020:07:50:52 +0100] "GET /index.php/204 HTTP/1.1" 502 166 "-" "Mozilla/5.0 (Android) Nextcloud-android/3.13.1"
82.197.208.58 - - [17/Nov/2020:07:50:56 +0100] "GET /contact+ HTTP/1.1" 200 12 "-" "Python-urllib/3.7"
82.197.208.58 - - [17/Nov/2020:07:51:11 +0100] "GET /contact+ HTTP/1.1" 200 12 "-" "Python-urllib/3.7"
82.197.208.58 - - [17/Nov/2020:07:51:26 +0100] "GET /contact+ HTTP/1.1" 200 12 "-" "Python-urllib/3.7"
82.197.208.58 - - [17/Nov/2020:07:51:41 +0100] "GET /contact+ HTTP/1.1" 200 12 "-" "Python-urllib/3.7"
82.197.208.58 - - [17/Nov/2020:07:51:57 +0100] "GET /contact+ HTTP/1.1" 200 12 "-" "Python-urllib/3.7"
82.197.208.58 - - [17/Nov/2020:07:52:12 +0100] "GET /contact+ HTTP/1.1" 200 12 "-" "Python-urllib/3.7"
82.197.208.58 - - [17/Nov/2020:07:52:27 +0100] "GET /contact+ HTTP/1.1" 200 12 "-" "Python-urllib/3.7"
82.197.208.58 - - [17/Nov/2020:07:52:42 +0100] "GET /contact+ HTTP/1.1" 200 12 "-" "Python-urllib/3.7"
82.197.208.58 - - [17/Nov/2020:07:52:57 +0100] "GET /contact+ HTTP/1.1" 200 12 "-" "Python-urllib/3.7"
82.197.208.58 - - [17/Nov/2020:07:53:13 +0100] "GET /contact+ HTTP/1.1" 200 12 "-" "Python-urllib/3.7"
82.197.208.58 - - [17/Nov/2020:07:53:28 +0100] "GET /contact+ HTTP/1.1" 200 12 "-" "Python-urllib/3.7"
82.197.208.58 - - [17/Nov/2020:07:53:43 +0100] "GET /contact+ HTTP/1.1" 200 12 "-" "Python-urllib/3.7"
82.197.208.58 - - [17/Nov/2020:07:53:58 +0100] "GET /contact+ HTTP/1.1" 200 12 "-" "Python-urllib/3.7"
82.197.208.58 - - [17/Nov/2020:07:54:13 +0100] "GET /contact+ HTTP/1.1" 200 12 "-" "Python-urllib/3.7"
82.197.208.58 - - [17/Nov/2020:07:54:28 +0100] "GET /contact+ HTTP/1.1" 200 12 "-" "Python-urllib/3.7"
82.197.208.58 - - [17/Nov/2020:07:54:43 +0100] "GET /contact+ HTTP/1.1" 200 12 "-" "Python-urllib/3.7"
192.0.102.40 - - [17/Nov/2020:07:54:48 +0100] "HEAD / HTTP/1.1" 200 0 "-" "jetmon/1.0 (Jetpack Site Uptime Monitor by WordPress.com)"
82.197.208.58 - - [17/Nov/2020:07:54:58 +0100] "GET /contact+ HTTP/1.1" 200 12 "-" "Python-urllib/3.7"
82.197.208.58 - - [17/Nov/2020:07:55:13 +0100] "GET /contact+ HTTP/1.1" 200 12 "-" "Python-urllib/3.7"
190.34.195.238 - - [17/Nov/2020:07:55:25 +0100] "GET /admin//config.php HTTP/2.0" 499 0 "-" "curl/7.52.1"
82.197.208.58 - - [17/Nov/2020:07:55:29 +0100] "GET /contact+ HTTP/1.1" 200 12 "-" "Python-urllib/3.7"
82.197.208.58 - - [17/Nov/2020:07:55:44 +0100] "GET /contact+ HTTP/1.1" 200 12 "-" "Python-urllib/3.7"
82.197.208.58 - - [17/Nov/2020:07:55:59 +0100] "GET /contact+ HTTP/1.1" 200 12 "-" "Python-urllib/3.7"
82.197.208.58 - - [17/Nov/2020:07:56:14 +0100] "GET /contact+ HTTP/1.1" 200 12 "-" "Python-urllib/3.7"
82.197.208.58 - - [17/Nov/2020:07:56:29 +0100] "GET /contact+ HTTP/1.1" 200 12 "-" "Python-urllib/3.7"
82.197.208.58 - - [17/Nov/2020:07:56:44 +0100] "GET /contact+ HTTP/1.1" 200 12 "-" "Python-urllib/3.7"
82.197.208.58 - - [17/Nov/2020:07:56:59 +0100] "GET /contact+ HTTP/1.1" 200 12 "-" "Python-urllib/3.7"
5.39.74.233 - - [17/Nov/2020:07:57:14 +0100] "GET /wp-login.php HTTP/1.1" 200 4366 "-" "Mozilla/5.0 (X11; Ubuntu; Linux x86_64; rv:62.0) Gecko/20100101 Firefox/62.0"
5.39.74.233 - - [17/Nov/2020:07:57:14 +0100] "POST /wp-login.php HTTP/1.1" 200 4366 "-" "Mozilla/5.0 (X11; Ubuntu; Linux x86_64; rv:62.0) Gecko/20100101 Firefox/62.0"
82.197.208.58 - - [17/Nov/2020:07:57:14 +0100] "GET /contact+ HTTP/1.1" 200 12 "-" "Python-urllib/3.7"
5.39.74.233 - - [17/Nov/2020:07:57:16 +0100] "POST /xmlrpc.php HTTP/1.1" 200 254 "-" "Mozilla/5.0 (X11; Ubuntu; Linux x86_64; rv:62.0) Gecko/20100101 Firefox/62.0"
93.158.66.41 - - [17/Nov/2020:07:57:17 +0100] "GET /.git/HEAD HTTP/1.0" 502 166 "-" "-"
93.158.66.43 - - [17/Nov/2020:07:57:23 +0100] "GET /.git/HEAD HTTP/1.0" 404 255 "-" "-"
93.158.66.43 - - [17/Nov/2020:07:57:23 +0100] "GET /.git/HEAD HTTP/1.0" 404 255 "-" "-"
93.158.66.42 - - [17/Nov/2020:07:57:24 +0100] "GET /.git/HEAD HTTP/1.0" 502 166 "-" "-"
82.197.208.58 - - [17/Nov/2020:07:57:30 +0100] "GET /contact+ HTTP/1.1" 200 12 "-" "Python-urllib/3.7"
82.112.184.223 - - [17/Nov/2020:07:57:34 +0100] "GET / HTTP/1.1" 502 568 "-" "Mozilla/5.0 (Windows NT 10.0; Win64; x64) AppleWebKit/537.36 (KHTML, like Gecko) Chrome/70.0.3538.77 Safari/537.36"
93.158.66.41 - - [17/Nov/2020:07:57:44 +0100] "GET /.git/HEAD HTTP/1.0" 502 166 "-" "-"
82.197.208.58 - - [17/Nov/2020:07:57:45 +0100] "GET /contact+ HTTP/1.1" 200 12 "-" "Python-urllib/3.7"
82.197.208.58 - - [17/Nov/2020:07:58:00 +0100] "GET /contact+ HTTP/1.1" 200 12 "-" "Python-urllib/3.7"
93.158.66.42 - - [17/Nov/2020:07:58:05 +0100] "GET /.git/HEAD HTTP/1.0" 404 255 "-" "-"
93.158.66.41 - - [17/Nov/2020:07:58:12 +0100] "GET /.git/HEAD HTTP/1.0" 502 166 "-" "-"
93.158.66.41 - - [17/Nov/2020:07:58:12 +0100] "GET /.git/HEAD HTTP/1.0" 502 166 "-" "-"
93.158.66.42 - - [17/Nov/2020:07:58:13 +0100] "GET /.git/HEAD HTTP/1.0" 301 178 "-" "-"
93.158.66.42 - - [17/Nov/2020:07:58:13 +0100] "GET /.git/HEAD HTTP/1.0" 301 178 "-" "-"
93.158.66.42 - - [17/Nov/2020:07:58:14 +0100] "GET /.git/HEAD HTTP/1.0" 401 204 "-" "-"
93.158.66.42 - - [17/Nov/2020:07:58:14 +0100] "GET /.git/HEAD HTTP/1.0" 401 204 "-" "-"
93.158.66.42 - - [17/Nov/2020:07:58:14 +0100] "GET /.git/HEAD HTTP/1.0" 401 204 "-" "-"
93.158.66.42 - - [17/Nov/2020:07:58:14 +0100] "GET /.git/HEAD HTTP/1.0" 401 204 "-" "-"
93.158.66.42 - - [17/Nov/2020:07:58:15 +0100] "GET /.git/HEAD HTTP/1.0" 502 166 "-" "-"
93.158.66.42 - - [17/Nov/2020:07:58:15 +0100] "GET /.git/HEAD HTTP/1.0" 502 166 "-" "-"
82.197.208.58 - - [17/Nov/2020:07:58:15 +0100] "GET /contact+ HTTP/1.1" 200 12 "-" "Python-urllib/3.7"
93.158.66.41 - - [17/Nov/2020:07:58:15 +0100] "GET /.git/HEAD HTTP/1.0" 502 166 "-" "-"
93.158.66.42 - - [17/Nov/2020:07:58:27 +0100] "GET /.git/HEAD HTTP/1.0" 502 166 "-" "-"
