82.197.208.58 - - [17/Nov/2020:09:46:26 +0100] "GET /contact+ HTTP/1.1" 200 12 "-" "Python-urllib/3.7"
185.250.160.98 - Smartmart [17/Nov/2020:09:46:29 +0100] "PROPFIND /about-us HTTP/1.1" 207 334 "-" "Mozilla/5.0 (Windows) mirall/2.6.3 (build 13551)"
82.197.208.58 - - [17/Nov/2020:09:46:41 +0100] "GET /contact+ HTTP/1.1" 200 12 "-" "Python-urllib/3.7"
82.197.208.58 - - [17/Nov/2020:09:46:56 +0100] "GET /contact+ HTTP/1.1" 200 12 "-" "Python-urllib/3.7"
185.250.160.98 - Smartmart [17/Nov/2020:09:46:59 +0100] "PROPFIND /about-us HTTP/1.1" 207 334 "-" "Mozilla/5.0 (Windows) mirall/2.6.3 (build 13551)"
82.197.208.58 - - [17/Nov/2020:09:47:11 +0100] "GET /contact+ HTTP/1.1" 200 12 "-" "Python-urllib/3.7"
82.197.208.58 - - [17/Nov/2020:09:47:26 +0100] "GET /contact+ HTTP/1.1" 200 12 "-" "Python-urllib/3.7"
185.250.160.98 - Smartmart [17/Nov/2020:09:47:29 +0100] "PROPFIND /about-us HTTP/1.1" 207 334 "-" "Mozilla/5.0 (Windows) mirall/2.6.3 (build 13551)"
82.197.208.58 - - [17/Nov/2020:09:47:41 +0100] "GET /contact+ HTTP/1.1" 200 12 "-" "Python-urllib/3.7"
82.197.208.58 - - [17/Nov/2020:09:47:57 +0100] "GET /contact+ HTTP/1.1" 200 12 "-" "Python-urllib/3.7"
185.250.160.98 - Smartmart [17/Nov/2020:09:47:59 +0100] "GET /ocs/v2.php/apps/notifications/api/v1/notifications?format=json HTTP/1.1" 200 108 "-" "Mozilla/5.0 (Windows) mirall/2.6.3 (build 13551)"
185.250.160.98 - Smartmart [17/Nov/2020:09:47:59 +0100] "PROPFIND /about-us HTTP/1.1" 207 334 "-" "Mozilla/5.0 (Windows) mirall/2.6.3 (build 13551)"
82.197.208.58 - - [17/Nov/2020:09:48:12 +0100] "GET /contact+ HTTP/1.1" 200 12 "-" "Python-urllib/3.7"
82.197.208.58 - - [17/Nov/2020:09:48:27 +0100] "GET /contact+ HTTP/1.1" 200 12 "-" "Python-urllib/3.7"
185.250.160.98 - Smartmart [17/Nov/2020:09:48:30 +0100] "PROPFIND /about-us HTTP/1.1" 207 334 "-" "Mozilla/5.0 (Windows) mirall/2.6.3 (build 13551)"
82.197.208.58 - - [17/Nov/2020:09:48:42 +0100] "GET /contact+ HTTP/1.1" 200 12 "-" "Python-urllib/3.7"
82.197.208.58 - - [17/Nov/2020:09:48:57 +0100] "GET /contact+ HTTP/1.1" 200 12 "-" "Python-urllib/3.7"
185.250.160.98 - Smartmart [17/Nov/2020:09:48:59 +0100] "PROPFIND /about-us HTTP/1.1" 207 334 "-" "Mozilla/5.0 (Windows) mirall/2.6.3 (build 13551)"
82.197.208.58 - - [17/Nov/2020:09:49:12 +0100] "GET /contact+ HTTP/1.1" 200 12 "-" "Python-urllib/3.7"
82.197.208.58 - - [17/Nov/2020:09:49:28 +0100] "GET /contact+ HTTP/1.1" 200 12 "-" "Python-urllib/3.7"
185.250.160.98 - Smartmart [17/Nov/2020:09:49:29 +0100] "PROPFIND /about-us HTTP/1.1" 207 334 "-" "Mozilla/5.0 (Windows) mirall/2.6.3 (build 13551)"
82.197.208.58 - - [17/Nov/2020:09:49:43 +0100] "GET /contact+ HTTP/1.1" 200 12 "-" "Python-urllib/3.7"
82.197.208.58 - - [17/Nov/2020:09:49:58 +0100] "GET /contact+ HTTP/1.1" 200 12 "-" "Python-urllib/3.7"
185.250.160.98 - Smartmart [17/Nov/2020:09:49:59 +0100] "PROPFIND /about-us HTTP/1.1" 207 334 "-" "Mozilla/5.0 (Windows) mirall/2.6.3 (build 13551)"
82.197.208.58 - - [17/Nov/2020:09:50:13 +0100] "GET /contact+ HTTP/1.1" 200 12 "-" "Python-urllib/3.7"
82.197.208.58 - - [17/Nov/2020:09:50:28 +0100] "GET /contact+ HTTP/1.1" 200 12 "-" "Python-urllib/3.7"
185.250.160.98 - Smartmart [17/Nov/2020:09:50:30 +0100] "PROPFIND /about-us HTTP/1.1" 207 334 "-" "Mozilla/5.0 (Windows) mirall/2.6.3 (build 13551)"
82.197.208.58 - - [17/Nov/2020:09:50:43 +0100] "GET /contact+ HTTP/1.1" 200 12 "-" "Python-urllib/3.7"
185.227.74.198 - - [17/Nov/2020:09:50:53 +0100] "GET /index.php/204 HTTP/1.1" 502 166 "-" "Mozilla/5.0 (Android) Nextcloud-android/3.13.1"
185.227.74.198 - - [17/Nov/2020:09:50:56 +0100] "GET /index.php/204 HTTP/1.1" 502 166 "-" "Mozilla/5.0 (Android) Nextcloud-android/3.13.1"
82.197.208.58 - - [17/Nov/2020:09:50:58 +0100] "GET /contact+ HTTP/1.1" 200 12 "-" "Python-urllib/3.7"
185.227.74.198 - - [17/Nov/2020:09:50:59 +0100] "GET /index.php/204 HTTP/1.1" 502 166 "-" "Mozilla/5.0 (Android) Nextcloud-android/3.13.1"
185.250.160.98 - Smartmart [17/Nov/2020:09:51:00 +0100] "PROPFIND /about-us HTTP/1.1" 207 334 "-" "Mozilla/5.0 (Windows) mirall/2.6.3 (build 13551)"
82.197.208.58 - - [17/Nov/2020:09:51:13 +0100] "GET /contact+ HTTP/1.1" 200 12 "-" "Python-urllib/3.7"
82.197.208.58 - - [17/Nov/2020:09:51:29 +0100] "GET /contact+ HTTP/1.1" 200 12 "-" "Python-urllib/3.7"
185.250.160.98 - Smartmart [17/Nov/2020:09:51:30 +0100] "PROPFIND /about-us HTTP/1.1" 207 334 "-" "Mozilla/5.0 (Windows) mirall/2.6.3 (build 13551)"
82.197.208.58 - - [17/Nov/2020:09:51:44 +0100] "GET /contact+ HTTP/1.1" 200 12 "-" "Python-urllib/3.7"
82.197.208.58 - - [17/Nov/2020:09:51:59 +0100] "GET /contact+ HTTP/1.1" 200 12 "-" "Python-urllib/3.7"
185.250.160.98 - Smartmart [17/Nov/2020:09:52:00 +0100] "PROPFIND /about-us HTTP/1.1" 207 334 "-" "Mozilla/5.0 (Windows) mirall/2.6.3 (build 13551)"
82.197.208.58 - - [17/Nov/2020:09:52:14 +0100] "GET /contact+ HTTP/1.1" 200 12 "-" "Python-urllib/3.7"
82.197.208.58 - - [17/Nov/2020:09:52:29 +0100] "GET /contact+ HTTP/1.1" 200 12 "-" "Python-urllib/3.7"
185.250.160.98 - Smartmart [17/Nov/2020:09:52:30 +0100] "PROPFIND /about-us HTTP/1.1" 207 334 "-" "Mozilla/5.0 (Windows) mirall/2.6.3 (build 13551)"
82.197.208.58 - - [17/Nov/2020:09:52:44 +0100] "GET /contact+ HTTP/1.1" 200 12 "-" "Python-urllib/3.7"
82.197.208.58 - - [17/Nov/2020:09:52:59 +0100] "GET /contact+ HTTP/1.1" 200 12 "-" "Python-urllib/3.7"
185.250.160.98 - Smartmart [17/Nov/2020:09:52:59 +0100] "GET /ocs/v2.php/apps/notifications/api/v1/notifications?format=json HTTP/1.1" 200 108 "-" "Mozilla/5.0 (Windows) mirall/2.6.3 (build 13551)"
185.250.160.98 - Smartmart [17/Nov/2020:09:53:00 +0100] "PROPFIND /about-us HTTP/1.1" 207 334 "-" "Mozilla/5.0 (Windows) mirall/2.6.3 (build 13551)"
192.0.102.40 - - [17/Nov/2020:09:53:11 +0100] "HEAD / HTTP/1.1" 200 0 "-" "jetmon/1.0 (Jetpack Site Uptime Monitor by WordPress.com)"
82.197.208.58 - - [17/Nov/2020:09:53:14 +0100] "GET /contact+ HTTP/1.1" 200 12 "-" "Python-urllib/3.7"
82.197.208.58 - - [17/Nov/2020:09:53:30 +0100] "GET /contact+ HTTP/1.1" 200 12 "-" "Python-urllib/3.7"
185.250.160.98 - Smartmart [17/Nov/2020:09:53:30 +0100] "PROPFIND /about-us HTTP/1.1" 207 334 "-" "Mozilla/5.0 (Windows) mirall/2.6.3 (build 13551)"
82.197.208.58 - - [17/Nov/2020:09:53:45 +0100] "GET /contact+ HTTP/1.1" 200 12 "-" "Python-urllib/3.7"
185.250.160.98 - Smartmart [17/Nov/2020:09:54:00 +0100] "PROPFIND /about-us HTTP/1.1" 207 334 "-" "Mozilla/5.0 (Windows) mirall/2.6.3 (build 13551)"
82.197.208.58 - - [17/Nov/2020:09:54:00 +0100] "GET /contact+ HTTP/1.1" 200 12 "-" "Python-urllib/3.7"
82.197.208.58 - - [17/Nov/2020:09:54:15 +0100] "GET /contact+ HTTP/1.1" 200 12 "-" "Python-urllib/3.7"
185.250.160.98 - Smartmart [17/Nov/2020:09:54:30 +0100] "PROPFIND /about-us HTTP/1.1" 207 334 "-" "Mozilla/5.0 (Windows) mirall/2.6.3 (build 13551)"
82.197.208.58 - - [17/Nov/2020:09:54:30 +0100] "GET /contact+ HTTP/1.1" 200 12 "-" "Python-urllib/3.7"
82.197.208.58 - - [17/Nov/2020:09:54:45 +0100] "GET /contact+ HTTP/1.1" 200 12 "-" "Python-urllib/3.7"
185.250.160.98 - Smartmart [17/Nov/2020:09:55:00 +0100] "PROPFIND /about-us HTTP/1.1" 207 334 "-" "Mozilla/5.0 (Windows) mirall/2.6.3 (build 13551)"
82.197.208.58 - - [17/Nov/2020:09:55:00 +0100] "GET /contact+ HTTP/1.1" 200 12 "-" "Python-urllib/3.7"
82.197.208.58 - - [17/Nov/2020:09:55:16 +0100] "GET /contact+ HTTP/1.1" 200 12 "-" "Python-urllib/3.7"
185.250.160.98 - Smartmart [17/Nov/2020:09:55:30 +0100] "PROPFIND /about-us HTTP/1.1" 207 334 "-" "Mozilla/5.0 (Windows) mirall/2.6.3 (build 13551)"
82.197.208.58 - - [17/Nov/2020:09:55:31 +0100] "GET /contact+ HTTP/1.1" 200 12 "-" "Python-urllib/3.7"
185.191.171.24 - - [17/Nov/2020:09:55:45 +0100] "GET /robots.txt HTTP/1.1" 200 121 "-" "Mozilla/5.0 (compatible; SemrushBot/6~bl; +http://www.semrush.com/bot.html)"
185.191.171.13 - - [17/Nov/2020:09:55:45 +0100] "GET /tag/programming/ HTTP/1.1" 200 8098 "-" "Mozilla/5.0 (compatible; SemrushBot/6~bl; +http://www.semrush.com/bot.html)"
82.197.208.58 - - [17/Nov/2020:09:55:46 +0100] "GET /contact+ HTTP/1.1" 200 12 "-" "Python-urllib/3.7"
185.250.160.98 - Smartmart [17/Nov/2020:09:56:00 +0100] "PROPFIND /about-us HTTP/1.1" 207 334 "-" "Mozilla/5.0 (Windows) mirall/2.6.3 (build 13551)"
82.197.208.58 - - [17/Nov/2020:09:56:01 +0100] "GET /contact+ HTTP/1.1" 200 12 "-" "Python-urllib/3.7"
82.197.208.58 - - [17/Nov/2020:09:56:16 +0100] "GET /contact+ HTTP/1.1" 200 12 "-" "Python-urllib/3.7"
185.250.160.98 - Smartmart [17/Nov/2020:09:56:30 +0100] "PROPFIND /about-us HTTP/1.1" 207 334 "-" "Mozilla/5.0 (Windows) mirall/2.6.3 (build 13551)"
82.197.208.58 - - [17/Nov/2020:09:56:31 +0100] "GET /contact+ HTTP/1.1" 200 12 "-" "Python-urllib/3.7"
82.197.208.58 - - [17/Nov/2020:09:56:46 +0100] "GET /contact+ HTTP/1.1" 200 12 "-" "Python-urllib/3.7"
185.250.160.98 - Smartmart [17/Nov/2020:09:57:00 +0100] "PROPFIND /about-us HTTP/1.1" 207 334 "-" "Mozilla/5.0 (Windows) mirall/2.6.3 (build 13551)"
82.197.208.58 - - [17/Nov/2020:09:57:01 +0100] "GET /contact+ HTTP/1.1" 200 12 "-" "Python-urllib/3.7"
82.197.208.58 - - [17/Nov/2020:09:57:16 +0100] "GET /contact+ HTTP/1.1" 200 12 "-" "Python-urllib/3.7"
185.250.160.98 - Smartmart [17/Nov/2020:09:57:30 +0100] "PROPFIND /about-us HTTP/1.1" 207 334 "-" "Mozilla/5.0 (Windows) mirall/2.6.3 (build 13551)"
82.197.208.58 - - [17/Nov/2020:09:57:32 +0100] "GET /contact+ HTTP/1.1" 200 12 "-" "Python-urllib/3.7"
82.197.208.58 - - [17/Nov/2020:09:57:47 +0100] "GET /contact+ HTTP/1.1" 200 12 "-" "Python-urllib/3.7"
185.250.160.98 - Smartmart [17/Nov/2020:09:57:59 +0100] "GET /ocs/v2.php/apps/notifications/api/v1/notifications?format=json HTTP/1.1" 200 108 "-" "Mozilla/5.0 (Windows) mirall/2.6.3 (build 13551)"
185.250.160.98 - Smartmart [17/Nov/2020:09:58:00 +0100] "PROPFIND /about-us HTTP/1.1" 207 334 "-" "Mozilla/5.0 (Windows) mirall/2.6.3 (build 13551)"
82.197.208.58 - - [17/Nov/2020:09:58:02 +0100] "GET /contact+ HTTP/1.1" 200 12 "-" "Python-urllib/3.7"
82.197.208.58 - - [17/Nov/2020:09:58:17 +0100] "GET /contact+ HTTP/1.1" 200 12 "-" "Python-urllib/3.7"
185.250.160.98 - Smartmart [17/Nov/2020:09:58:30 +0100] "PROPFIND /about-us HTTP/1.1" 207 334 "-" "Mozilla/5.0 (Windows) mirall/2.6.3 (build 13551)"
82.197.208.58 - - [17/Nov/2020:09:58:32 +0100] "GET /contact+ HTTP/1.1" 200 12 "-" "Python-urllib/3.7"
82.197.208.58 - - [17/Nov/2020:09:58:47 +0100] "GET /contact+ HTTP/1.1" 200 12 "-" "Python-urllib/3.7"
185.250.160.98 - Smartmart [17/Nov/2020:09:59:00 +0100] "PROPFIND /about-us HTTP/1.1" 207 334 "-" "Mozilla/5.0 (Windows) mirall/2.6.3 (build 13551)"
82.197.208.58 - - [17/Nov/2020:09:59:02 +0100] "GET /contact+ HTTP/1.1" 200 12 "-" "Python-urllib/3.7"
82.197.208.58 - - [17/Nov/2020:09:59:17 +0100] "GET /contact+ HTTP/1.1" 200 12 "-" "Python-urllib/3.7"
185.250.160.98 - Smartmart [17/Nov/2020:09:59:30 +0100] "PROPFIND /about-us HTTP/1.1" 207 334 "-" "Mozilla/5.0 (Windows) mirall/2.6.3 (build 13551)"
82.197.208.58 - - [17/Nov/2020:09:59:32 +0100] "GET /contact+ HTTP/1.1" 200 12 "-" "Python-urllib/3.7"
82.197.208.58 - - [17/Nov/2020:09:59:47 +0100] "GET /contact+ HTTP/1.1" 200 12 "-" "Python-urllib/3.7"
185.250.160.98 - Smartmart [17/Nov/2020:10:00:00 +0100] "PROPFIND /about-us HTTP/1.1" 207 334 "-" "Mozilla/5.0 (Windows) mirall/2.6.3 (build 13551)"
82.197.208.58 - - [17/Nov/2020:10:00:03 +0100] "GET /contact+ HTTP/1.1" 200 12 "-" "Python-urllib/3.7"
82.197.208.58 - - [17/Nov/2020:10:00:18 +0100] "GET /contact+ HTTP/1.1" 200 12 "-" "Python-urllib/3.7"
185.250.160.98 - Smartmart [17/Nov/2020:10:00:30 +0100] "PROPFIND /about-us HTTP/1.1" 207 334 "-" "Mozilla/5.0 (Windows) mirall/2.6.3 (build 13551)"
82.197.208.58 - - [17/Nov/2020:10:00:33 +0100] "GET /contact+ HTTP/1.1" 200 12 "-" "Python-urllib/3.7"
82.197.208.58 - - [17/Nov/2020:10:00:48 +0100] "GET /contact+ HTTP/1.1" 200 12 "-" "Python-urllib/3.7"
185.227.74.198 - - [17/Nov/2020:10:00:53 +0100] "GET /index.php/204 HTTP/1.1" 502 166 "-" "Mozilla/5.0 (Android) Nextcloud-android/3.13.1"
185.250.160.98 - Smartmart [17/Nov/2020:10:01:00 +0100] "PROPFIND /about-us HTTP/1.1" 207 334 "-" "Mozilla/5.0 (Windows) mirall/2.6.3 (build 13551)"
192.0.102.40 - - [17/Nov/2020:10:01:03 +0100] "HEAD / HTTP/1.1" 200 0 "-" "jetmon/1.0 (Jetpack Site Uptime Monitor by WordPress.com)"
82.197.208.58 - - [17/Nov/2020:10:01:03 +0100] "GET /contact+ HTTP/1.1" 200 12 "-" "Python-urllib/3.7"
82.197.208.58 - - [17/Nov/2020:10:01:18 +0100] "GET /contact+ HTTP/1.1" 200 12 "-" "Python-urllib/3.7"
185.250.160.98 - Smartmart [17/Nov/2020:10:01:30 +0100] "PROPFIND /about-us HTTP/1.1" 207 334 "-" "Mozilla/5.0 (Windows) mirall/2.6.3 (build 13551)"
82.197.208.58 - - [17/Nov/2020:10:01:33 +0100] "GET /contact+ HTTP/1.1" 200 12 "-" "Python-urllib/3.7"
82.197.208.58 - - [17/Nov/2020:10:01:48 +0100] "GET /contact+ HTTP/1.1" 200 12 "-" "Python-urllib/3.7"
185.250.160.98 - Smartmart [17/Nov/2020:10:02:00 +0100] "PROPFIND /about-us HTTP/1.1" 207 334 "-" "Mozilla/5.0 (Windows) mirall/2.6.3 (build 13551)"
82.197.208.58 - - [17/Nov/2020:10:02:03 +0100] "GET /contact+ HTTP/1.1" 200 12 "-" "Python-urllib/3.7"
82.197.208.58 - - [17/Nov/2020:10:02:19 +0100] "GET /contact+ HTTP/1.1" 200 12 "-" "Python-urllib/3.7"
185.250.160.98 - Smartmart [17/Nov/2020:10:02:30 +0100] "PROPFIND /about-us HTTP/1.1" 207 334 "-" "Mozilla/5.0 (Windows) mirall/2.6.3 (build 13551)"
82.197.208.58 - - [17/Nov/2020:10:02:34 +0100] "GET /contact+ HTTP/1.1" 200 12 "-" "Python-urllib/3.7"
82.197.208.58 - - [17/Nov/2020:10:02:49 +0100] "GET /contact+ HTTP/1.1" 200 12 "-" "Python-urllib/3.7"
185.250.160.98 - Smartmart [17/Nov/2020:10:02:59 +0100] "GET /ocs/v2.php/apps/notifications/api/v1/notifications?format=json HTTP/1.1" 200 108 "-" "Mozilla/5.0 (Windows) mirall/2.6.3 (build 13551)"
185.250.160.98 - Smartmart [17/Nov/2020:10:03:00 +0100] "PROPFIND /about-us HTTP/1.1" 207 334 "-" "Mozilla/5.0 (Windows) mirall/2.6.3 (build 13551)"
82.197.208.58 - - [17/Nov/2020:10:03:04 +0100] "GET /contact+ HTTP/1.1" 200 12 "-" "Python-urllib/3.7"
82.197.208.58 - - [17/Nov/2020:10:03:20 +0100] "GET /contact+ HTTP/1.1" 200 12 "-" "Python-urllib/3.7"
185.250.160.98 - Smartmart [17/Nov/2020:10:03:30 +0100] "PROPFIND /about-us HTTP/1.1" 207 334 "-" "Mozilla/5.0 (Windows) mirall/2.6.3 (build 13551)"
82.197.208.58 - - [17/Nov/2020:10:03:35 +0100] "GET /contact+ HTTP/1.1" 200 12 "-" "Python-urllib/3.7"
82.197.208.58 - - [17/Nov/2020:10:03:50 +0100] "GET /contact+ HTTP/1.1" 200 12 "-" "Python-urllib/3.7"
185.250.160.98 - Smartmart [17/Nov/2020:10:04:00 +0100] "PROPFIND /about-us HTTP/1.1" 207 334 "-" "Mozilla/5.0 (Windows) mirall/2.6.3 (build 13551)"
82.197.208.58 - - [17/Nov/2020:10:04:05 +0100] "GET /contact+ HTTP/1.1" 200 12 "-" "Python-urllib/3.7"
167.172.151.80 - - [17/Nov/2020:10:04:10 +0100] "GET /wp-login.php HTTP/1.1" 200 4367 "-" "Mozilla/5.0 (X11; Ubuntu; Linux x86_64; rv:62.0) Gecko/20100101 Firefox/62.0"
167.172.151.80 - - [17/Nov/2020:10:04:10 +0100] "POST /wp-login.php HTTP/1.1" 200 4367 "-" "Mozilla/5.0 (X11; Ubuntu; Linux x86_64; rv:62.0) Gecko/20100101 Firefox/62.0"
167.172.151.80 - - [17/Nov/2020:10:04:12 +0100] "POST /xmlrpc.php HTTP/1.1" 200 255 "-" "Mozilla/5.0 (X11; Ubuntu; Linux x86_64; rv:62.0) Gecko/20100101 Firefox/62.0"
82.197.208.58 - - [17/Nov/2020:10:04:21 +0100] "GET /contact+ HTTP/1.1" 200 12 "-" "Python-urllib/3.7"
185.250.160.98 - Smartmart [17/Nov/2020:10:04:30 +0100] "PROPFIND /about-us HTTP/1.1" 207 334 "-" "Mozilla/5.0 (Windows) mirall/2.6.3 (build 13551)"
82.197.208.58 - - [17/Nov/2020:10:04:36 +0100] "GET /contact+ HTTP/1.1" 200 12 "-" "Python-urllib/3.7"
82.197.208.58 - - [17/Nov/2020:10:04:51 +0100] "GET /contact+ HTTP/1.1" 200 12 "-" "Python-urllib/3.7"
185.250.160.98 - Smartmart [17/Nov/2020:10:05:00 +0100] "PROPFIND /about-us HTTP/1.1" 207 334 "-" "Mozilla/5.0 (Windows) mirall/2.6.3 (build 13551)"
82.197.208.58 - - [17/Nov/2020:10:05:06 +0100] "GET /contact+ HTTP/1.1" 200 12 "-" "Python-urllib/3.7"
82.197.208.58 - - [17/Nov/2020:10:05:22 +0100] "GET /contact+ HTTP/1.1" 200 12 "-" "Python-urllib/3.7"
185.250.160.98 - Smartmart [17/Nov/2020:10:05:30 +0100] "PROPFIND /about-us HTTP/1.1" 207 334 "-" "Mozilla/5.0 (Windows) mirall/2.6.3 (build 13551)"
82.197.208.58 - - [17/Nov/2020:10:05:37 +0100] "GET /contact+ HTTP/1.1" 200 12 "-" "Python-urllib/3.7"
82.197.208.58 - - [17/Nov/2020:10:05:52 +0100] "GET /contact+ HTTP/1.1" 200 12 "-" "Python-urllib/3.7"
185.227.74.198 - - [17/Nov/2020:10:05:53 +0100] "GET /index.php/204 HTTP/1.1" 502 166 "-" "Mozilla/5.0 (Android) Nextcloud-android/3.13.1"
185.227.74.198 - - [17/Nov/2020:10:05:56 +0100] "GET /index.php/204 HTTP/1.1" 502 166 "-" "Mozilla/5.0 (Android) Nextcloud-android/3.13.1"
185.250.160.98 - Smartmart [17/Nov/2020:10:06:00 +0100] "PROPFIND /about-us HTTP/1.1" 207 334 "-" "Mozilla/5.0 (Windows) mirall/2.6.3 (build 13551)"
185.227.74.198 - - [17/Nov/2020:10:06:02 +0100] "GET /index.php/204 HTTP/1.1" 502 166 "-" "Mozilla/5.0 (Android) Nextcloud-android/3.13.1"
82.197.208.58 - - [17/Nov/2020:10:06:07 +0100] "GET /contact+ HTTP/1.1" 200 12 "-" "Python-urllib/3.7"
82.197.208.58 - - [17/Nov/2020:10:06:22 +0100] "GET /contact+ HTTP/1.1" 200 12 "-" "Python-urllib/3.7"
185.250.160.98 - Smartmart [17/Nov/2020:10:06:30 +0100] "PROPFIND /about-us HTTP/1.1" 207 334 "-" "Mozilla/5.0 (Windows) mirall/2.6.3 (build 13551)"
82.197.208.58 - - [17/Nov/2020:10:06:37 +0100] "GET /contact+ HTTP/1.1" 200 12 "-" "Python-urllib/3.7"
82.197.208.58 - - [17/Nov/2020:10:06:53 +0100] "GET /contact+ HTTP/1.1" 200 12 "-" "Python-urllib/3.7"
185.250.160.98 - Smartmart [17/Nov/2020:10:07:00 +0100] "PROPFIND /about-us HTTP/1.1" 207 334 "-" "Mozilla/5.0 (Windows) mirall/2.6.3 (build 13551)"
82.197.208.58 - - [17/Nov/2020:10:07:08 +0100] "GET /contact+ HTTP/1.1" 200 12 "-" "Python-urllib/3.7"
82.197.208.58 - - [17/Nov/2020:10:07:23 +0100] "GET /contact+ HTTP/1.1" 200 12 "-" "Python-urllib/3.7"
185.250.160.98 - Smartmart [17/Nov/2020:10:07:30 +0100] "PROPFIND /about-us HTTP/1.1" 207 334 "-" "Mozilla/5.0 (Windows) mirall/2.6.3 (build 13551)"
82.197.208.58 - - [17/Nov/2020:10:07:38 +0100] "GET /contact+ HTTP/1.1" 200 12 "-" "Python-urllib/3.7"
82.197.208.58 - - [17/Nov/2020:10:07:53 +0100] "GET /contact+ HTTP/1.1" 200 12 "-" "Python-urllib/3.7"
185.250.160.98 - Smartmart [17/Nov/2020:10:07:59 +0100] "GET /ocs/v2.php/apps/notifications/api/v1/notifications?format=json HTTP/1.1" 200 108 "-" "Mozilla/5.0 (Windows) mirall/2.6.3 (build 13551)"
185.250.160.98 - Smartmart [17/Nov/2020:10:08:00 +0100] "PROPFIND /about-us HTTP/1.1" 207 334 "-" "Mozilla/5.0 (Windows) mirall/2.6.3 (build 13551)"
82.197.208.58 - - [17/Nov/2020:10:08:08 +0100] "GET /contact+ HTTP/1.1" 200 12 "-" "Python-urllib/3.7"
82.197.208.58 - - [17/Nov/2020:10:08:23 +0100] "GET /contact+ HTTP/1.1" 200 12 "-" "Python-urllib/3.7"
185.250.160.98 - Smartmart [17/Nov/2020:10:08:30 +0100] "PROPFIND /about-us HTTP/1.1" 207 334 "-" "Mozilla/5.0 (Windows) mirall/2.6.3 (build 13551)"
82.197.208.58 - - [17/Nov/2020:10:08:38 +0100] "GET /contact+ HTTP/1.1" 200 12 "-" "Python-urllib/3.7"
82.197.208.58 - - [17/Nov/2020:10:08:53 +0100] "GET /contact+ HTTP/1.1" 200 12 "-" "Python-urllib/3.7"
185.250.160.98 - Smartmart [17/Nov/2020:10:09:00 +0100] "PROPFIND /about-us HTTP/1.1" 207 334 "-" "Mozilla/5.0 (Windows) mirall/2.6.3 (build 13551)"
192.0.102.40 - - [17/Nov/2020:10:09:06 +0100] "HEAD / HTTP/1.1" 200 0 "-" "jetmon/1.0 (Jetpack Site Uptime Monitor by WordPress.com)"
82.197.208.58 - - [17/Nov/2020:10:09:09 +0100] "GET /contact+ HTTP/1.1" 200 12 "-" "Python-urllib/3.7"
82.197.208.58 - - [17/Nov/2020:10:09:24 +0100] "GET /contact+ HTTP/1.1" 200 12 "-" "Python-urllib/3.7"
185.250.160.98 - Smartmart [17/Nov/2020:10:09:30 +0100] "PROPFIND /about-us HTTP/1.1" 207 334 "-" "Mozilla/5.0 (Windows) mirall/2.6.3 (build 13551)"
82.197.208.58 - - [17/Nov/2020:10:09:39 +0100] "GET /contact+ HTTP/1.1" 200 12 "-" "Python-urllib/3.7"
82.197.208.58 - - [17/Nov/2020:10:09:54 +0100] "GET /contact+ HTTP/1.1" 200 12 "-" "Python-urllib/3.7"
185.250.160.98 - Smartmart [17/Nov/2020:10:10:00 +0100] "PROPFIND /about-us HTTP/1.1" 207 334 "-" "Mozilla/5.0 (Windows) mirall/2.6.3 (build 13551)"
82.197.208.58 - - [17/Nov/2020:10:10:09 +0100] "GET /contact+ HTTP/1.1" 200 12 "-" "Python-urllib/3.7"
82.197.208.58 - - [17/Nov/2020:10:10:24 +0100] "GET /contact+ HTTP/1.1" 200 12 "-" "Python-urllib/3.7"
185.250.160.98 - Smartmart [17/Nov/2020:10:10:30 +0100] "PROPFIND /about-us HTTP/1.1" 207 334 "-" "Mozilla/5.0 (Windows) mirall/2.6.3 (build 13551)"
82.197.208.58 - - [17/Nov/2020:10:10:39 +0100] "GET /contact+ HTTP/1.1" 200 12 "-" "Python-urllib/3.7"
82.197.208.58 - - [17/Nov/2020:10:10:54 +0100] "GET /contact+ HTTP/1.1" 200 12 "-" "Python-urllib/3.7"
185.250.160.98 - Smartmart [17/Nov/2020:10:11:00 +0100] "PROPFIND /about-us HTTP/1.1" 207 334 "-" "Mozilla/5.0 (Windows) mirall/2.6.3 (build 13551)"
82.197.208.58 - - [17/Nov/2020:10:11:09 +0100] "GET /contact+ HTTP/1.1" 200 12 "-" "Python-urllib/3.7"
82.197.208.58 - - [17/Nov/2020:10:11:25 +0100] "GET /contact+ HTTP/1.1" 200 12 "-" "Python-urllib/3.7"
185.250.160.98 - Smartmart [17/Nov/2020:10:11:30 +0100] "PROPFIND /about-us HTTP/1.1" 207 334 "-" "Mozilla/5.0 (Windows) mirall/2.6.3 (build 13551)"
82.197.208.58 - - [17/Nov/2020:10:11:40 +0100] "GET /contact+ HTTP/1.1" 200 12 "-" "Python-urllib/3.7"
82.197.208.58 - - [17/Nov/2020:10:11:55 +0100] "GET /contact+ HTTP/1.1" 200 12 "-" "Python-urllib/3.7"
185.250.160.98 - Smartmart [17/Nov/2020:10:12:00 +0100] "PROPFIND /about-us HTTP/1.1" 207 334 "-" "Mozilla/5.0 (Windows) mirall/2.6.3 (build 13551)"
82.197.208.58 - - [17/Nov/2020:10:12:10 +0100] "GET /contact+ HTTP/1.1" 200 12 "-" "Python-urllib/3.7"
82.197.208.58 - - [17/Nov/2020:10:12:25 +0100] "GET /contact+ HTTP/1.1" 200 12 "-" "Python-urllib/3.7"
185.250.160.98 - Smartmart [17/Nov/2020:10:12:30 +0100] "PROPFIND /about-us HTTP/1.1" 207 334 "-" "Mozilla/5.0 (Windows) mirall/2.6.3 (build 13551)"
82.197.208.58 - - [17/Nov/2020:10:12:40 +0100] "GET /contact+ HTTP/1.1" 200 12 "-" "Python-urllib/3.7"
82.197.208.58 - - [17/Nov/2020:10:12:55 +0100] "GET /contact+ HTTP/1.1" 200 12 "-" "Python-urllib/3.7"
185.250.160.98 - Smartmart [17/Nov/2020:10:12:59 +0100] "GET /ocs/v2.php/apps/notifications/api/v1/notifications?format=json HTTP/1.1" 200 108 "-" "Mozilla/5.0 (Windows) mirall/2.6.3 (build 13551)"
185.250.160.98 - Smartmart [17/Nov/2020:10:13:00 +0100] "PROPFIND /about-us HTTP/1.1" 207 334 "-" "Mozilla/5.0 (Windows) mirall/2.6.3 (build 13551)"
82.197.208.58 - - [17/Nov/2020:10:13:10 +0100] "GET /contact+ HTTP/1.1" 200 12 "-" "Python-urllib/3.7"
82.197.208.58 - - [17/Nov/2020:10:13:26 +0100] "GET /contact+ HTTP/1.1" 200 12 "-" "Python-urllib/3.7"
185.250.160.98 - Smartmart [17/Nov/2020:10:13:30 +0100] "PROPFIND /about-us HTTP/1.1" 207 334 "-" "Mozilla/5.0 (Windows) mirall/2.6.3 (build 13551)"
82.197.208.58 - - [17/Nov/2020:10:13:41 +0100] "GET /contact+ HTTP/1.1" 200 12 "-" "Python-urllib/3.7"
82.197.208.58 - - [17/Nov/2020:10:13:56 +0100] "GET /contact+ HTTP/1.1" 200 12 "-" "Python-urllib/3.7"
185.250.160.98 - Smartmart [17/Nov/2020:10:14:00 +0100] "PROPFIND /about-us HTTP/1.1" 207 334 "-" "Mozilla/5.0 (Windows) mirall/2.6.3 (build 13551)"
82.197.208.58 - - [17/Nov/2020:10:14:11 +0100] "GET /contact+ HTTP/1.1" 200 12 "-" "Python-urllib/3.7"
82.197.208.58 - - [17/Nov/2020:10:14:26 +0100] "GET /contact+ HTTP/1.1" 200 12 "-" "Python-urllib/3.7"
185.250.160.98 - Smartmart [17/Nov/2020:10:14:30 +0100] "PROPFIND /about-us HTTP/1.1" 207 334 "-" "Mozilla/5.0 (Windows) mirall/2.6.3 (build 13551)"
82.197.208.58 - - [17/Nov/2020:10:14:41 +0100] "GET /contact+ HTTP/1.1" 200 12 "-" "Python-urllib/3.7"
82.197.208.58 - - [17/Nov/2020:10:14:56 +0100] "GET /contact+ HTTP/1.1" 200 12 "-" "Python-urllib/3.7"
185.250.160.98 - Smartmart [17/Nov/2020:10:15:00 +0100] "PROPFIND /about-us HTTP/1.1" 207 334 "-" "Mozilla/5.0 (Windows) mirall/2.6.3 (build 13551)"
82.197.208.58 - - [17/Nov/2020:10:15:11 +0100] "GET /contact+ HTTP/1.1" 200 12 "-" "Python-urllib/3.7"
82.197.208.58 - - [17/Nov/2020:10:15:26 +0100] "GET /contact+ HTTP/1.1" 200 12 "-" "Python-urllib/3.7"
185.250.160.98 - Smartmart [17/Nov/2020:10:15:30 +0100] "PROPFIND /about-us HTTP/1.1" 207 334 "-" "Mozilla/5.0 (Windows) mirall/2.6.3 (build 13551)"
82.197.208.58 - - [17/Nov/2020:10:15:42 +0100] "GET /contact+ HTTP/1.1" 200 12 "-" "Python-urllib/3.7"
185.227.74.198 - - [17/Nov/2020:10:15:53 +0100] "GET /index.php/204 HTTP/1.1" 502 166 "-" "Mozilla/5.0 (Android) Nextcloud-android/3.13.1"
82.197.208.58 - - [17/Nov/2020:10:15:57 +0100] "GET /contact+ HTTP/1.1" 200 12 "-" "Python-urllib/3.7"
185.250.160.98 - Smartmart [17/Nov/2020:10:16:00 +0100] "PROPFIND /about-us HTTP/1.1" 207 334 "-" "Mozilla/5.0 (Windows) mirall/2.6.3 (build 13551)"
82.197.208.58 - - [17/Nov/2020:10:16:12 +0100] "GET /contact+ HTTP/1.1" 200 12 "-" "Python-urllib/3.7"
82.197.208.58 - - [17/Nov/2020:10:16:27 +0100] "GET /contact+ HTTP/1.1" 200 12 "-" "Python-urllib/3.7"
185.250.160.98 - Smartmart [17/Nov/2020:10:16:30 +0100] "PROPFIND /about-us HTTP/1.1" 207 334 "-" "Mozilla/5.0 (Windows) mirall/2.6.3 (build 13551)"
82.197.208.58 - - [17/Nov/2020:10:16:42 +0100] "GET /contact+ HTTP/1.1" 200 12 "-" "Python-urllib/3.7"
82.197.208.58 - - [17/Nov/2020:10:16:57 +0100] "GET /contact+ HTTP/1.1" 200 12 "-" "Python-urllib/3.7"
185.250.160.98 - Smartmart [17/Nov/2020:10:17:00 +0100] "PROPFIND /about-us HTTP/1.1" 207 334 "-" "Mozilla/5.0 (Windows) mirall/2.6.3 (build 13551)"
192.0.102.40 - - [17/Nov/2020:10:17:08 +0100] "HEAD / HTTP/1.1" 200 0 "-" "jetmon/1.0 (Jetpack Site Uptime Monitor by WordPress.com)"
82.197.208.58 - - [17/Nov/2020:10:17:12 +0100] "GET /contact+ HTTP/1.1" 200 12 "-" "Python-urllib/3.7"
82.197.208.58 - - [17/Nov/2020:10:17:27 +0100] "GET /contact+ HTTP/1.1" 200 12 "-" "Python-urllib/3.7"
185.250.160.98 - Smartmart [17/Nov/2020:10:17:30 +0100] "PROPFIND /about-us HTTP/1.1" 207 334 "-" "Mozilla/5.0 (Windows) mirall/2.6.3 (build 13551)"
82.197.208.58 - - [17/Nov/2020:10:17:42 +0100] "GET /contact+ HTTP/1.1" 200 12 "-" "Python-urllib/3.7"
82.197.208.58 - - [17/Nov/2020:10:17:58 +0100] "GET /contact+ HTTP/1.1" 200 12 "-" "Python-urllib/3.7"
185.250.160.98 - Smartmart [17/Nov/2020:10:17:59 +0100] "GET /ocs/v2.php/apps/notifications/api/v1/notifications?format=json HTTP/1.1" 200 108 "-" "Mozilla/5.0 (Windows) mirall/2.6.3 (build 13551)"
185.250.160.98 - Smartmart [17/Nov/2020:10:18:00 +0100] "PROPFIND /about-us HTTP/1.1" 207 334 "-" "Mozilla/5.0 (Windows) mirall/2.6.3 (build 13551)"
82.197.208.58 - - [17/Nov/2020:10:18:13 +0100] "GET /contact+ HTTP/1.1" 200 12 "-" "Python-urllib/3.7"
82.197.208.58 - - [17/Nov/2020:10:18:28 +0100] "GET /contact+ HTTP/1.1" 200 12 "-" "Python-urllib/3.7"
185.250.160.98 - Smartmart [17/Nov/2020:10:18:30 +0100] "PROPFIND /about-us HTTP/1.1" 207 334 "-" "Mozilla/5.0 (Windows) mirall/2.6.3 (build 13551)"
82.197.208.58 - - [17/Nov/2020:10:18:43 +0100] "GET /contact+ HTTP/1.1" 200 12 "-" "Python-urllib/3.7"
82.197.208.58 - - [17/Nov/2020:10:18:58 +0100] "GET /contact+ HTTP/1.1" 200 12 "-" "Python-urllib/3.7"
185.250.160.98 - Smartmart [17/Nov/2020:10:19:00 +0100] "PROPFIND /about-us HTTP/1.1" 207 334 "-" "Mozilla/5.0 (Windows) mirall/2.6.3 (build 13551)"
82.197.208.58 - - [17/Nov/2020:10:19:13 +0100] "GET /contact+ HTTP/1.1" 200 12 "-" "Python-urllib/3.7"
82.197.208.58 - - [17/Nov/2020:10:19:28 +0100] "GET /contact+ HTTP/1.1" 200 12 "-" "Python-urllib/3.7"
185.250.160.98 - Smartmart [17/Nov/2020:10:19:30 +0100] "PROPFIND /about-us HTTP/1.1" 207 334 "-" "Mozilla/5.0 (Windows) mirall/2.6.3 (build 13551)"
82.197.208.58 - - [17/Nov/2020:10:19:43 +0100] "GET /contact+ HTTP/1.1" 200 12 "-" "Python-urllib/3.7"
82.197.208.58 - - [17/Nov/2020:10:19:59 +0100] "GET /contact+ HTTP/1.1" 200 12 "-" "Python-urllib/3.7"
185.250.160.98 - Smartmart [17/Nov/2020:10:20:00 +0100] "PROPFIND /about-us HTTP/1.1" 207 334 "-" "Mozilla/5.0 (Windows) mirall/2.6.3 (build 13551)"
82.197.208.58 - - [17/Nov/2020:10:20:14 +0100] "GET /contact+ HTTP/1.1" 200 12 "-" "Python-urllib/3.7"
82.197.208.58 - - [17/Nov/2020:10:20:29 +0100] "GET /contact+ HTTP/1.1" 200 12 "-" "Python-urllib/3.7"
185.250.160.98 - Smartmart [17/Nov/2020:10:20:30 +0100] "PROPFIND /about-us HTTP/1.1" 207 334 "-" "Mozilla/5.0 (Windows) mirall/2.6.3 (build 13551)"
82.197.208.58 - - [17/Nov/2020:10:20:44 +0100] "GET /contact+ HTTP/1.1" 200 12 "-" "Python-urllib/3.7"
185.227.74.198 - - [17/Nov/2020:10:20:53 +0100] "GET /index.php/204 HTTP/1.1" 502 166 "-" "Mozilla/5.0 (Android) Nextcloud-android/3.13.1"
82.197.208.58 - - [17/Nov/2020:10:20:59 +0100] "GET /contact+ HTTP/1.1" 200 12 "-" "Python-urllib/3.7"
185.250.160.98 - Smartmart [17/Nov/2020:10:21:00 +0100] "PROPFIND /about-us HTTP/1.1" 207 334 "-" "Mozilla/5.0 (Windows) mirall/2.6.3 (build 13551)"
82.197.208.58 - - [17/Nov/2020:10:21:14 +0100] "GET /contact+ HTTP/1.1" 200 12 "-" "Python-urllib/3.7"
82.197.208.58 - - [17/Nov/2020:10:21:29 +0100] "GET /contact+ HTTP/1.1" 200 12 "-" "Python-urllib/3.7"
185.250.160.98 - Smartmart [17/Nov/2020:10:21:30 +0100] "PROPFIND /about-us HTTP/1.1" 207 334 "-" "Mozilla/5.0 (Windows) mirall/2.6.3 (build 13551)"
82.197.208.58 - - [17/Nov/2020:10:21:45 +0100] "GET /contact+ HTTP/1.1" 200 12 "-" "Python-urllib/3.7"
82.197.208.58 - - [17/Nov/2020:10:22:00 +0100] "GET /contact+ HTTP/1.1" 200 12 "-" "Python-urllib/3.7"
185.250.160.98 - Smartmart [17/Nov/2020:10:22:00 +0100] "PROPFIND /about-us HTTP/1.1" 207 334 "-" "Mozilla/5.0 (Windows) mirall/2.6.3 (build 13551)"
82.197.208.58 - - [17/Nov/2020:10:22:15 +0100] "GET /contact+ HTTP/1.1" 200 12 "-" "Python-urllib/3.7"
82.197.208.58 - - [17/Nov/2020:10:22:16 +0100] "POST /wp-cron.php HTTP/1.1" 499 0 "http://jongerenpanel.frl/wp-cron.php" "WordPress/5.5.3; https://jongerenpanel.frl"
176.9.106.43 - - [17/Nov/2020:10:22:17 +0100] "HEAD / HTTP/1.1" 301 0 "-" "-"
185.250.160.98 - Smartmart [17/Nov/2020:10:22:30 +0100] "PROPFIND /about-us HTTP/1.1" 207 334 "-" "Mozilla/5.0 (Windows) mirall/2.6.3 (build 13551)"
82.197.208.58 - - [17/Nov/2020:10:22:30 +0100] "GET /contact+ HTTP/1.1" 200 12 "-" "Python-urllib/3.7"
82.197.208.58 - - [17/Nov/2020:10:22:45 +0100] "GET /contact+ HTTP/1.1" 200 12 "-" "Python-urllib/3.7"
185.250.160.98 - Smartmart [17/Nov/2020:10:22:59 +0100] "GET /ocs/v2.php/apps/notifications/api/v1/notifications?format=json HTTP/1.1" 200 108 "-" "Mozilla/5.0 (Windows) mirall/2.6.3 (build 13551)"
185.250.160.98 - Smartmart [17/Nov/2020:10:23:00 +0100] "PROPFIND /about-us HTTP/1.1" 207 334 "-" "Mozilla/5.0 (Windows) mirall/2.6.3 (build 13551)"
82.197.208.58 - - [17/Nov/2020:10:23:00 +0100] "GET /contact+ HTTP/1.1" 200 12 "-" "Python-urllib/3.7"
82.197.208.58 - - [17/Nov/2020:10:23:15 +0100] "GET /contact+ HTTP/1.1" 200 12 "-" "Python-urllib/3.7"
185.250.160.98 - Smartmart [17/Nov/2020:10:23:30 +0100] "PROPFIND /about-us HTTP/1.1" 207 334 "-" "Mozilla/5.0 (Windows) mirall/2.6.3 (build 13551)"
82.197.208.58 - - [17/Nov/2020:10:23:31 +0100] "GET /contact+ HTTP/1.1" 200 12 "-" "Python-urllib/3.7"
82.197.208.58 - - [17/Nov/2020:10:23:46 +0100] "GET /contact+ HTTP/1.1" 200 12 "-" "Python-urllib/3.7"
220.133.179.80 - - [17/Nov/2020:10:23:55 +0100] "GET / HTTP/1.1" 444 0 "-" "Mozilla/5.0"
185.250.160.98 - Smartmart [17/Nov/2020:10:24:00 +0100] "PROPFIND /about-us HTTP/1.1" 207 334 "-" "Mozilla/5.0 (Windows) mirall/2.6.3 (build 13551)"
82.197.208.58 - - [17/Nov/2020:10:24:01 +0100] "GET /contact+ HTTP/1.1" 200 12 "-" "Python-urllib/3.7"
82.197.208.58 - - [17/Nov/2020:10:24:16 +0100] "GET /contact+ HTTP/1.1" 200 12 "-" "Python-urllib/3.7"
2.57.122.186 - - [17/Nov/2020:10:24:20 +0100] "GET /config/getuser?index=0 HTTP/1.1" 444 0 "-" "Mozilla/5.0 (X11; Ubuntu; Linux x86_64; rv:76.0) Gecko/20100101 Firefox/76.0"
185.250.160.98 - Smartmart [17/Nov/2020:10:24:30 +0100] "PROPFIND /about-us HTTP/1.1" 207 334 "-" "Mozilla/5.0 (Windows) mirall/2.6.3 (build 13551)"
82.197.208.58 - - [17/Nov/2020:10:24:31 +0100] "GET /contact+ HTTP/1.1" 200 12 "-" "Python-urllib/3.7"
82.197.208.58 - - [17/Nov/2020:10:24:46 +0100] "GET /contact+ HTTP/1.1" 200 12 "-" "Python-urllib/3.7"
192.0.102.40 - - [17/Nov/2020:10:24:56 +0100] "HEAD / HTTP/1.1" 200 0 "-" "jetmon/1.0 (Jetpack Site Uptime Monitor by WordPress.com)"
185.250.160.98 - Smartmart [17/Nov/2020:10:25:00 +0100] "PROPFIND /about-us HTTP/1.1" 207 334 "-" "Mozilla/5.0 (Windows) mirall/2.6.3 (build 13551)"
82.197.208.58 - - [17/Nov/2020:10:25:01 +0100] "GET /contact+ HTTP/1.1" 200 12 "-" "Python-urllib/3.7"
82.197.208.58 - - [17/Nov/2020:10:25:16 +0100] "GET /contact+ HTTP/1.1" 200 12 "-" "Python-urllib/3.7"
185.250.160.98 - Smartmart [17/Nov/2020:10:25:30 +0100] "PROPFIND /about-us HTTP/1.1" 207 334 "-" "Mozilla/5.0 (Windows) mirall/2.6.3 (build 13551)"
82.197.208.58 - - [17/Nov/2020:10:25:32 +0100] "GET /contact+ HTTP/1.1" 200 12 "-" "Python-urllib/3.7"
82.197.208.58 - - [17/Nov/2020:10:25:47 +0100] "GET /contact+ HTTP/1.1" 200 12 "-" "Python-urllib/3.7"
185.250.160.98 - Smartmart [17/Nov/2020:10:26:00 +0100] "PROPFIND /about-us HTTP/1.1" 207 334 "-" "Mozilla/5.0 (Windows) mirall/2.6.3 (build 13551)"
82.197.208.58 - - [17/Nov/2020:10:26:02 +0100] "GET /contact+ HTTP/1.1" 200 12 "-" "Python-urllib/3.7"
178.62.31.152 - - [17/Nov/2020:10:26:13 +0100] "GET /wp-login.php HTTP/1.1" 200 4367 "-" "Mozilla/5.0 (X11; Ubuntu; Linux x86_64; rv:62.0) Gecko/20100101 Firefox/62.0"
178.62.31.152 - - [17/Nov/2020:10:26:14 +0100] "POST /wp-login.php HTTP/1.1" 200 4367 "-" "Mozilla/5.0 (X11; Ubuntu; Linux x86_64; rv:62.0) Gecko/20100101 Firefox/62.0"
178.62.31.152 - - [17/Nov/2020:10:26:15 +0100] "POST /xmlrpc.php HTTP/1.1" 200 256 "-" "Mozilla/5.0 (X11; Ubuntu; Linux x86_64; rv:62.0) Gecko/20100101 Firefox/62.0"
82.197.208.58 - - [17/Nov/2020:10:26:17 +0100] "GET /contact+ HTTP/1.1" 200 12 "-" "Python-urllib/3.7"
185.250.160.98 - Smartmart [17/Nov/2020:10:26:30 +0100] "PROPFIND /about-us HTTP/1.1" 207 334 "-" "Mozilla/5.0 (Windows) mirall/2.6.3 (build 13551)"
82.197.208.58 - - [17/Nov/2020:10:26:32 +0100] "GET /contact+ HTTP/1.1" 200 12 "-" "Python-urllib/3.7"
82.197.208.58 - - [17/Nov/2020:10:26:47 +0100] "GET /contact+ HTTP/1.1" 200 12 "-" "Python-urllib/3.7"
185.250.160.98 - Smartmart [17/Nov/2020:10:27:00 +0100] "PROPFIND /about-us HTTP/1.1" 207 334 "-" "Mozilla/5.0 (Windows) mirall/2.6.3 (build 13551)"
82.197.208.58 - - [17/Nov/2020:10:27:02 +0100] "GET /contact+ HTTP/1.1" 200 12 "-" "Python-urllib/3.7"
82.197.208.58 - - [17/Nov/2020:10:27:17 +0100] "GET /contact+ HTTP/1.1" 200 12 "-" "Python-urllib/3.7"
185.250.160.98 - Smartmart [17/Nov/2020:10:27:30 +0100] "PROPFIND /about-us HTTP/1.1" 207 334 "-" "Mozilla/5.0 (Windows) mirall/2.6.3 (build 13551)"
82.197.208.58 - - [17/Nov/2020:10:27:33 +0100] "GET /contact+ HTTP/1.1" 200 12 "-" "Python-urllib/3.7"
82.197.208.58 - - [17/Nov/2020:10:27:48 +0100] "GET /contact+ HTTP/1.1" 200 12 "-" "Python-urllib/3.7"
185.250.160.98 - Smartmart [17/Nov/2020:10:27:59 +0100] "GET /ocs/v2.php/apps/notifications/api/v1/notifications?format=json HTTP/1.1" 200 108 "-" "Mozilla/5.0 (Windows) mirall/2.6.3 (build 13551)"
185.250.160.98 - Smartmart [17/Nov/2020:10:28:00 +0100] "PROPFIND /about-us HTTP/1.1" 207 334 "-" "Mozilla/5.0 (Windows) mirall/2.6.3 (build 13551)"
82.197.208.58 - - [17/Nov/2020:10:28:03 +0100] "GET /contact+ HTTP/1.1" 200 12 "-" "Python-urllib/3.7"
82.197.208.58 - - [17/Nov/2020:10:28:18 +0100] "GET /contact+ HTTP/1.1" 200 12 "-" "Python-urllib/3.7"
185.250.160.98 - Smartmart [17/Nov/2020:10:28:30 +0100] "PROPFIND /about-us HTTP/1.1" 207 334 "-" "Mozilla/5.0 (Windows) mirall/2.6.3 (build 13551)"
82.197.208.58 - - [17/Nov/2020:10:28:33 +0100] "GET /contact+ HTTP/1.1" 200 12 "-" "Python-urllib/3.7"
82.197.208.58 - - [17/Nov/2020:10:28:48 +0100] "GET /contact+ HTTP/1.1" 200 12 "-" "Python-urllib/3.7"
185.250.160.98 - Smartmart [17/Nov/2020:10:29:00 +0100] "PROPFIND /about-us HTTP/1.1" 207 334 "-" "Mozilla/5.0 (Windows) mirall/2.6.3 (build 13551)"
82.197.208.58 - - [17/Nov/2020:10:29:03 +0100] "GET /contact+ HTTP/1.1" 200 12 "-" "Python-urllib/3.7"
13.66.139.98 - - [17/Nov/2020:10:29:18 +0100] "GET /wp-content/uploads/2018/05/buiging-1200x800.jpg HTTP/1.1" 200 194046 "-" "Mozilla/5.0 (compatible; bingbot/2.0; +http://www.bing.com/bingbot.htm)"
82.197.208.58 - - [17/Nov/2020:10:29:18 +0100] "GET /contact+ HTTP/1.1" 200 12 "-" "Python-urllib/3.7"
185.250.160.98 - Smartmart [17/Nov/2020:10:29:30 +0100] "PROPFIND /about-us HTTP/1.1" 207 334 "-" "Mozilla/5.0 (Windows) mirall/2.6.3 (build 13551)"
82.197.208.58 - - [17/Nov/2020:10:29:34 +0100] "GET /contact+ HTTP/1.1" 200 12 "-" "Python-urllib/3.7"
82.197.208.58 - - [17/Nov/2020:10:29:49 +0100] "GET /contact+ HTTP/1.1" 200 12 "-" "Python-urllib/3.7"
185.250.160.98 - Smartmart [17/Nov/2020:10:30:00 +0100] "PROPFIND /about-us HTTP/1.1" 207 334 "-" "Mozilla/5.0 (Windows) mirall/2.6.3 (build 13551)"
82.197.208.58 - - [17/Nov/2020:10:30:04 +0100] "GET /contact+ HTTP/1.1" 200 12 "-" "Python-urllib/3.7"
82.197.208.58 - - [17/Nov/2020:10:30:19 +0100] "GET /contact+ HTTP/1.1" 200 12 "-" "Python-urllib/3.7"
185.250.160.98 - Smartmart [17/Nov/2020:10:30:30 +0100] "PROPFIND /about-us HTTP/1.1" 207 334 "-" "Mozilla/5.0 (Windows) mirall/2.6.3 (build 13551)"
82.197.208.58 - - [17/Nov/2020:10:30:34 +0100] "GET /contact+ HTTP/1.1" 200 12 "-" "Python-urllib/3.7"
82.197.208.58 - - [17/Nov/2020:10:30:49 +0100] "GET /contact+ HTTP/1.1" 200 12 "-" "Python-urllib/3.7"
185.250.160.98 - Smartmart [17/Nov/2020:10:31:00 +0100] "PROPFIND /about-us HTTP/1.1" 207 334 "-" "Mozilla/5.0 (Windows) mirall/2.6.3 (build 13551)"
82.197.208.58 - - [17/Nov/2020:10:31:05 +0100] "GET /contact+ HTTP/1.1" 200 12 "-" "Python-urllib/3.7"
82.197.208.58 - - [17/Nov/2020:10:31:20 +0100] "GET /contact+ HTTP/1.1" 200 12 "-" "Python-urllib/3.7"
185.250.160.98 - Smartmart [17/Nov/2020:10:31:30 +0100] "PROPFIND /about-us HTTP/1.1" 207 334 "-" "Mozilla/5.0 (Windows) mirall/2.6.3 (build 13551)"
82.197.208.58 - - [17/Nov/2020:10:31:35 +0100] "GET /contact+ HTTP/1.1" 200 12 "-" "Python-urllib/3.7"
82.197.208.58 - - [17/Nov/2020:10:31:50 +0100] "GET /contact+ HTTP/1.1" 200 12 "-" "Python-urllib/3.7"
185.250.160.98 - Smartmart [17/Nov/2020:10:32:00 +0100] "PROPFIND /about-us HTTP/1.1" 207 334 "-" "Mozilla/5.0 (Windows) mirall/2.6.3 (build 13551)"
82.197.208.58 - - [17/Nov/2020:10:32:05 +0100] "GET /contact+ HTTP/1.1" 200 12 "-" "Python-urllib/3.7"
82.197.208.58 - - [17/Nov/2020:10:32:20 +0100] "GET /contact+ HTTP/1.1" 200 12 "-" "Python-urllib/3.7"
185.250.160.98 - Smartmart [17/Nov/2020:10:32:30 +0100] "PROPFIND /about-us HTTP/1.1" 207 334 "-" "Mozilla/5.0 (Windows) mirall/2.6.3 (build 13551)"
82.197.208.58 - - [17/Nov/2020:10:32:35 +0100] "GET /contact+ HTTP/1.1" 200 12 "-" "Python-urllib/3.7"
192.0.102.40 - - [17/Nov/2020:10:32:43 +0100] "HEAD / HTTP/1.1" 200 0 "-" "jetmon/1.0 (Jetpack Site Uptime Monitor by WordPress.com)"
82.197.208.58 - - [17/Nov/2020:10:32:50 +0100] "GET /contact+ HTTP/1.1" 200 12 "-" "Python-urllib/3.7"
185.250.160.98 - Smartmart [17/Nov/2020:10:32:59 +0100] "GET /ocs/v2.php/apps/notifications/api/v1/notifications?format=json HTTP/1.1" 200 108 "-" "Mozilla/5.0 (Windows) mirall/2.6.3 (build 13551)"
185.250.160.98 - Smartmart [17/Nov/2020:10:33:00 +0100] "PROPFIND /about-us HTTP/1.1" 207 334 "-" "Mozilla/5.0 (Windows) mirall/2.6.3 (build 13551)"
82.197.208.58 - - [17/Nov/2020:10:33:05 +0100] "GET /contact+ HTTP/1.1" 200 12 "-" "Python-urllib/3.7"
82.197.208.58 - - [17/Nov/2020:10:33:20 +0100] "GET /contact+ HTTP/1.1" 200 12 "-" "Python-urllib/3.7"
185.250.160.98 - Smartmart [17/Nov/2020:10:33:30 +0100] "PROPFIND /about-us HTTP/1.1" 207 334 "-" "Mozilla/5.0 (Windows) mirall/2.6.3 (build 13551)"
82.197.208.58 - - [17/Nov/2020:10:33:36 +0100] "GET /contact+ HTTP/1.1" 200 12 "-" "Python-urllib/3.7"
82.197.208.58 - - [17/Nov/2020:10:33:51 +0100] "GET /contact+ HTTP/1.1" 200 12 "-" "Python-urllib/3.7"
185.250.160.98 - Smartmart [17/Nov/2020:10:34:00 +0100] "PROPFIND /about-us HTTP/1.1" 207 334 "-" "Mozilla/5.0 (Windows) mirall/2.6.3 (build 13551)"
82.197.208.58 - - [17/Nov/2020:10:34:06 +0100] "GET /contact+ HTTP/1.1" 200 12 "-" "Python-urllib/3.7"
82.197.208.58 - - [17/Nov/2020:10:34:21 +0100] "GET /contact+ HTTP/1.1" 200 12 "-" "Python-urllib/3.7"
185.250.160.98 - Smartmart [17/Nov/2020:10:34:30 +0100] "PROPFIND /about-us HTTP/1.1" 207 334 "-" "Mozilla/5.0 (Windows) mirall/2.6.3 (build 13551)"
82.197.208.58 - - [17/Nov/2020:10:34:36 +0100] "GET /contact+ HTTP/1.1" 200 12 "-" "Python-urllib/3.7"
82.197.208.58 - - [17/Nov/2020:10:34:51 +0100] "GET /contact+ HTTP/1.1" 200 12 "-" "Python-urllib/3.7"
185.250.160.98 - Smartmart [17/Nov/2020:10:35:00 +0100] "PROPFIND /about-us HTTP/1.1" 207 334 "-" "Mozilla/5.0 (Windows) mirall/2.6.3 (build 13551)"
82.197.208.58 - - [17/Nov/2020:10:35:07 +0100] "GET /contact+ HTTP/1.1" 200 12 "-" "Python-urllib/3.7"
82.197.208.58 - - [17/Nov/2020:10:35:22 +0100] "GET /contact+ HTTP/1.1" 200 12 "-" "Python-urllib/3.7"
185.250.160.98 - Smartmart [17/Nov/2020:10:35:30 +0100] "PROPFIND /about-us HTTP/1.1" 207 334 "-" "Mozilla/5.0 (Windows) mirall/2.6.3 (build 13551)"
82.197.208.58 - - [17/Nov/2020:10:35:37 +0100] "GET /contact+ HTTP/1.1" 200 12 "-" "Python-urllib/3.7"
82.197.208.58 - - [17/Nov/2020:10:35:52 +0100] "GET /contact+ HTTP/1.1" 200 12 "-" "Python-urllib/3.7"
185.227.74.198 - - [17/Nov/2020:10:35:52 +0100] "GET /index.php/204 HTTP/1.1" 502 166 "-" "Mozilla/5.0 (Android) Nextcloud-android/3.13.1"
185.250.160.98 - Smartmart [17/Nov/2020:10:36:00 +0100] "PROPFIND /about-us HTTP/1.1" 207 334 "-" "Mozilla/5.0 (Windows) mirall/2.6.3 (build 13551)"
82.197.208.58 - - [17/Nov/2020:10:36:07 +0100] "GET /contact+ HTTP/1.1" 200 12 "-" "Python-urllib/3.7"
82.197.208.58 - - [17/Nov/2020:10:36:22 +0100] "GET /contact+ HTTP/1.1" 200 12 "-" "Python-urllib/3.7"
185.250.160.98 - Smartmart [17/Nov/2020:10:36:30 +0100] "PROPFIND /about-us HTTP/1.1" 207 334 "-" "Mozilla/5.0 (Windows) mirall/2.6.3 (build 13551)"
82.197.208.58 - - [17/Nov/2020:10:36:37 +0100] "GET /contact+ HTTP/1.1" 200 12 "-" "Python-urllib/3.7"
82.197.208.58 - - [17/Nov/2020:10:36:52 +0100] "GET /contact+ HTTP/1.1" 200 12 "-" "Python-urllib/3.7"
185.250.160.98 - Smartmart [17/Nov/2020:10:37:00 +0100] "PROPFIND /about-us HTTP/1.1" 207 334 "-" "Mozilla/5.0 (Windows) mirall/2.6.3 (build 13551)"
82.197.208.58 - - [17/Nov/2020:10:37:08 +0100] "GET /contact+ HTTP/1.1" 200 12 "-" "Python-urllib/3.7"
82.197.208.58 - - [17/Nov/2020:10:37:23 +0100] "GET /contact+ HTTP/1.1" 200 12 "-" "Python-urllib/3.7"
185.250.160.98 - Smartmart [17/Nov/2020:10:37:30 +0100] "PROPFIND /about-us HTTP/1.1" 207 334 "-" "Mozilla/5.0 (Windows) mirall/2.6.3 (build 13551)"
82.197.208.58 - - [17/Nov/2020:10:37:38 +0100] "GET /contact+ HTTP/1.1" 200 12 "-" "Python-urllib/3.7"
82.197.208.58 - - [17/Nov/2020:10:37:53 +0100] "GET /contact+ HTTP/1.1" 200 12 "-" "Python-urllib/3.7"
185.250.160.98 - Smartmart [17/Nov/2020:10:37:59 +0100] "GET /ocs/v2.php/apps/notifications/api/v1/notifications?format=json HTTP/1.1" 200 108 "-" "Mozilla/5.0 (Windows) mirall/2.6.3 (build 13551)"
185.250.160.98 - Smartmart [17/Nov/2020:10:38:00 +0100] "PROPFIND /about-us HTTP/1.1" 207 334 "-" "Mozilla/5.0 (Windows) mirall/2.6.3 (build 13551)"
82.197.208.58 - - [17/Nov/2020:10:38:08 +0100] "GET /contact+ HTTP/1.1" 200 12 "-" "Python-urllib/3.7"
82.197.208.58 - - [17/Nov/2020:10:38:23 +0100] "GET /contact+ HTTP/1.1" 200 12 "-" "Python-urllib/3.7"
185.250.160.98 - Smartmart [17/Nov/2020:10:38:30 +0100] "PROPFIND /about-us HTTP/1.1" 207 334 "-" "Mozilla/5.0 (Windows) mirall/2.6.3 (build 13551)"
82.197.208.58 - - [17/Nov/2020:10:38:38 +0100] "GET /contact+ HTTP/1.1" 200 12 "-" "Python-urllib/3.7"
82.197.208.58 - - [17/Nov/2020:10:38:53 +0100] "GET /contact+ HTTP/1.1" 200 12 "-" "Python-urllib/3.7"
185.250.160.98 - Smartmart [17/Nov/2020:10:39:00 +0100] "PROPFIND /about-us HTTP/1.1" 207 334 "-" "Mozilla/5.0 (Windows) mirall/2.6.3 (build 13551)"
82.197.208.58 - - [17/Nov/2020:10:39:09 +0100] "GET /contact+ HTTP/1.1" 200 12 "-" "Python-urllib/3.7"
82.197.208.58 - - [17/Nov/2020:10:39:24 +0100] "GET /contact+ HTTP/1.1" 200 12 "-" "Python-urllib/3.7"
185.250.160.98 - Smartmart [17/Nov/2020:10:39:30 +0100] "PROPFIND /about-us HTTP/1.1" 207 334 "-" "Mozilla/5.0 (Windows) mirall/2.6.3 (build 13551)"
82.197.208.58 - - [17/Nov/2020:10:39:39 +0100] "GET /contact+ HTTP/1.1" 200 12 "-" "Python-urllib/3.7"
82.197.208.58 - - [17/Nov/2020:10:39:54 +0100] "GET /contact+ HTTP/1.1" 200 12 "-" "Python-urllib/3.7"
185.250.160.98 - Smartmart [17/Nov/2020:10:40:00 +0100] "PROPFIND /about-us HTTP/1.1" 207 334 "-" "Mozilla/5.0 (Windows) mirall/2.6.3 (build 13551)"
82.197.208.58 - - [17/Nov/2020:10:40:09 +0100] "GET /contact+ HTTP/1.1" 200 12 "-" "Python-urllib/3.7"
192.0.102.40 - - [17/Nov/2020:10:40:22 +0100] "HEAD / HTTP/1.1" 200 0 "-" "jetmon/1.0 (Jetpack Site Uptime Monitor by WordPress.com)"
82.197.208.58 - - [17/Nov/2020:10:40:24 +0100] "GET /contact+ HTTP/1.1" 200 12 "-" "Python-urllib/3.7"
185.250.160.98 - Smartmart [17/Nov/2020:10:40:30 +0100] "PROPFIND /about-us HTTP/1.1" 207 334 "-" "Mozilla/5.0 (Windows) mirall/2.6.3 (build 13551)"
82.197.208.58 - - [17/Nov/2020:10:40:39 +0100] "GET /contact+ HTTP/1.1" 200 12 "-" "Python-urllib/3.7"
185.227.74.198 - - [17/Nov/2020:10:40:53 +0100] "GET /index.php/204 HTTP/1.1" 502 166 "-" "Mozilla/5.0 (Android) Nextcloud-android/3.13.1"
82.197.208.58 - - [17/Nov/2020:10:40:55 +0100] "GET /contact+ HTTP/1.1" 200 12 "-" "Python-urllib/3.7"
185.250.160.98 - Smartmart [17/Nov/2020:10:41:00 +0100] "PROPFIND /about-us HTTP/1.1" 207 334 "-" "Mozilla/5.0 (Windows) mirall/2.6.3 (build 13551)"
82.197.208.58 - - [17/Nov/2020:10:41:10 +0100] "GET /contact+ HTTP/1.1" 200 12 "-" "Python-urllib/3.7"
82.197.208.58 - - [17/Nov/2020:10:41:25 +0100] "GET /contact+ HTTP/1.1" 200 12 "-" "Python-urllib/3.7"
185.250.160.98 - Smartmart [17/Nov/2020:10:41:30 +0100] "PROPFIND /about-us HTTP/1.1" 207 334 "-" "Mozilla/5.0 (Windows) mirall/2.6.3 (build 13551)"
82.197.208.58 - - [17/Nov/2020:10:41:40 +0100] "GET /contact+ HTTP/1.1" 200 12 "-" "Python-urllib/3.7"
82.197.208.58 - - [17/Nov/2020:10:41:55 +0100] "GET /contact+ HTTP/1.1" 200 12 "-" "Python-urllib/3.7"
185.250.160.98 - Smartmart [17/Nov/2020:10:42:00 +0100] "PROPFIND /about-us HTTP/1.1" 207 334 "-" "Mozilla/5.0 (Windows) mirall/2.6.3 (build 13551)"
82.197.208.58 - - [17/Nov/2020:10:42:10 +0100] "GET /contact+ HTTP/1.1" 200 12 "-" "Python-urllib/3.7"
82.197.208.58 - - [17/Nov/2020:10:42:25 +0100] "GET /contact+ HTTP/1.1" 200 12 "-" "Python-urllib/3.7"
185.250.160.98 - Smartmart [17/Nov/2020:10:42:30 +0100] "PROPFIND /about-us HTTP/1.1" 207 334 "-" "Mozilla/5.0 (Windows) mirall/2.6.3 (build 13551)"
82.197.208.58 - - [17/Nov/2020:10:42:40 +0100] "GET /contact+ HTTP/1.1" 200 12 "-" "Python-urllib/3.7"
82.197.208.58 - - [17/Nov/2020:10:42:55 +0100] "GET /contact+ HTTP/1.1" 200 12 "-" "Python-urllib/3.7"
185.250.160.98 - Smartmart [17/Nov/2020:10:42:59 +0100] "GET /ocs/v2.php/apps/notifications/api/v1/notifications?format=json HTTP/1.1" 200 108 "-" "Mozilla/5.0 (Windows) mirall/2.6.3 (build 13551)"
185.250.160.98 - Smartmart [17/Nov/2020:10:43:00 +0100] "PROPFIND /about-us HTTP/1.1" 207 334 "-" "Mozilla/5.0 (Windows) mirall/2.6.3 (build 13551)"
185.250.160.98 - Smartmart [17/Nov/2020:10:43:03 +0100] "PROPFIND /about-us HTTP/1.1" 207 5226 "-" "Mozilla/5.0 (Windows) mirall/2.6.3 (build 13551)"
82.197.208.58 - - [17/Nov/2020:10:43:11 +0100] "GET /contact+ HTTP/1.1" 200 12 "-" "Python-urllib/3.7"
82.197.208.58 - - [17/Nov/2020:10:43:26 +0100] "GET /contact+ HTTP/1.1" 200 12 "-" "Python-urllib/3.7"
82.197.208.58 - - [17/Nov/2020:10:43:41 +0100] "GET /contact+ HTTP/1.1" 200 12 "-" "Python-urllib/3.7"
185.250.160.98 - Smartmart [17/Nov/2020:10:43:54 +0100] "PROPFIND /about-us HTTP/1.1" 207 354 "-" "Mozilla/5.0 (Windows) mirall/2.6.3 (build 13551)"
82.197.208.58 - - [17/Nov/2020:10:43:56 +0100] "GET /contact+ HTTP/1.1" 200 12 "-" "Python-urllib/3.7"
185.250.160.98 - Smartmart [17/Nov/2020:10:44:00 +0100] "PROPFIND /about-us HTTP/1.1" 207 334 "-" "Mozilla/5.0 (Windows) mirall/2.6.3 (build 13551)"
82.197.208.58 - - [17/Nov/2020:10:44:11 +0100] "GET /contact+ HTTP/1.1" 200 12 "-" "Python-urllib/3.7"
82.197.208.58 - - [17/Nov/2020:10:44:26 +0100] "GET /contact+ HTTP/1.1" 200 12 "-" "Python-urllib/3.7"
185.250.160.98 - Smartmart [17/Nov/2020:10:44:30 +0100] "PROPFIND /about-us HTTP/1.1" 207 334 "-" "Mozilla/5.0 (Windows) mirall/2.6.3 (build 13551)"
82.197.208.58 - - [17/Nov/2020:10:44:42 +0100] "GET /contact+ HTTP/1.1" 200 12 "-" "Python-urllib/3.7"
82.197.208.58 - - [17/Nov/2020:10:44:57 +0100] "GET /contact+ HTTP/1.1" 200 12 "-" "Python-urllib/3.7"
185.250.160.98 - Smartmart [17/Nov/2020:10:45:00 +0100] "PROPFIND /about-us HTTP/1.1" 207 334 "-" "Mozilla/5.0 (Windows) mirall/2.6.3 (build 13551)"
82.197.208.58 - - [17/Nov/2020:10:45:12 +0100] "GET /contact+ HTTP/1.1" 200 12 "-" "Python-urllib/3.7"
82.197.208.58 - - [17/Nov/2020:10:45:27 +0100] "GET /contact+ HTTP/1.1" 200 12 "-" "Python-urllib/3.7"
185.250.160.98 - Smartmart [17/Nov/2020:10:45:30 +0100] "PROPFIND /about-us HTTP/1.1" 207 334 "-" "Mozilla/5.0 (Windows) mirall/2.6.3 (build 13551)"
82.197.208.58 - - [17/Nov/2020:10:45:42 +0100] "GET /contact+ HTTP/1.1" 200 12 "-" "Python-urllib/3.7"
82.197.208.58 - - [17/Nov/2020:10:45:57 +0100] "GET /contact+ HTTP/1.1" 200 12 "-" "Python-urllib/3.7"
185.250.160.98 - Smartmart [17/Nov/2020:10:46:00 +0100] "PROPFIND /about-us HTTP/1.1" 207 334 "-" "Mozilla/5.0 (Windows) mirall/2.6.3 (build 13551)"
82.197.208.58 - - [17/Nov/2020:10:46:12 +0100] "GET /contact+ HTTP/1.1" 200 12 "-" "Python-urllib/3.7"
82.197.208.58 - - [17/Nov/2020:10:46:27 +0100] "GET /contact+ HTTP/1.1" 200 12 "-" "Python-urllib/3.7"
185.250.160.98 - Smartmart [17/Nov/2020:10:46:30 +0100] "PROPFIND /about-us HTTP/1.1" 207 334 "-" "Mozilla/5.0 (Windows) mirall/2.6.3 (build 13551)"
82.197.208.58 - - [17/Nov/2020:10:46:42 +0100] "GET /contact+ HTTP/1.1" 200 12 "-" "Python-urllib/3.7"
185.202.2.147 - - [17/Nov/2020:10:46:50 +0100] "\x03\x00\x00/*\xE0\x00\x00\x00\x00\x00Cookie: mstshash=Administr" 400 166 "-" "-"
